 ------------------------------------------------------------------------------------------------------------------------------------------------------- 
| Snapshot                | WNS                  | TNS                  | Density (%) | Hotspot                   | Resource               | DRVs       |
|                         | HEPG (ns) | ALL (ns) | HEPG (ns) | ALL (ns) |             | Max (bins) | Total (bins) | Real (s) | Memory (MB) | Tran | Cap |
|-------------------------+-----------+----------+-----------+----------+-------------+------------+--------------+----------+-------------+------+-----|
| initial_summary         |           |          |           |          |        0.01 |            |              | 0:00:01  |        3874 |    0 |   0 |
| route_type_refinement   |           |          |           |          |             |            |              | 0:00:00  |        3874 |      |     |
| simplify_netlist        |           |          |           |          |             |            |              | 0:00:02  |        3874 |      |     |
| drv_fixing              |           |          |           |          |             |            |              | 0:00:02  |        3874 |      |     |
| global_opt              |           |    0.000 |           |        0 |        0.01 |            |              | 0:00:02  |        3872 |      |     |
| area_reclaiming         |     0.000 |    0.000 |         0 |        0 |        0.01 |            |              | 0:00:02  |        3876 |      |     |
| incremental_replacement |           |          |           |          |             |      11.88 |        11.88 | 0:00:23  |        4006 |      |     |
| tns_fixing              |     0.000 |    0.000 |         0 |        0 |        0.01 |            |              | 0:00:02  |        4095 |      |     |
| wns_fixing              |     0.000 |    0.000 |         0 |        0 |        0.01 |            |              | 0:00:02  |        4094 |      |     |
| tns_fixing_2            |     0.000 |    0.000 |         0 |        0 |        0.01 |            |              | 0:00:02  |        4094 |      |     |
| area_reclaiming_2       |     0.000 |    0.000 |         0 |        0 |        0.01 |            |              | 0:00:02  |        3900 |      |     |
| drv_eco_fixing          |     0.000 |    0.000 |         0 |        0 |        0.01 |            |              | 0:00:01  |        3926 |    0 |   0 |
| tns_eco_fixing          |     0.000 |    0.000 |         0 |        0 |        0.01 |            |              | 0:00:01  |        4146 |      |     |
| final_summary           |           |    0.000 |           |        0 |        0.01 |            |              | 0:00:01  |        3904 |    0 |   0 |
 ------------------------------------------------------------------------------------------------------------------------------------------------------- 
