 --------------------------------------------------------------------------------------------------------------------------- 
| Snapshot                | WNS                  | TNS                  | Density (%) | Resource               | DRVs       |
|                         | HEPG (ns) | ALL (ns) | HEPG (ns) | ALL (ns) |             | Real (s) | Memory (MB) | Tran | Cap |
|-------------------------+-----------+----------+-----------+----------+-------------+----------+-------------+------+-----|
| InitialState            |           |          |           |          |             | 0:00:06  |        4618 |      |     |
| initial_summary         |           |          |           |          |        0.01 | 0:00:01  |        3925 |    0 |   0 |
| route_type_refinement   |           |          |           |          |             | 0:00:00  |        3925 |      |     |
| simplify_netlist        |           |          |           |          |             | 0:00:02  |        3925 |      |     |
| excluded_clk_net_fixing |           |          |           |          |             | 0:00:00  |        3925 |      |     |
| global_opt              |           |    0.000 |           |        0 |        0.01 | 0:00:02  |        3924 |      |     |
| area_reclaiming         |     0.000 |    0.000 |         0 |        0 |        0.01 | 0:00:02  |        3926 |      |     |
| wns_fixing              |     0.000 |    0.000 |         0 |        0 |        0.01 | 0:00:03  |        4121 |      |     |
| tns_fixing              |     0.000 |    0.000 |         0 |        0 |        0.01 | 0:00:02  |        4122 |      |     |
| area_reclaiming_2       |     0.000 |    0.000 |         0 |        0 |        0.01 | 0:00:02  |        3929 |      |     |
| local_wire_reclaim      |           |          |           |          |             | 0:00:02  |        3898 |      |     |
| route_type_refinement_2 |           |          |           |          |             | 0:00:00  |        3944 |      |     |
| drv_eco_fixing          |     0.000 |    0.000 |         0 |        0 |        0.01 | 0:00:01  |        3945 |    0 |   0 |
| tns_eco_fixing          |     0.000 |    0.000 |         0 |        0 |        0.01 | 0:00:01  |        4164 |      |     |
| final_summary           |           |    0.000 |           |        0 |        0.01 | 0:00:01  |        3945 |    0 |   0 |
 --------------------------------------------------------------------------------------------------------------------------- 
