 
****************************************
Report : area
Design : i2c_master_top
Version: U-2022.12
Date   : Tue Jun 16 10:38:46 2026
****************************************

Library(s) Used:

    gtech (File: /eda/synopsys/2022-23/RHELx86/SYN_2022.12/libraries/syn/gtech.db)

Number of ports:                          260
Number of nets:                          1037
Number of cells:                          670
Number of combinational cells:            425
Number of sequential cells:               231
Number of macros/black boxes:               0
Number of buf/inv:                        158
Number of references:                      15

Combinational area:                  0.000000
Buf/Inv area:                        0.000000
Noncombinational area:               0.000000
Macro/Black Box area:                0.000000
Net Interconnect area:      undefined  (No wire load specified)

Total cell area:                     0.000000
Total area:                 undefined

Information: This design contains unmapped logic. (RPT-7)
1
