 ------------------------------------------------------------------------------------------------------------------------------------------------------- 
| Snapshot                | WNS                  | TNS                  | Density (%) | Hotspot                   | Resource               | DRVs       |
|                         | HEPG (ns) | ALL (ns) | HEPG (ns) | ALL (ns) |             | Max (bins) | Total (bins) | Real (s) | Memory (MB) | Tran | Cap |
|-------------------------+-----------+----------+-----------+----------+-------------+------------+--------------+----------+-------------+------+-----|
| initial_summary         |           |          |           |          |        1.27 |            |              | 0:00:01  |        3078 |    2 |   1 |
| route_type_refinement   |           |          |           |          |             |            |              | 0:00:00  |        3082 |      |     |
| simplify_netlist        |           |          |           |          |             |            |              | 0:00:02  |        3098 |      |     |
| excluded_clk_net_fixing |           |          |           |          |             |            |              | 0:00:00  |        3098 |      |     |
| drv_fixing              |     0.000 |    0.000 |         0 |        0 |        1.26 |            |              | 0:00:02  |        3103 |    0 |   0 |
| global_opt              |           |    0.000 |           |        0 |        1.26 |            |              | 0:00:02  |        3102 |      |     |
| area_reclaiming         |     0.000 |    0.000 |         0 |        0 |        1.26 |            |              | 0:00:02  |        3106 |      |     |
| wns_fixing              |     0.000 |    0.000 |         0 |        0 |        1.26 |            |              | 0:00:02  |        3183 |      |     |
| tns_fixing              |     0.000 |    0.000 |         0 |        0 |        1.26 |            |              | 0:00:02  |        3164 |      |     |
| area_reclaiming_2       |     0.000 |    0.000 |         0 |        0 |        1.26 |            |              | 0:00:00  |        3105 |      |     |
| local_wire_reclaim      |           |          |           |          |             |            |              | 0:00:01  |        3085 |      |     |
| global_route            |           |          |           |          |             |       0.00 |         0.00 | 0:00:01  |        3064 |      |     |
| route_type_refinement_2 |           |          |           |          |             |            |              | 0:00:00  |        3064 |      |     |
| drv_eco_fixing          |     0.000 |    0.000 |         0 |        0 |        1.26 |            |              | 0:00:01  |        3084 |    0 |   0 |
| tns_eco_fixing          |     0.000 |    0.000 |         0 |        0 |        1.26 |            |              | 0:00:00  |        3144 |      |     |
| final_summary           |           |    0.000 |           |        0 |        1.26 |            |              | 0:00:01  |        3092 |    0 |   0 |
 ------------------------------------------------------------------------------------------------------------------------------------------------------- 
