 ------------------------------------------------------------------------------------------------------------------------------------------------------- 
| Snapshot                | WNS                  | TNS                  | Density (%) | Hotspot                   | Resource               | DRVs       |
|                         | HEPG (ns) | ALL (ns) | HEPG (ns) | ALL (ns) |             | Max (bins) | Total (bins) | Real (s) | Memory (MB) | Tran | Cap |
|-------------------------+-----------+----------+-----------+----------+-------------+------------+--------------+----------+-------------+------+-----|
| initial_summary         |     9.905 |    9.905 |           |        0 |        1.27 |            |              | 0:00:01  |        3034 |    2 |   1 |
| route_type_refinement   |           |          |           |          |             |            |              | 0:00:01  |        3035 |      |     |
| simplify_netlist        |           |          |           |          |             |            |              | 0:00:01  |        3052 |      |     |
| excluded_clk_net_fixing |           |          |           |          |             |            |              | 0:00:00  |        3052 |      |     |
| drv_fixing              |     9.905 |    9.905 |         0 |        0 |        1.26 |            |              | 0:00:02  |        3040 |    0 |   0 |
| global_opt              |           |    9.905 |           |        0 |        1.26 |            |              | 0:00:02  |        3038 |      |     |
| area_reclaiming         |     9.905 |    9.905 |         0 |        0 |        1.26 |            |              | 0:00:02  |        3040 |      |     |
| area_reclaiming_2       |     9.905 |    9.905 |         0 |        0 |        1.26 |            |              | 0:00:02  |        3040 |      |     |
| local_wire_reclaim      |           |          |           |          |             |            |              | 0:00:01  |        3033 |      |     |
| global_route            |           |          |           |          |             |       0.00 |         0.00 | 0:00:00  |        3035 |      |     |
| route_type_refinement_2 |           |          |           |          |             |            |              | 0:00:00  |        3035 |      |     |
| drv_eco_fixing          |    10.185 |   10.185 |         0 |        0 |        1.26 |            |              | 0:00:00  |        3052 |    0 |   0 |
| final_summary           |    10.185 |   10.185 |           |        0 |        1.26 |            |              | 0:00:02  |        3054 |    0 |   0 |
 ------------------------------------------------------------------------------------------------------------------------------------------------------- 
