/eda/synopsys/2022-23/RHELx86/SYN_2022.12/auxx/gui/dv/dv_setup.tcl
/eda/synopsys/2022-23/RHELx86/SYN_2022.12/auxx/gui/syn/snpsSynProcs.tcl
/eda/synopsys/2022-23/RHELx86/SYN_2022.12/auxx/gui/syn/layout/pkgIndex.tcl
/eda/synopsys/2022-23/RHELx86/SYN_2022.12/auxx/gui/common/propertyEditor/pkgIndex.tcl
/eda/synopsys/2022-23/RHELx86/SYN_2022.12/auxx/gui/common/layout/pkgIndex.tcl
/eda/synopsys/2022-23/RHELx86/SYN_2022.12/auxx/gui/common/menus/pkgIndex.tcl
/eda/synopsys/2022-23/RHELx86/SYN_2022.12/auxx/gui/common/3dmodel/pkgIndex.tcl
/eda/synopsys/2022-23/RHELx86/SYN_2022.12/auxx/gui/common/dialogs/pkgIndex.tcl
/eda/synopsys/2022-23/RHELx86/SYN_2022.12/auxx/gui/common/3dlayout/pkgIndex.tcl
/eda/synopsys/2022-23/RHELx86/SYN_2022.12/auxx/gui/common/qtcl/pkgIndex.tcl
/eda/synopsys/2022-23/RHELx86/SYN_2022.12/auxx/gui/common/rtlxref/pkgIndex.tcl
/eda/synopsys/2022-23/RHELx86/SYN_2022.12/auxx/gui/common/commandform/pkgIndex.tcl
/eda/synopsys/2022-23/RHELx86/SYN_2022.12/auxx/gui/common/opdlg/pkgIndex.tcl
/eda/synopsys/2022-23/RHELx86/SYN_2022.12/auxx/gui/common/hierarchy/pkgIndex.tcl
/eda/synopsys/2022-23/RHELx86/SYN_2022.12/auxx/gui/common/regressionToolkit/pkgIndex.tcl
/eda/synopsys/2022-23/RHELx86/SYN_2022.12/auxx/gui/common/palettegroup/pkgIndex.tcl
/eda/synopsys/2022-23/RHELx86/SYN_2022.12/auxx/gui/common/histogram/pkgIndex.tcl
/eda/synopsys/2022-23/RHELx86/SYN_2022.12/auxx/gui/common/mrupalette/pkgIndex.tcl
/eda/synopsys/2022-23/RHELx86/SYN_2022.12/auxx/gui/common/tq/pkgIndex.tcl
/eda/synopsys/2022-23/RHELx86/SYN_2022.12/auxx/gui/common/hierAttrView/pkgIndex.tcl
/eda/synopsys/2022-23/RHELx86/SYN_2022.12/auxx/gui/common/acg/pkgIndex.tcl
/eda/synopsys/2022-23/RHELx86/SYN_2022.12/auxx/gui/common/schematic/pkgIndex.tcl
/eda/synopsys/2022-23/RHELx86/SYN_2022.12/auxx/gui/common/tiledview/pkgIndex.tcl
/eda/synopsys/2022-23/RHELx86/SYN_2022.12/auxx/gui/common/setup/pkgIndex.tcl
/eda/synopsys/2022-23/RHELx86/SYN_2022.12/auxx/gui/common/taskassistant/pkgIndex.tcl
/eda/synopsys/2022-23/RHELx86/SYN_2022.12/auxx/gui/common/libviewer/pkgIndex.tcl
/eda/synopsys/2022-23/RHELx86/SYN_2022.12/auxx/gui/common/highlight/pkgIndex.tcl
/eda/synopsys/2022-23/RHELx86/SYN_2022.12/auxx/gui/common/strokes/pkgIndex.tcl
/eda/synopsys/2022-23/RHELx86/SYN_2022.12/auxx/gui/common/tcl-dp/pkgIndex.tcl
/eda/synopsys/2022-23/RHELx86/SYN_2022.12/auxx/gui/common/utable/pkgIndex.tcl
/eda/synopsys/2022-23/RHELx86/SYN_2022.12/auxx/gui/common/timing/pkgIndex.tcl
/eda/synopsys/2022-23/RHELx86/SYN_2022.12/auxx/gui/common/docBrowser/pkgIndex.tcl
/eda/synopsys/2022-23/RHELx86/SYN_2022.12/auxx/gui/common/select/pkgIndex.tcl
/eda/synopsys/2022-23/RHELx86/SYN_2022.12/auxx/gui/common/WindowFrameWork/pkgIndex.tcl
/eda/synopsys/2022-23/RHELx86/SYN_2022.12/auxx/gui/common/view/pkgIndex.tcl
/eda/synopsys/2022-23/RHELx86/SYN_2022.12/auxx/gui/common/misc/pkgIndex.tcl
/eda/synopsys/2022-23/RHELx86/SYN_2022.12/auxx/gui/common/table/pkgIndex.tcl
/eda/synopsys/2022-23/RHELx86/SYN_2022.12/auxx/gui/common/3dic/pkgIndex.tcl
/eda/synopsys/2022-23/RHELx86/SYN_2022.12/auxx/gui/dv/pkgIndex.tcl
/eda/synopsys/2022-23/RHELx86/SYN_2022.12/auxx/syn/lib/pkgIndex.tcl
/eda/synopsys/2022-23/RHELx86/SYN_2022.12/auxx/tcllib/lib/iwidgets4.1/pkgIndex.tcl
/eda/synopsys/2022-23/RHELx86/SYN_2022.12/auxx/tcllib/lib/itcl4.2.1/pkgIndex.tcl
/eda/synopsys/2022-23/RHELx86/SYN_2022.12/auxx/tcllib/snps_tcl/snpsTclPro/pkgIndex.tcl
/eda/synopsys/2022-23/RHELx86/SYN_2022.12/auxx/tcllib/snps_tcl/snpsTest/pkgIndex.tcl
/eda/synopsys/2022-23/RHELx86/SYN_2022.12/auxx/tcllib/snps_tcl/snpsUtils/pkgIndex.tcl
/eda/synopsys/2022-23/RHELx86/SYN_2022.12/auxx/tcllib/snps_tcl/pkgIndex.tcl
/eda/synopsys/2022-23/RHELx86/SYN_2022.12/auxx/tcllib/lib/tcl8.6/dde/pkgIndex.tcl
/eda/synopsys/2022-23/RHELx86/SYN_2022.12/auxx/tcllib/lib/tcl8.6/http1.0/pkgIndex.tcl
/eda/synopsys/2022-23/RHELx86/SYN_2022.12/auxx/tcllib/lib/tcl8.6/reg/pkgIndex.tcl
/eda/synopsys/2022-23/RHELx86/SYN_2022.12/auxx/tcllib/lib/tcl8.6/msgcat/pkgIndex.tcl
/eda/synopsys/2022-23/RHELx86/SYN_2022.12/auxx/tcllib/lib/tcl8.6/http/pkgIndex.tcl
/eda/synopsys/2022-23/RHELx86/SYN_2022.12/auxx/tcllib/lib/tcl8.6/platform/pkgIndex.tcl
/eda/synopsys/2022-23/RHELx86/SYN_2022.12/auxx/tcllib/lib/tcl8.6/tcltest/pkgIndex.tcl
/eda/synopsys/2022-23/RHELx86/SYN_2022.12/auxx/tcllib/lib/tcl8.6/opt/pkgIndex.tcl
/eda/synopsys/2022-23/RHELx86/SYN_2022.12/auxx/gui/common/setup/snpsCommonSetup.tcl
/eda/synopsys/2022-23/RHELx86/SYN_2022.12/auxx/gui/common/setup/snpsCustomize.tcl
/eda/synopsys/2022-23/RHELx86/SYN_2022.12/auxx/gui/common/setup/snpsProcheck.tcl
/eda/synopsys/2022-23/RHELx86/SYN_2022.12/auxx/gui/common/misc/base.tcl
/eda/synopsys/2022-23/RHELx86/SYN_2022.12/auxx/gui/common/misc/timing.tcl
/eda/synopsys/2022-23/RHELx86/SYN_2022.12/auxx/gui/common/misc/setting.tcl
/eda/synopsys/2022-23/RHELx86/SYN_2022.12/auxx/gui/common/misc/preset.tcl
/eda/synopsys/2022-23/RHELx86/SYN_2022.12/auxx/gui/common/WindowFrameWork/windowFrameWork.tcl
/eda/synopsys/2022-23/RHELx86/SYN_2022.12/auxx/gui/common/WindowFrameWork/skipBusyCursorCmdList.tcl
/eda/synopsys/2022-23/RHELx86/SYN_2022.12/auxx/gui/common/qtcl/.synopsys_qtcl.tcl
/eda/synopsys/2022-23/RHELx86/SYN_2022.12/auxx/gui/common/highlight/highlight.tcl
/eda/synopsys/2022-23/RHELx86/SYN_2022.12/auxx/gui/common/palettegroup/palettegroup.tcl
/eda/synopsys/2022-23/RHELx86/SYN_2022.12/auxx/gui/common/commandform/commandform.tcl
/eda/synopsys/2022-23/RHELx86/SYN_2022.12/auxx/gui/common/tiledview/tiledview.tcl
/eda/synopsys/2022-23/RHELx86/SYN_2022.12/auxx/gui/common/docBrowser/docBrowser.tcl
/eda/synopsys/2022-23/RHELx86/SYN_2022.12/auxx/tcllib/snps_tcl/snpsUtils/snpsUtils.tcl
/eda/synopsys/2022-23/RHELx86/SYN_2022.12/auxx/gui/common/dialogs/ObjectChooser.tcl
/eda/synopsys/2022-23/RHELx86/SYN_2022.12/auxx/gui/common/misc/DialogObjectChooser.tcl
/eda/synopsys/2022-23/RHELx86/SYN_2022.12/auxx/gui/common/dialogs/HistBinInformation.tcl
/eda/synopsys/2022-23/RHELx86/SYN_2022.12/auxx/gui/common/dialogs/HistBin1Information.tcl
/eda/synopsys/2022-23/RHELx86/SYN_2022.12/auxx/gui/common/dialogs/BinsOnlyInformation.tcl
/eda/synopsys/2022-23/RHELx86/SYN_2022.12/auxx/gui/common/dialogs/FileChooser.tcl
/eda/synopsys/2022-23/RHELx86/SYN_2022.12/auxx/gui/common/dialogs/PathPinSimpleInfo.tcl
/eda/synopsys/2022-23/RHELx86/SYN_2022.12/auxx/gui/common/dialogs/PathsBasicInfo.tcl
/eda/synopsys/2022-23/RHELx86/SYN_2022.12/auxx/gui/common/dialogs/PathsBasicSimpleInfo.tcl
/eda/synopsys/2022-23/RHELx86/SYN_2022.12/auxx/gui/common/dialogs/SlctOperationInfo.tcl
/eda/synopsys/2022-23/RHELx86/SYN_2022.12/auxx/gui/common/dialogs/ObjectListInfo.tcl
/eda/synopsys/2022-23/RHELx86/SYN_2022.12/auxx/gui/common/dialogs/FanInOutInfo.tcl
/eda/synopsys/2022-23/RHELx86/SYN_2022.12/auxx/gui/common/dialogs/NumberOfLevelsChooser.tcl
/eda/synopsys/2022-23/RHELx86/SYN_2022.12/auxx/gui/common/dialogs/WindowReuseInfo.tcl
/eda/synopsys/2022-23/RHELx86/SYN_2022.12/auxx/gui/common/dialogs/ReportOutputOptionInfo.tcl
/eda/synopsys/2022-23/RHELx86/SYN_2022.12/auxx/gui/common/setup/snpsCollections.tcl
/eda/synopsys/2022-23/RHELx86/SYN_2022.12/auxx/gui/common/dialogs/CompileLinkDesign.tcl
/eda/synopsys/2022-23/RHELx86/SYN_2022.12/auxx/gui/common/histogram/base.tcl
/eda/synopsys/2022-23/RHELx86/SYN_2022.12/auxx/gui/common/histogram/DialogNetCapacitance.tcl
/eda/synopsys/2022-23/RHELx86/SYN_2022.12/auxx/gui/common/schematic/DialogPathSchematicFanInOut.tcl
/eda/synopsys/2022-23/RHELx86/SYN_2022.12/auxx/gui/common/schematic/DialogPathSchematicAddPaths.tcl
/eda/synopsys/2022-23/RHELx86/SYN_2022.12/auxx/gui/common/utable/utable_top.tcl
/eda/synopsys/2022-23/RHELx86/SYN_2022.12/auxx/gui/common/utable/utable.tcl
/eda/synopsys/2022-23/RHELx86/SYN_2022.12/auxx/gui/common/rtlxref/rtlxref.tcl
/eda/synopsys/2022-23/RHELx86/SYN_2022.12/auxx/gui/common/misc/viewmgr.tcl
/eda/synopsys/2022-23/RHELx86/SYN_2022.12/auxx/gui/common/utable/utable_timing.tcl
/eda/synopsys/2022-23/RHELx86/SYN_2022.12/auxx/tcllib/lib/tk8.6/tk.tcl
/eda/synopsys/2022-23/RHELx86/SYN_2022.12/auxx/tcllib/lib/tcl8.6/msgcat/msgcat.tcl
/eda/synopsys/2022-23/RHELx86/SYN_2022.12/auxx/tcllib/lib/tk8.6/icons.tcl
/eda/synopsys/2022-23/RHELx86/SYN_2022.12/auxx/tcllib/lib/tk8.6/button.tcl
/eda/synopsys/2022-23/RHELx86/SYN_2022.12/auxx/tcllib/lib/tk8.6/entry.tcl
/eda/synopsys/2022-23/RHELx86/SYN_2022.12/auxx/tcllib/lib/tk8.6/listbox.tcl
/eda/synopsys/2022-23/RHELx86/SYN_2022.12/auxx/tcllib/lib/tk8.6/menu.tcl
/eda/synopsys/2022-23/RHELx86/SYN_2022.12/auxx/tcllib/lib/tk8.6/panedwindow.tcl
/eda/synopsys/2022-23/RHELx86/SYN_2022.12/auxx/tcllib/lib/tk8.6/scale.tcl
/eda/synopsys/2022-23/RHELx86/SYN_2022.12/auxx/tcllib/lib/tk8.6/scrlbar.tcl
/eda/synopsys/2022-23/RHELx86/SYN_2022.12/auxx/tcllib/lib/tk8.6/spinbox.tcl
/eda/synopsys/2022-23/RHELx86/SYN_2022.12/auxx/tcllib/lib/tk8.6/text.tcl
/eda/synopsys/2022-23/RHELx86/SYN_2022.12/auxx/tcllib/lib/tk8.6/ttk/ttk.tcl
/eda/synopsys/2022-23/RHELx86/SYN_2022.12/auxx/tcllib/lib/tk8.6/ttk/fonts.tcl
/eda/synopsys/2022-23/RHELx86/SYN_2022.12/auxx/tcllib/lib/tk8.6/ttk/cursors.tcl
/eda/synopsys/2022-23/RHELx86/SYN_2022.12/auxx/tcllib/lib/tk8.6/ttk/utils.tcl
/eda/synopsys/2022-23/RHELx86/SYN_2022.12/auxx/tcllib/lib/tk8.6/ttk/button.tcl
/eda/synopsys/2022-23/RHELx86/SYN_2022.12/auxx/tcllib/lib/tk8.6/ttk/menubutton.tcl
/eda/synopsys/2022-23/RHELx86/SYN_2022.12/auxx/tcllib/lib/tk8.6/ttk/scrollbar.tcl
/eda/synopsys/2022-23/RHELx86/SYN_2022.12/auxx/tcllib/lib/tk8.6/ttk/scale.tcl
/eda/synopsys/2022-23/RHELx86/SYN_2022.12/auxx/tcllib/lib/tk8.6/ttk/progress.tcl
/eda/synopsys/2022-23/RHELx86/SYN_2022.12/auxx/tcllib/lib/tk8.6/ttk/notebook.tcl
/eda/synopsys/2022-23/RHELx86/SYN_2022.12/auxx/tcllib/lib/tk8.6/ttk/panedwindow.tcl
/eda/synopsys/2022-23/RHELx86/SYN_2022.12/auxx/tcllib/lib/tk8.6/ttk/entry.tcl
/eda/synopsys/2022-23/RHELx86/SYN_2022.12/auxx/tcllib/lib/tk8.6/ttk/combobox.tcl
/eda/synopsys/2022-23/RHELx86/SYN_2022.12/auxx/tcllib/lib/tk8.6/ttk/spinbox.tcl
/eda/synopsys/2022-23/RHELx86/SYN_2022.12/auxx/tcllib/lib/tk8.6/ttk/treeview.tcl
/eda/synopsys/2022-23/RHELx86/SYN_2022.12/auxx/tcllib/lib/tk8.6/ttk/sizegrip.tcl
/eda/synopsys/2022-23/RHELx86/SYN_2022.12/auxx/tcllib/lib/tk8.6/ttk/defaults.tcl
/eda/synopsys/2022-23/RHELx86/SYN_2022.12/auxx/tcllib/lib/tk8.6/ttk/classicTheme.tcl
/eda/synopsys/2022-23/RHELx86/SYN_2022.12/auxx/tcllib/lib/tk8.6/ttk/altTheme.tcl
/eda/synopsys/2022-23/RHELx86/SYN_2022.12/auxx/tcllib/lib/tk8.6/ttk/clamTheme.tcl
/eda/synopsys/2022-23/RHELx86/SYN_2022.12/auxx/tcllib/lib/tix8.4.3/Init.tcl
/eda/synopsys/2022-23/RHELx86/SYN_2022.12/auxx/tcllib/lib/tix8.4.3/fs.tcl
/eda/synopsys/2022-23/RHELx86/SYN_2022.12/auxx/tcllib/lib/tix8.4.3/Tix.tcl
/eda/synopsys/2022-23/RHELx86/SYN_2022.12/auxx/tcllib/lib/tix8.4.3/Event.tcl
/eda/synopsys/2022-23/RHELx86/SYN_2022.12/auxx/tcllib/lib/tix8.4.3/Balloon.tcl
/eda/synopsys/2022-23/RHELx86/SYN_2022.12/auxx/tcllib/lib/tix8.4.3/BtnBox.tcl
/eda/synopsys/2022-23/RHELx86/SYN_2022.12/auxx/tcllib/lib/tix8.4.3/CObjView.tcl
/eda/synopsys/2022-23/RHELx86/SYN_2022.12/auxx/tcllib/lib/tix8.4.3/ChkList.tcl
/eda/synopsys/2022-23/RHELx86/SYN_2022.12/auxx/tcllib/lib/tix8.4.3/ComboBox.tcl
/eda/synopsys/2022-23/RHELx86/SYN_2022.12/auxx/tcllib/lib/tk8.6/unsupported.tcl
/eda/synopsys/2022-23/RHELx86/SYN_2022.12/auxx/tcllib/lib/tix8.4.3/Compat.tcl
/eda/synopsys/2022-23/RHELx86/SYN_2022.12/auxx/tcllib/lib/tix8.4.3/Console.tcl
/eda/synopsys/2022-23/RHELx86/SYN_2022.12/auxx/tcllib/lib/tix8.4.3/Control.tcl
/eda/synopsys/2022-23/RHELx86/SYN_2022.12/auxx/tcllib/lib/tix8.4.3/DefSchm.tcl
/eda/synopsys/2022-23/RHELx86/SYN_2022.12/auxx/tcllib/lib/tix8.4.3/DialogS.tcl
/eda/synopsys/2022-23/RHELx86/SYN_2022.12/auxx/tcllib/lib/tix8.4.3/DirBox.tcl
/eda/synopsys/2022-23/RHELx86/SYN_2022.12/auxx/tcllib/lib/tix8.4.3/DirDlg.tcl
/eda/synopsys/2022-23/RHELx86/SYN_2022.12/auxx/tcllib/lib/tix8.4.3/DirList.tcl
/eda/synopsys/2022-23/RHELx86/SYN_2022.12/auxx/tcllib/lib/tix8.4.3/DirTree.tcl
/eda/synopsys/2022-23/RHELx86/SYN_2022.12/auxx/tcllib/lib/tix8.4.3/DragDrop.tcl
/eda/synopsys/2022-23/RHELx86/SYN_2022.12/auxx/tcllib/lib/tix8.4.3/DtlList.tcl
/eda/synopsys/2022-23/RHELx86/SYN_2022.12/auxx/tcllib/lib/tix8.4.3/EFileBox.tcl
/eda/synopsys/2022-23/RHELx86/SYN_2022.12/auxx/tcllib/lib/tix8.4.3/EFileDlg.tcl
/eda/synopsys/2022-23/RHELx86/SYN_2022.12/auxx/tcllib/lib/tix8.4.3/FileBox.tcl
/eda/synopsys/2022-23/RHELx86/SYN_2022.12/auxx/tcllib/lib/tix8.4.3/FileCbx.tcl
/eda/synopsys/2022-23/RHELx86/SYN_2022.12/auxx/tcllib/lib/tix8.4.3/FileDlg.tcl
/eda/synopsys/2022-23/RHELx86/SYN_2022.12/auxx/tcllib/lib/tix8.4.3/FileEnt.tcl
/eda/synopsys/2022-23/RHELx86/SYN_2022.12/auxx/tcllib/lib/tix8.4.3/FloatEnt.tcl
/eda/synopsys/2022-23/RHELx86/SYN_2022.12/auxx/tcllib/lib/tix8.4.3/Grid.tcl
/eda/synopsys/2022-23/RHELx86/SYN_2022.12/auxx/tcllib/lib/tix8.4.3/HList.tcl
/eda/synopsys/2022-23/RHELx86/SYN_2022.12/auxx/tcllib/lib/tix8.4.3/HListDD.tcl
/eda/synopsys/2022-23/RHELx86/SYN_2022.12/auxx/tcllib/lib/tix8.4.3/IconView.tcl
/eda/synopsys/2022-23/RHELx86/SYN_2022.12/auxx/tcllib/lib/tix8.4.3/LabEntry.tcl
/eda/synopsys/2022-23/RHELx86/SYN_2022.12/auxx/tcllib/lib/tix8.4.3/LabFrame.tcl
/eda/synopsys/2022-23/RHELx86/SYN_2022.12/auxx/tcllib/lib/tix8.4.3/LabWidg.tcl
/eda/synopsys/2022-23/RHELx86/SYN_2022.12/auxx/tcllib/lib/tix8.4.3/ListNBk.tcl
/eda/synopsys/2022-23/RHELx86/SYN_2022.12/auxx/tcllib/lib/tix8.4.3/Meter.tcl
/eda/synopsys/2022-23/RHELx86/SYN_2022.12/auxx/tcllib/lib/tix8.4.3/MultView.tcl
/eda/synopsys/2022-23/RHELx86/SYN_2022.12/auxx/tcllib/lib/tix8.4.3/NoteBook.tcl
/eda/synopsys/2022-23/RHELx86/SYN_2022.12/auxx/tcllib/lib/tix8.4.3/OldUtil.tcl
/eda/synopsys/2022-23/RHELx86/SYN_2022.12/auxx/tcllib/lib/tix8.4.3/OptMenu.tcl
/eda/synopsys/2022-23/RHELx86/SYN_2022.12/auxx/tcllib/lib/tix8.4.3/PanedWin.tcl
/eda/synopsys/2022-23/RHELx86/SYN_2022.12/auxx/tcllib/lib/tix8.4.3/PopMenu.tcl
/eda/synopsys/2022-23/RHELx86/SYN_2022.12/auxx/tcllib/lib/tix8.4.3/Primitiv.tcl
/eda/synopsys/2022-23/RHELx86/SYN_2022.12/auxx/tcllib/lib/tix8.4.3/ResizeH.tcl
/eda/synopsys/2022-23/RHELx86/SYN_2022.12/auxx/tcllib/lib/tix8.4.3/SGrid.tcl
/eda/synopsys/2022-23/RHELx86/SYN_2022.12/auxx/tcllib/lib/tix8.4.3/SHList.tcl
/eda/synopsys/2022-23/RHELx86/SYN_2022.12/auxx/tcllib/lib/tix8.4.3/SListBox.tcl
/eda/synopsys/2022-23/RHELx86/SYN_2022.12/auxx/tcllib/lib/tix8.4.3/STList.tcl
/eda/synopsys/2022-23/RHELx86/SYN_2022.12/auxx/tcllib/lib/tix8.4.3/SText.tcl
/eda/synopsys/2022-23/RHELx86/SYN_2022.12/auxx/tcllib/lib/tix8.4.3/SWidget.tcl
/eda/synopsys/2022-23/RHELx86/SYN_2022.12/auxx/tcllib/lib/tix8.4.3/SWindow.tcl
/eda/synopsys/2022-23/RHELx86/SYN_2022.12/auxx/tcllib/lib/tix8.4.3/Select.tcl
/eda/synopsys/2022-23/RHELx86/SYN_2022.12/auxx/tcllib/lib/tix8.4.3/Shell.tcl
/eda/synopsys/2022-23/RHELx86/SYN_2022.12/auxx/tcllib/lib/tix8.4.3/SimpDlg.tcl
/eda/synopsys/2022-23/RHELx86/SYN_2022.12/auxx/tcllib/lib/tix8.4.3/StackWin.tcl
/eda/synopsys/2022-23/RHELx86/SYN_2022.12/auxx/tcllib/lib/tix8.4.3/StatBar.tcl
/eda/synopsys/2022-23/RHELx86/SYN_2022.12/auxx/tcllib/lib/tix8.4.3/StdBBox.tcl
/eda/synopsys/2022-23/RHELx86/SYN_2022.12/auxx/tcllib/lib/tix8.4.3/StdShell.tcl
/eda/synopsys/2022-23/RHELx86/SYN_2022.12/auxx/tcllib/lib/tix8.4.3/TList.tcl
/eda/synopsys/2022-23/RHELx86/SYN_2022.12/auxx/tcllib/lib/tix8.4.3/Tree.tcl
/eda/synopsys/2022-23/RHELx86/SYN_2022.12/auxx/tcllib/lib/tix8.4.3/Utils.tcl
/eda/synopsys/2022-23/RHELx86/SYN_2022.12/auxx/tcllib/lib/tix8.4.3/VResize.tcl
/eda/synopsys/2022-23/RHELx86/SYN_2022.12/auxx/tcllib/lib/tix8.4.3/VStack.tcl
/eda/synopsys/2022-23/RHELx86/SYN_2022.12/auxx/tcllib/lib/tix8.4.3/VTree.tcl
/eda/synopsys/2022-23/RHELx86/SYN_2022.12/auxx/tcllib/lib/tix8.4.3/Variable.tcl
/eda/synopsys/2022-23/RHELx86/SYN_2022.12/auxx/tcllib/lib/tix8.4.3/WInfo.tcl
/eda/synopsys/2022-23/RHELx86/SYN_2022.12/auxx/gui/common/tq/snpsTkStyle.tcl
/eda/synopsys/2022-23/RHELx86/SYN_2022.12/auxx/tcllib/lib/tk8.6/palette.tcl
/eda/synopsys/2022-23/RHELx86/SYN_2022.12/auxx/tcllib/lib/itk4.1.0/itk.tcl
/eda/synopsys/2022-23/RHELx86/SYN_2022.12/auxx/tcllib/lib/iwidgets4.1/iwidgets.tcl
/eda/synopsys/2022-23/RHELx86/SYN_2022.12/auxx/gui/common/schematic/base.tcl
/eda/synopsys/2022-23/RHELx86/SYN_2022.12/auxx/gui/common/select/baseInternal.tcl
/eda/synopsys/2022-23/RHELx86/SYN_2022.12/auxx/gui/common/schematic/enable.tcl
/eda/synopsys/2022-23/RHELx86/SYN_2022.12/auxx/gui/common/schematic/netlist.tcl
/eda/synopsys/2022-23/RHELx86/SYN_2022.12/auxx/gui/common/schematic/method.tcl
/eda/synopsys/2022-23/RHELx86/SYN_2022.12/auxx/gui/common/misc/createViewType.tcl
/eda/synopsys/2022-23/RHELx86/SYN_2022.12/auxx/gui/common/misc/GuiMenuEnable.tcl
/eda/synopsys/2022-23/RHELx86/SYN_2022.12/auxx/gui/common/view/view_status.tcl
/eda/synopsys/2022-23/RHELx86/SYN_2022.12/auxx/gui/common/menus/base.tcl
/eda/synopsys/2022-23/RHELx86/SYN_2022.12/auxx/gui/common/misc/viewporthistory.tcl
/eda/synopsys/2022-23/RHELx86/SYN_2022.12/auxx/gui/common/misc/infotip.tcl
/eda/synopsys/2022-23/RHELx86/SYN_2022.12/auxx/gui/common/timing/base.tcl
/eda/synopsys/2022-23/RHELx86/SYN_2022.12/auxx/gui/common/acg/base.tcl
/eda/synopsys/2022-23/RHELx86/SYN_2022.12/auxx/gui/dv/dv_path_cat_view.tcl
/eda/synopsys/2022-23/RHELx86/SYN_2022.12/auxx/gui/common/table/table.tcl
/eda/synopsys/2022-23/RHELx86/SYN_2022.12/auxx/gui/common/table/table_internal.tcl
/eda/synopsys/2022-23/RHELx86/SYN_2022.12/auxx/gui/common/propertyEditor/base.tcl
/users/epkgms/Desktop/khaled/des/i2c_syn_tech/i2c_syn.tcl
/users/epkgms/Desktop/khaled/des/i2c_syn_tech/i2c_master_defines.sv
/users/epkgms/Desktop/khaled/des/i2c_syn_tech/i2c_master_defines.sv
/users/epkgms/Desktop/khaled/des/i2c_syn_tech/i2c_master_defines.sv
/users/epkgms/Desktop/khaled/des/i2c_syn_tech/i2c_master_bit_ctrl.sv
/users/epkgms/Desktop/khaled/des/i2c_syn_tech/i2c_master_byte_ctrl.sv
/users/epkgms/Desktop/khaled/des/i2c_syn_tech/i2c_master_top.sv
/tools/kits/tower/PDK_TS18SL/FS120_STD_Cells_0_18um_2005_12/DW_TOWER_tsl18fs120/2005.12/synopsys/2004.12/models/tsl18fs120_typ.db
/eda/synopsys/2022-23/RHELx86/SYN_2022.12/libraries/syn/dw_foundation.sldb
/eda/synopsys/2022-23/RHELx86/SYN_2022.12/libraries/syn/gtech.db
/eda/synopsys/2022-23/RHELx86/SYN_2022.12/libraries/syn/standard.sldb
/tools/kits/tower/PDK_TS18SL/FS120_STD_Cells_0_18um_2005_12/DW_TOWER_tsl18fs120/2005.12/synopsys/2004.12/models/tsl18fs120_typ.db
/tools/kits/tower/PDK_TS18SL/FS120_STD_Cells_0_18um_2005_12/DW_TOWER_tsl18fs120/2005.12/synopsys/2004.12/models/tsl18fs120_typ.db
/tools/kits/tower/PDK_TS18SL/FS120_STD_Cells_0_18um_2005_12/DW_TOWER_tsl18fs120/2005.12/synopsys/2004.12/models/tsl18fs120_typ.db
/tools/kits/tower/PDK_TS18SL/FS120_STD_Cells_0_18um_2005_12/DW_TOWER_tsl18fs120/2005.12/synopsys/2004.12/models/tsl18fs120_typ.db
/users/epkgms/Desktop/khaled/des/dft/dft.tcl
/users/epkgms/Desktop/khaled/des/dft/dft.tcl
/users/epkgms/Desktop/khaled/des/dft/dft.tcl
/tools/kits/tower/PDK_TS18SL/FS120_STD_Cells_0_18um_2005_12/DW_TOWER_tsl18fs120/2005.12/synopsys/2004.12/models/tsl18fs120_typ.db
