###############################################################
#  Generated by:      Cadence Innovus 23.33-s082_1
#  OS:                Linux x86_64(Host ID vlsi-ria87)
#  Generated on:      Sat Jun 27 16:52:33 2026
#  Design:            top
#  Command:           verify_connectivity
###############################################################
Verify Connectivity Report is created on Sat Jun 27 16:52:33 2026



Net VSS, Pin Pin: PAD_G1/I1/VSSO; Direction: INOUT; Use: GROUND;: has an unconnected terminal at (558.160, 1557.700) (658.160, 1569.400)
Net VSS, Pin Pin: PAD_G3/I1/VSSO; Direction: INOUT; Use: GROUND;: has an unconnected terminal at (1557.700, 675.865) (1569.400, 775.865)
Net VSS, Pin Pin: PAD_G5/I1/VSSO; Direction: INOUT; Use: GROUND;: has an unconnected terminal at (744.525, 230.440) (844.525, 242.140)
Net VSS, Pin Pin: PAD_G7/I1/VSSO; Direction: INOUT; Use: GROUND;: has an unconnected terminal at (230.440, 793.570) (242.140, 893.570)
Net VSS: has special routes with opens at (295.840, 1464.555) (1504.240, 1501.440)
Net VSS: has special routes with opens at (295.840, 1229.145) (1504.240, 1259.630)
Net VSS: has special routes with opens at (295.840, 993.735) (1504.240, 1024.220)
Net VSS: has special routes with opens at (295.840, 725.025) (1504.240, 957.115)
Net VSS: has special routes with opens at (295.840, 528.300) (1504.240, 580.075)
Net VSS: has special routes with opens at (295.840, 295.840) (1504.240, 339.380)
Net VSS: has special routes with opens at (295.840, 1354.150) (1504.240, 1371.495)
Net VSS: has special routes with opens at (295.840, 657.920) (1504.240, 675.380)
Net VSS: has special routes with opens at (295.840, 427.500) (1504.240, 440.180)
Net VSS: has special routes with opens at (295.840, 1124.580) (1504.240, 1136.330)
Net VSS: has special routes with opens at (310.640, 344.205) (1490.260, 350.580)
Net VSS: has special routes with opens at (310.640, 360.300) (1489.440, 361.780)
Net VSS: has special routes with opens at (309.540, 366.825) (1490.300, 378.590)
Net VSS: has special routes with opens at (309.540, 380.855) (1489.440, 384.180)
Net VSS: has special routes with opens at (310.640, 393.200) (1489.440, 395.380)
Net VSS: has special routes with opens at (310.640, 405.100) (1489.440, 406.580)
Net VSS: has special routes with opens at (309.580, 415.210) (1490.300, 424.460)
Net VSS: has special routes with opens at (309.540, 445.235) (1490.260, 452.995)
Net VSS: has special routes with opens at (310.640, 461.100) (1490.260, 462.580)
Net VSS: has special routes with opens at (310.640, 472.300) (1489.440, 473.780)
Net VSS: has special routes with opens at (310.640, 483.500) (1490.300, 487.350)
Net VSS: has special routes with opens at (309.540, 489.615) (1490.300, 501.380)
Net VSS: has special routes with opens at (310.640, 505.900) (1489.440, 507.380)
Net VSS: has special routes with opens at (310.640, 517.100) (1489.440, 518.580)
Net VSS: has special routes with opens at (310.640, 584.300) (1489.440, 585.780)
Net VSS: has special routes with opens at (310.640, 595.500) (1489.440, 596.980)
Net VSS: has special routes with opens at (309.540, 602.235) (1490.300, 608.700)
Net VSS: has special routes with opens at (309.540, 613.500) (1490.300, 619.380)
Net VSS: has special routes with opens at (310.640, 629.100) (1489.440, 630.580)
Net VSS: has special routes with opens at (310.640, 640.300) (1489.440, 641.780)
Net VSS: has special routes with opens at (310.640, 650.585) (1490.300, 652.980)
Net VSS: has special routes with opens at (309.540, 685.100) (1489.440, 688.405)
Net VSS: has special routes with opens at (310.640, 696.300) (1489.440, 697.780)
Net VSS: has special routes with opens at (310.640, 707.500) (1489.440, 708.980)
Net VSS: has special routes with opens at (310.640, 718.700) (1489.440, 720.180)
Net VSS: has special routes with opens at (310.640, 741.100) (1489.440, 742.580)
Net VSS: has special routes with opens at (310.640, 752.300) (1489.440, 753.780)
Net VSS: has special routes with opens at (310.640, 797.100) (1489.440, 798.580)
Net VSS: has special routes with opens at (310.640, 808.300) (1489.440, 809.780)
Net VSS: has special routes with opens at (310.640, 819.500) (1489.440, 820.980)
Net VSS: has special routes with opens at (310.640, 830.700) (1489.440, 832.180)
Net VSS: has special routes with opens at (310.640, 853.100) (1489.440, 854.580)
Net VSS: has special routes with opens at (310.640, 864.300) (1489.440, 865.780)
Net VSS: has special routes with opens at (310.640, 875.500) (1489.440, 876.980)
Net VSS: has special routes with opens at (310.640, 886.700) (1489.440, 888.180)
Net VSS: has special routes with opens at (310.640, 906.055) (1490.260, 912.290)
Net VSS: has special routes with opens at (310.640, 920.300) (1490.260, 923.190)
Net VSS: has special routes with opens at (310.640, 931.500) (1489.440, 932.980)
Net VSS: has special routes with opens at (310.640, 942.700) (1490.300, 948.170)
Net VSS: has special routes with opens at (310.640, 965.100) (1489.440, 967.900)
Net VSS: has special routes with opens at (310.640, 974.980) (1489.440, 979.100)
Net VSS: has special routes with opens at (310.640, 986.180) (1489.440, 990.300)
Net VSS: has special routes with opens at (309.540, 1029.535) (1490.260, 1040.895)
Net VSS: has special routes with opens at (310.640, 1042.080) (1489.440, 1052.510)
Net VSS: has special routes with opens at (310.640, 1047.170) (1489.440, 1057.600)
Net VSS: has special routes with opens at (309.540, 1063.055) (1490.300, 1070.220)
Net VSS: has special routes with opens at (309.540, 1068.660) (1490.300, 1080.330)
Net VSS: has special routes with opens at (310.640, 1086.930) (1489.440, 1092.620)
Net VSS: has special routes with opens at (310.640, 1096.660) (1489.440, 1103.820)
Net VSS: has special routes with opens at (310.640, 1107.860) (1490.300, 1113.930)
Net VSS: has special routes with opens at (309.580, 1118.740) (1489.440, 1124.750)
Net VSS: has special routes with opens at (309.540, 1141.465) (1490.260, 1149.225)
Net VSS: has special routes with opens at (310.640, 1154.080) (1490.260, 1158.600)
Net VSS: has special routes with opens at (310.640, 1165.380) (1489.440, 1170.640)
Net VSS: has special routes with opens at (310.640, 1176.580) (1490.300, 1183.580)
Net VSS: has special routes with opens at (309.540, 1185.845) (1490.300, 1197.610)
Net VSS: has special routes with opens at (310.640, 1198.980) (1489.440, 1201.780)
Net VSS: has special routes with opens at (310.640, 1211.500) (1489.440, 1212.980)
Net VSS: has special routes with opens at (310.640, 1222.700) (1489.440, 1224.180)
Net VSS: has special routes with opens at (309.540, 1264.945) (1490.260, 1276.305)
Net VSS: has special routes with opens at (310.640, 1278.700) (1489.440, 1280.180)
Net VSS: has special routes with opens at (310.640, 1289.900) (1489.440, 1291.380)
Net VSS: has special routes with opens at (309.540, 1298.465) (1490.300, 1304.050)
Net VSS: has special routes with opens at (309.540, 1309.730) (1490.300, 1315.315)
Net VSS: has special routes with opens at (310.640, 1323.500) (1489.440, 1324.980)
Net VSS: has special routes with opens at (310.640, 1334.700) (1489.440, 1336.180)
Net VSS: has special routes with opens at (310.640, 1345.900) (1490.300, 1347.380)
Net VSS: has special routes with opens at (309.540, 1376.875) (1490.260, 1384.635)
Net VSS: has special routes with opens at (310.640, 1390.700) (1490.260, 1394.010)
Net VSS: has special routes with opens at (310.640, 1401.900) (1489.440, 1403.380)
Net VSS: has special routes with opens at (310.640, 1413.100) (1490.300, 1418.990)
Net VSS: has special routes with opens at (309.540, 1421.255) (1490.300, 1427.935)
Net VSS: has special routes with opens at (309.540, 1430.200) (1489.440, 1436.980)
Net VSS: has special routes with opens at (310.640, 1446.700) (1489.440, 1448.180)
Net VSS: has special routes with opens at (310.640, 1457.900) (1489.440, 1459.380)
Net VSS: has special routes with opens at (329.980, 1495.440) (340.020, 1501.440)
Net VSS: has special routes with opens at (352.800, 1495.440) (362.840, 1501.440)
Net VSS: has special routes with opens at (387.975, 1495.440) (398.015, 1501.440)
Net VSS: has special routes with opens at (415.480, 1495.440) (425.520, 1501.440)
Net VSS: has special routes with opens at (428.210, 1495.440) (439.995, 1501.440)
Net VSS: has special routes with opens at (447.685, 1495.440) (457.725, 1501.440)
Net VSS: has special routes with opens at (470.505, 1495.440) (480.545, 1501.440)
Net VSS: has special routes with opens at (505.680, 1495.440) (515.720, 1501.440)
Net VSS: has special routes with opens at (533.185, 1495.440) (543.225, 1501.440)
Net VSS: has special routes with opens at (545.915, 1495.440) (557.700, 1501.440)
Net VSS: has special routes with opens at (560.390, 1495.440) (570.430, 1501.440)
Net VSS: has special routes with opens at (583.210, 1495.440) (593.250, 1501.440)
Net VSS: has special routes with opens at (618.385, 1495.440) (628.425, 1501.440)
Net VSS: has special routes with opens at (645.890, 1495.440) (655.930, 1501.440)
Net VSS: has special routes with opens at (658.620, 1495.440) (670.265, 1501.440)
Net VSS: has special routes with opens at (771.465, 1495.440) (783.110, 1501.440)
Net VSS: has special routes with opens at (790.800, 1495.440) (800.840, 1501.440)
Net VSS: has special routes with opens at (813.620, 1495.440) (823.660, 1501.440)
Net VSS: has special routes with opens at (848.795, 1495.440) (858.835, 1501.440)
Net VSS: has special routes with opens at (876.300, 1495.440) (886.340, 1501.440)
Net VSS: has special routes with opens at (889.030, 1495.440) (900.815, 1501.440)
Net VSS: has special routes with opens at (908.505, 1495.440) (918.545, 1501.440)
Net VSS: has special routes with opens at (931.325, 1495.440) (941.365, 1501.440)
Net VSS: has special routes with opens at (966.500, 1495.440) (976.540, 1501.440)
Net VSS: has special routes with opens at (994.005, 1495.440) (1004.045, 1501.440)
Net VSS: has special routes with opens at (1006.735, 1495.440) (1018.520, 1501.440)
Net VSS: has special routes with opens at (1026.210, 1495.440) (1036.250, 1501.440)
Net VSS: has special routes with opens at (1049.030, 1495.440) (1059.070, 1501.440)
Net VSS: has special routes with opens at (1084.205, 1495.440) (1094.245, 1501.440)
Net VSS: has special routes with opens at (1111.710, 1495.440) (1121.750, 1501.440)
Net VSS: has special routes with opens at (1124.440, 1495.440) (1136.225, 1501.440)
Net VSS: has special routes with opens at (1143.915, 1495.440) (1153.955, 1501.440)
Net VSS: has special routes with opens at (1166.735, 1495.440) (1176.775, 1501.440)
Net VSS: has special routes with opens at (1201.910, 1495.440) (1211.950, 1501.440)
Net VSS: has special routes with opens at (1229.415, 1495.440) (1239.455, 1501.440)
Net VSS: has special routes with opens at (1242.145, 1495.440) (1253.930, 1501.440)
Net VSS: has special routes with opens at (1261.620, 1495.440) (1271.660, 1501.440)
Net VSS: has special routes with opens at (1284.440, 1495.440) (1294.480, 1501.440)
Net VSS: has special routes with opens at (1319.615, 1495.440) (1329.655, 1501.440)
Net VSS: has special routes with opens at (1347.120, 1495.440) (1357.160, 1501.440)
Net VSS: has special routes with opens at (1359.850, 1495.440) (1371.635, 1501.440)
Net VSS: has special routes with opens at (1379.325, 1495.440) (1389.365, 1501.440)
Net VSS: has special routes with opens at (1402.145, 1495.440) (1412.185, 1501.440)
Net VSS: has special routes with opens at (1437.320, 1495.440) (1447.360, 1501.440)
Net VSS: has special routes with opens at (1464.825, 1495.440) (1474.865, 1501.440)
Net VSS: has special routes with opens at (315.170, 295.840) (325.210, 301.840)
Net VSS: has special routes with opens at (342.675, 295.840) (352.715, 301.840)
Net VSS: has special routes with opens at (377.850, 295.840) (387.890, 301.840)
Net VSS: has special routes with opens at (400.670, 295.840) (410.710, 301.840)
Net VSS: has special routes with opens at (418.400, 295.840) (420.380, 301.840)
Net VSS: has special routes with opens at (423.070, 295.840) (433.110, 301.840)
Net VSS: has special routes with opens at (450.575, 295.840) (460.615, 301.840)
Net VSS: has special routes with opens at (485.750, 295.840) (495.790, 301.840)
Net VSS: has special routes with opens at (508.570, 295.840) (518.610, 301.840)
Net VSS: has special routes with opens at (526.300, 295.840) (528.275, 301.840)
Net VSS: has special routes with opens at (530.965, 295.840) (541.005, 301.840)
Net VSS: has special routes with opens at (558.470, 295.840) (568.510, 301.840)
Net VSS: has special routes with opens at (593.645, 295.840) (603.685, 301.840)
Net VSS: has special routes with opens at (616.465, 295.840) (626.505, 301.840)
Net VSS: has special routes with opens at (634.195, 295.840) (636.170, 301.840)
Net VSS: has special routes with opens at (638.860, 295.840) (648.900, 301.840)
Net VSS: has special routes with opens at (666.365, 295.840) (676.405, 301.840)
Net VSS: has special routes with opens at (701.540, 295.840) (711.580, 301.840)
Net VSS: has special routes with opens at (724.360, 295.840) (734.400, 301.840)
Net VSS: has special routes with opens at (742.090, 295.840) (744.065, 301.840)
Net VSS: has special routes with opens at (746.755, 295.840) (756.795, 301.840)
Net VSS: has special routes with opens at (774.260, 295.840) (784.300, 301.840)
Net VSS: has special routes with opens at (809.435, 295.840) (819.475, 301.840)
Net VSS: has special routes with opens at (832.255, 295.840) (842.295, 301.840)
Net VSS: has special routes with opens at (844.985, 295.840) (846.820, 301.840)
Net VSS: has special routes with opens at (948.020, 295.840) (949.855, 301.840)
Net VSS: has special routes with opens at (952.545, 295.840) (962.585, 301.840)
Net VSS: has special routes with opens at (980.050, 295.840) (990.090, 301.840)
Net VSS: has special routes with opens at (1015.225, 295.840) (1025.265, 301.840)
Net VSS: has special routes with opens at (1038.045, 295.840) (1048.085, 301.840)
Net VSS: has special routes with opens at (1055.775, 295.840) (1057.750, 301.840)
Net VSS: has special routes with opens at (1060.440, 295.840) (1070.480, 301.840)
Net VSS: has special routes with opens at (1087.945, 295.840) (1097.985, 301.840)
Net VSS: has special routes with opens at (1123.120, 295.840) (1133.160, 301.840)
Net VSS: has special routes with opens at (1145.940, 295.840) (1155.980, 301.840)
Net VSS: has special routes with opens at (1163.670, 295.840) (1165.645, 301.840)
Net VSS: has special routes with opens at (1168.335, 295.840) (1178.375, 301.840)
Net VSS: has special routes with opens at (1195.840, 295.840) (1205.880, 301.840)
Net VSS: has special routes with opens at (1231.015, 295.840) (1241.055, 301.840)
Net VSS: has special routes with opens at (1253.835, 295.840) (1263.875, 301.840)
Net VSS: has special routes with opens at (1271.565, 295.840) (1273.540, 301.840)
Net VSS: has special routes with opens at (1276.230, 295.840) (1286.270, 301.840)
Net VSS: has special routes with opens at (1303.735, 295.840) (1313.775, 301.840)
Net VSS: has special routes with opens at (1338.910, 295.840) (1348.950, 301.840)
Net VSS: has special routes with opens at (1361.730, 295.840) (1371.770, 301.840)
Net VSS: has special routes with opens at (1379.460, 295.840) (1381.440, 301.840)
Net VSS: has special routes with opens at (1384.130, 295.840) (1394.170, 301.840)
Net VSS: has special routes with opens at (1411.635, 295.840) (1421.675, 301.840)
Net VSS: has special routes with opens at (1446.810, 295.840) (1456.850, 301.840)
Net VSS: has special routes with opens at (1469.630, 295.840) (1479.670, 301.840)
Net VSS: dangling Wire at (310.640, 327.440) (310.640, 327.440) on layer: M1
Net VSS: dangling Wire at (310.640, 338.640) (310.640, 338.640) on layer: M1
Net VSS: dangling Wire at (310.640, 349.840) (310.640, 349.840) on layer: M1
Net VSS: dangling Wire at (1489.440, 349.840) (1489.440, 349.840) on layer: M1
Net VSS: dangling Wire at (310.640, 361.040) (310.640, 361.040) on layer: M1
Net VSS: dangling Wire at (1489.440, 361.040) (1489.440, 361.040) on layer: M1
Net VSS: dangling Wire at (1489.440, 383.440) (1489.440, 383.440) on layer: M1
Net VSS: dangling Wire at (310.640, 394.640) (310.640, 394.640) on layer: M1
Net VSS: dangling Wire at (1489.440, 394.640) (1489.440, 394.640) on layer: M1
Net VSS: dangling Wire at (310.640, 405.840) (310.640, 405.840) on layer: M1
Net VSS: dangling Wire at (1489.440, 405.840) (1489.440, 405.840) on layer: M1
Net VSS: dangling Wire at (310.640, 417.040) (310.640, 417.040) on layer: M1
Net VSS: dangling Wire at (1489.440, 428.240) (1489.440, 428.240) on layer: M1
Net VSS: dangling Wire at (310.640, 461.840) (310.640, 461.840) on layer: M1
Net VSS: dangling Wire at (1489.440, 461.840) (1489.440, 461.840) on layer: M1
Net VSS: dangling Wire at (310.640, 473.040) (310.640, 473.040) on layer: M1
Net VSS: dangling Wire at (1489.440, 473.040) (1489.440, 473.040) on layer: M1
Net VSS: dangling Wire at (310.640, 484.240) (310.640, 484.240) on layer: M1
Net VSS: dangling Wire at (310.640, 506.640) (310.640, 506.640) on layer: M1
Net VSS: dangling Wire at (1489.440, 506.640) (1489.440, 506.640) on layer: M1
Net VSS: dangling Wire at (310.640, 517.840) (310.640, 517.840) on layer: M1
Net VSS: dangling Wire at (1489.440, 517.840) (1489.440, 517.840) on layer: M1
Net VSS: dangling Wire at (1489.440, 529.040) (1489.440, 529.040) on layer: M1
Net VSS: dangling Wire at (1489.440, 540.240) (1489.440, 540.240) on layer: M1
Net VSS: dangling Wire at (310.640, 562.640) (310.640, 562.640) on layer: M1
Net VSS: dangling Wire at (310.640, 573.840) (310.640, 573.840) on layer: M1
Net VSS: dangling Wire at (310.640, 585.040) (310.640, 585.040) on layer: M1
Net VSS: dangling Wire at (1489.440, 585.040) (1489.440, 585.040) on layer: M1
Net VSS: dangling Wire at (310.640, 596.240) (310.640, 596.240) on layer: M1
Net VSS: dangling Wire at (1489.440, 596.240) (1489.440, 596.240) on layer: M1
Net VSS: dangling Wire at (310.640, 629.840) (310.640, 629.840) on layer: M1
Net VSS: dangling Wire at (1489.440, 629.840) (1489.440, 629.840) on layer: M1
Net VSS: dangling Wire at (310.640, 641.040) (310.640, 641.040) on layer: M1
Net VSS: dangling Wire at (1489.440, 641.040) (1489.440, 641.040) on layer: M1
Net VSS: dangling Wire at (310.640, 652.240) (310.640, 652.240) on layer: M1
Net VSS: dangling Wire at (1489.440, 652.240) (1489.440, 652.240) on layer: M1
Net VSS: dangling Wire at (1489.440, 663.440) (1489.440, 663.440) on layer: M1
Net VSS: dangling Wire at (1489.440, 685.840) (1489.440, 685.840) on layer: M1
Net VSS: dangling Wire at (310.640, 697.040) (310.640, 697.040) on layer: M1
Net VSS: dangling Wire at (1489.440, 697.040) (1489.440, 697.040) on layer: M1
Net VSS: dangling Wire at (310.640, 708.240) (310.640, 708.240) on layer: M1
Net VSS: dangling Wire at (1489.440, 708.240) (1489.440, 708.240) on layer: M1
Net VSS: dangling Wire at (310.640, 719.440) (310.640, 719.440) on layer: M1
Net VSS: dangling Wire at (1489.440, 719.440) (1489.440, 719.440) on layer: M1
Net VSS: dangling Wire at (310.640, 741.840) (310.640, 741.840) on layer: M1
Net VSS: dangling Wire at (1489.440, 741.840) (1489.440, 741.840) on layer: M1
Net VSS: dangling Wire at (310.640, 753.040) (310.640, 753.040) on layer: M1
Net VSS: dangling Wire at (1489.440, 753.040) (1489.440, 753.040) on layer: M1
Net VSS: dangling Wire at (1489.440, 764.240) (1489.440, 764.240) on layer: M1
Net VSS: dangling Wire at (1489.440, 775.440) (1489.440, 775.440) on layer: M1
Net VSS: dangling Wire at (310.640, 797.840) (310.640, 797.840) on layer: M1
Net VSS: dangling Wire at (1489.440, 797.840) (1489.440, 797.840) on layer: M1
Net VSS: dangling Wire at (310.640, 809.040) (310.640, 809.040) on layer: M1
Net VSS: dangling Wire at (1489.440, 809.040) (1489.440, 809.040) on layer: M1
Net VSS: dangling Wire at (310.640, 820.240) (310.640, 820.240) on layer: M1
Net VSS: dangling Wire at (1489.440, 820.240) (1489.440, 820.240) on layer: M1
Net VSS: dangling Wire at (310.640, 831.440) (310.640, 831.440) on layer: M1
Net VSS: dangling Wire at (1489.440, 831.440) (1489.440, 831.440) on layer: M1
Net VSS: dangling Wire at (310.640, 853.840) (310.640, 853.840) on layer: M1
Net VSS: dangling Wire at (1489.440, 853.840) (1489.440, 853.840) on layer: M1
Net VSS: dangling Wire at (310.640, 865.040) (310.640, 865.040) on layer: M1
Net VSS: dangling Wire at (1489.440, 865.040) (1489.440, 865.040) on layer: M1
Net VSS: dangling Wire at (310.640, 876.240) (310.640, 876.240) on layer: M1
Net VSS: dangling Wire at (1489.440, 876.240) (1489.440, 876.240) on layer: M1
Net VSS: dangling Wire at (310.640, 887.440) (310.640, 887.440) on layer: M1
Net VSS: dangling Wire at (1489.440, 887.440) (1489.440, 887.440) on layer: M1
Net VSS: dangling Wire at (310.640, 909.840) (310.640, 909.840) on layer: M1
Net VSS: dangling Wire at (310.640, 921.040) (310.640, 921.040) on layer: M1
Net VSS: dangling Wire at (1489.440, 921.040) (1489.440, 921.040) on layer: M1
Net VSS: dangling Wire at (310.640, 932.240) (310.640, 932.240) on layer: M1
Net VSS: dangling Wire at (1489.440, 932.240) (1489.440, 932.240) on layer: M1
Net VSS: dangling Wire at (310.640, 943.440) (310.640, 943.440) on layer: M1
Net VSS: dangling Wire at (310.640, 965.840) (310.640, 965.840) on layer: M1
Net VSS: dangling Wire at (1489.440, 965.840) (1489.440, 965.840) on layer: M1
Net VSS: dangling Wire at (310.640, 977.040) (310.640, 977.040) on layer: M1
Net VSS: dangling Wire at (1489.440, 977.040) (1489.440, 977.040) on layer: M1
Net VSS: dangling Wire at (310.640, 988.240) (310.640, 988.240) on layer: M1
Net VSS: dangling Wire at (1489.440, 988.240) (1489.440, 988.240) on layer: M1
Net VSS: dangling Wire at (310.640, 999.440) (310.640, 999.440) on layer: M1
Net VSS: dangling Wire at (310.640, 1021.840) (310.640, 1021.840) on layer: M1
Net VSS: dangling Wire at (1489.440, 1033.040) (1489.440, 1033.040) on layer: M1
Net VSS: dangling Wire at (310.640, 1044.240) (310.640, 1044.240) on layer: M1
Net VSS: dangling Wire at (1489.440, 1044.240) (1489.440, 1044.240) on layer: M1
Net VSS: dangling Wire at (310.640, 1055.440) (310.640, 1055.440) on layer: M1
Net VSS: dangling Wire at (1489.440, 1055.440) (1489.440, 1055.440) on layer: M1
Net VSS: dangling Wire at (310.640, 1089.040) (310.640, 1089.040) on layer: M1
Net VSS: dangling Wire at (1489.440, 1089.040) (1489.440, 1089.040) on layer: M1
Net VSS: dangling Wire at (310.640, 1100.240) (310.640, 1100.240) on layer: M1
Net VSS: dangling Wire at (1489.440, 1100.240) (1489.440, 1100.240) on layer: M1
Net VSS: dangling Wire at (310.640, 1111.440) (310.640, 1111.440) on layer: M1
Net VSS: dangling Wire at (310.640, 1122.640) (310.640, 1122.640) on layer: M1
Net VSS: dangling Wire at (1489.440, 1122.640) (1489.440, 1122.640) on layer: M1
Net VSS: dangling Wire at (310.640, 1156.240) (310.640, 1156.240) on layer: M1
Net VSS: dangling Wire at (310.640, 1167.440) (310.640, 1167.440) on layer: M1
Net VSS: dangling Wire at (1489.440, 1167.440) (1489.440, 1167.440) on layer: M1
Net VSS: dangling Wire at (310.640, 1178.640) (310.640, 1178.640) on layer: M1
Net VSS: dangling Wire at (310.640, 1201.040) (310.640, 1201.040) on layer: M1
Net VSS: dangling Wire at (1489.440, 1201.040) (1489.440, 1201.040) on layer: M1
Net VSS: dangling Wire at (310.640, 1212.240) (310.640, 1212.240) on layer: M1
Net VSS: dangling Wire at (1489.440, 1212.240) (1489.440, 1212.240) on layer: M1
Net VSS: dangling Wire at (310.640, 1223.440) (310.640, 1223.440) on layer: M1
Net VSS: dangling Wire at (1489.440, 1223.440) (1489.440, 1223.440) on layer: M1
Net VSS: dangling Wire at (310.640, 1257.040) (310.640, 1257.040) on layer: M1
Net VSS: dangling Wire at (1489.440, 1268.240) (1489.440, 1268.240) on layer: M1
Net VSS: dangling Wire at (310.640, 1279.440) (310.640, 1279.440) on layer: M1
Net VSS: dangling Wire at (1489.440, 1279.440) (1489.440, 1279.440) on layer: M1
Net VSS: dangling Wire at (310.640, 1290.640) (310.640, 1290.640) on layer: M1
Net VSS: dangling Wire at (1489.440, 1290.640) (1489.440, 1290.640) on layer: M1
Net VSS: dangling Wire at (310.640, 1324.240) (310.640, 1324.240) on layer: M1
Net VSS: dangling Wire at (1489.440, 1324.240) (1489.440, 1324.240) on layer: M1
Net VSS: dangling Wire at (310.640, 1335.440) (310.640, 1335.440) on layer: M1
Net VSS: dangling Wire at (1489.440, 1335.440) (1489.440, 1335.440) on layer: M1
Net VSS: dangling Wire at (310.640, 1346.640) (310.640, 1346.640) on layer: M1
Net VSS: dangling Wire at (1489.440, 1357.840) (1489.440, 1357.840) on layer: M1
Net VSS: dangling Wire at (310.640, 1391.440) (310.640, 1391.440) on layer: M1
Net VSS: dangling Wire at (310.640, 1402.640) (310.640, 1402.640) on layer: M1
Net VSS: dangling Wire at (1489.440, 1402.640) (1489.440, 1402.640) on layer: M1
Net VSS: dangling Wire at (310.640, 1413.840) (310.640, 1413.840) on layer: M1
Net VSS: dangling Wire at (1489.440, 1436.240) (1489.440, 1436.240) on layer: M1
Net VSS: dangling Wire at (310.640, 1447.440) (310.640, 1447.440) on layer: M1
Net VSS: dangling Wire at (1489.440, 1447.440) (1489.440, 1447.440) on layer: M1
Net VSS: dangling Wire at (310.640, 1458.640) (310.640, 1458.640) on layer: M1
Net VSS: dangling Wire at (1489.440, 1458.640) (1489.440, 1458.640) on layer: M1
Net VSS: dangling Wire at (1501.240, 428.350) (1501.240, 428.350) on layer: M5
Net VSS: dangling Wire at (1501.240, 546.055) (1501.240, 546.055) on layer: M5
Net VSS: dangling Wire at (1501.240, 663.760) (1501.240, 663.760) on layer: M5
Net VSS: dangling Wire at (1501.240, 776.465) (1501.240, 776.465) on layer: M5
Net VSS: dangling Wire at (1501.240, 889.170) (1501.240, 889.170) on layer: M5
Net VSS: dangling Wire at (1501.240, 1018.380) (1501.240, 1018.380) on layer: M5
Net VSS: dangling Wire at (1501.240, 1124.580) (1501.240, 1124.580) on layer: M5
Net VSS: dangling Wire at (1501.240, 1253.790) (1501.240, 1253.790) on layer: M5
Net VSS: dangling Wire at (1501.240, 1359.990) (1501.240, 1359.990) on layer: M5
Net VSS: dangling Wire at (298.840, 322.150) (298.840, 322.150) on layer: M5
Net VSS: dangling Wire at (298.840, 557.560) (298.840, 557.560) on layer: M5
Net VSS: dangling Wire at (298.840, 894.170) (298.840, 894.170) on layer: M5
Net VSS: dangling Wire at (298.840, 1006.875) (298.840, 1006.875) on layer: M5
Net VSS: dangling Wire at (298.840, 1018.380) (298.840, 1018.380) on layer: M5
Net VSS: dangling Wire at (298.840, 1124.580) (298.840, 1124.580) on layer: M5
Net VSS: dangling Wire at (298.840, 1253.790) (298.840, 1253.790) on layer: M5
Net VSS: dangling Wire at (322.290, 1498.440) (322.290, 1498.440) on layer: TOP_M
Net VSS: dangling Wire at (329.980, 1498.440) (329.980, 1498.440) on layer: TOP_M
Net VSS: dangling Wire at (340.020, 1498.440) (340.020, 1498.440) on layer: TOP_M
Net VSS: dangling Wire at (352.800, 1498.440) (352.800, 1498.440) on layer: TOP_M
Net VSS: dangling Wire at (362.840, 1498.440) (362.840, 1498.440) on layer: TOP_M
Net VSS: dangling Wire at (387.975, 1498.440) (387.975, 1498.440) on layer: TOP_M
Net VSS: dangling Wire at (398.015, 1498.440) (398.015, 1498.440) on layer: TOP_M
Net VSS: dangling Wire at (415.480, 1498.440) (415.480, 1498.440) on layer: TOP_M
Net VSS: dangling Wire at (425.520, 1498.440) (425.520, 1498.440) on layer: TOP_M
Net VSS: dangling Wire at (428.210, 1498.440) (428.210, 1498.440) on layer: TOP_M
Net VSS: dangling Wire at (439.995, 1498.440) (439.995, 1498.440) on layer: TOP_M
Net VSS: dangling Wire at (447.685, 1498.440) (447.685, 1498.440) on layer: TOP_M
Net VSS: dangling Wire at (457.725, 1498.440) (457.725, 1498.440) on layer: TOP_M
Net VSS: dangling Wire at (470.505, 1498.440) (470.505, 1498.440) on layer: TOP_M
Net VSS: dangling Wire at (480.545, 1498.440) (480.545, 1498.440) on layer: TOP_M
Net VSS: dangling Wire at (505.680, 1498.440) (505.680, 1498.440) on layer: TOP_M
Net VSS: dangling Wire at (515.720, 1498.440) (515.720, 1498.440) on layer: TOP_M
Net VSS: dangling Wire at (533.185, 1498.440) (533.185, 1498.440) on layer: TOP_M
Net VSS: dangling Wire at (543.225, 1498.440) (543.225, 1498.440) on layer: TOP_M
Net VSS: dangling Wire at (545.915, 1498.440) (545.915, 1498.440) on layer: TOP_M
Net VSS: dangling Wire at (557.700, 1498.440) (557.700, 1498.440) on layer: TOP_M
Net VSS: dangling Wire at (560.390, 1498.440) (560.390, 1498.440) on layer: TOP_M
Net VSS: dangling Wire at (570.430, 1498.440) (570.430, 1498.440) on layer: TOP_M
Net VSS: dangling Wire at (583.210, 1498.440) (583.210, 1498.440) on layer: TOP_M
Net VSS: dangling Wire at (593.250, 1498.440) (593.250, 1498.440) on layer: TOP_M
Net VSS: dangling Wire at (618.385, 1498.440) (618.385, 1498.440) on layer: TOP_M
Net VSS: dangling Wire at (628.425, 1498.440) (628.425, 1498.440) on layer: TOP_M
Net VSS: dangling Wire at (645.890, 1498.440) (645.890, 1498.440) on layer: TOP_M
Net VSS: dangling Wire at (655.930, 1498.440) (655.930, 1498.440) on layer: TOP_M
Net VSS: dangling Wire at (658.620, 1498.440) (658.620, 1498.440) on layer: TOP_M
Net VSS: dangling Wire at (670.265, 1498.440) (670.265, 1498.440) on layer: TOP_M
Net VSS: dangling Wire at (771.465, 1498.440) (771.465, 1498.440) on layer: TOP_M
Net VSS: dangling Wire at (783.110, 1498.440) (783.110, 1498.440) on layer: TOP_M
Net VSS: dangling Wire at (790.800, 1498.440) (790.800, 1498.440) on layer: TOP_M
Net VSS: dangling Wire at (800.840, 1498.440) (800.840, 1498.440) on layer: TOP_M
Net VSS: dangling Wire at (813.620, 1498.440) (813.620, 1498.440) on layer: TOP_M
Net VSS: dangling Wire at (823.660, 1498.440) (823.660, 1498.440) on layer: TOP_M
Net VSS: dangling Wire at (848.795, 1498.440) (848.795, 1498.440) on layer: TOP_M
Net VSS: dangling Wire at (858.835, 1498.440) (858.835, 1498.440) on layer: TOP_M
Net VSS: dangling Wire at (876.300, 1498.440) (876.300, 1498.440) on layer: TOP_M
Net VSS: dangling Wire at (886.340, 1498.440) (886.340, 1498.440) on layer: TOP_M
Net VSS: dangling Wire at (889.030, 1498.440) (889.030, 1498.440) on layer: TOP_M
Net VSS: dangling Wire at (900.815, 1498.440) (900.815, 1498.440) on layer: TOP_M
Net VSS: dangling Wire at (908.505, 1498.440) (908.505, 1498.440) on layer: TOP_M
Net VSS: dangling Wire at (918.545, 1498.440) (918.545, 1498.440) on layer: TOP_M
Net VSS: dangling Wire at (931.325, 1498.440) (931.325, 1498.440) on layer: TOP_M
Net VSS: dangling Wire at (941.365, 1498.440) (941.365, 1498.440) on layer: TOP_M
Net VSS: dangling Wire at (966.500, 1498.440) (966.500, 1498.440) on layer: TOP_M
Net VSS: dangling Wire at (976.540, 1498.440) (976.540, 1498.440) on layer: TOP_M
Net VSS: dangling Wire at (994.005, 1498.440) (994.005, 1498.440) on layer: TOP_M
Net VSS: dangling Wire at (1004.045, 1498.440) (1004.045, 1498.440) on layer: TOP_M
Net VSS: dangling Wire at (1006.735, 1498.440) (1006.735, 1498.440) on layer: TOP_M
Net VSS: dangling Wire at (1018.520, 1498.440) (1018.520, 1498.440) on layer: TOP_M
Net VSS: dangling Wire at (1026.210, 1498.440) (1026.210, 1498.440) on layer: TOP_M
Net VSS: dangling Wire at (1036.250, 1498.440) (1036.250, 1498.440) on layer: TOP_M
Net VSS: dangling Wire at (1049.030, 1498.440) (1049.030, 1498.440) on layer: TOP_M
Net VSS: dangling Wire at (1059.070, 1498.440) (1059.070, 1498.440) on layer: TOP_M
Net VSS: dangling Wire at (1084.205, 1498.440) (1084.205, 1498.440) on layer: TOP_M
Net VSS: dangling Wire at (1094.245, 1498.440) (1094.245, 1498.440) on layer: TOP_M
Net VSS: dangling Wire at (1111.710, 1498.440) (1111.710, 1498.440) on layer: TOP_M
Net VSS: dangling Wire at (1121.750, 1498.440) (1121.750, 1498.440) on layer: TOP_M
Net VSS: dangling Wire at (1124.440, 1498.440) (1124.440, 1498.440) on layer: TOP_M
Net VSS: dangling Wire at (1136.225, 1498.440) (1136.225, 1498.440) on layer: TOP_M
Net VSS: dangling Wire at (1143.915, 1498.440) (1143.915, 1498.440) on layer: TOP_M
Net VSS: dangling Wire at (1153.955, 1498.440) (1153.955, 1498.440) on layer: TOP_M
Net VSS: dangling Wire at (1166.735, 1498.440) (1166.735, 1498.440) on layer: TOP_M
Net VSS: dangling Wire at (1176.775, 1498.440) (1176.775, 1498.440) on layer: TOP_M
Net VSS: dangling Wire at (1201.910, 1498.440) (1201.910, 1498.440) on layer: TOP_M
Net VSS: dangling Wire at (1211.950, 1498.440) (1211.950, 1498.440) on layer: TOP_M
Net VSS: dangling Wire at (1229.415, 1498.440) (1229.415, 1498.440) on layer: TOP_M
Net VSS: dangling Wire at (1239.455, 1498.440) (1239.455, 1498.440) on layer: TOP_M
Net VSS: dangling Wire at (1242.145, 1498.440) (1242.145, 1498.440) on layer: TOP_M
Net VSS: dangling Wire at (1253.930, 1498.440) (1253.930, 1498.440) on layer: TOP_M
Net VSS: dangling Wire at (1261.620, 1498.440) (1261.620, 1498.440) on layer: TOP_M
Net VSS: dangling Wire at (1271.660, 1498.440) (1271.660, 1498.440) on layer: TOP_M
Net VSS: dangling Wire at (1284.440, 1498.440) (1284.440, 1498.440) on layer: TOP_M
Net VSS: dangling Wire at (1294.480, 1498.440) (1294.480, 1498.440) on layer: TOP_M
Net VSS: dangling Wire at (1319.615, 1498.440) (1319.615, 1498.440) on layer: TOP_M
Net VSS: dangling Wire at (1329.655, 1498.440) (1329.655, 1498.440) on layer: TOP_M
Net VSS: dangling Wire at (1347.120, 1498.440) (1347.120, 1498.440) on layer: TOP_M
Net VSS: dangling Wire at (1357.160, 1498.440) (1357.160, 1498.440) on layer: TOP_M
Net VSS: dangling Wire at (1359.850, 1498.440) (1359.850, 1498.440) on layer: TOP_M
Net VSS: dangling Wire at (1371.635, 1498.440) (1371.635, 1498.440) on layer: TOP_M
Net VSS: dangling Wire at (1379.325, 1498.440) (1379.325, 1498.440) on layer: TOP_M
Net VSS: dangling Wire at (1389.365, 1498.440) (1389.365, 1498.440) on layer: TOP_M
Net VSS: dangling Wire at (1402.145, 1498.440) (1402.145, 1498.440) on layer: TOP_M
Net VSS: dangling Wire at (1412.185, 1498.440) (1412.185, 1498.440) on layer: TOP_M
Net VSS: dangling Wire at (1437.320, 1498.440) (1437.320, 1498.440) on layer: TOP_M
Net VSS: dangling Wire at (1447.360, 1498.440) (1447.360, 1498.440) on layer: TOP_M
Net VSS: dangling Wire at (1464.825, 1498.440) (1464.825, 1498.440) on layer: TOP_M
Net VSS: dangling Wire at (1474.865, 1498.440) (1474.865, 1498.440) on layer: TOP_M
Net VSS: dangling Wire at (1477.555, 1498.440) (1477.555, 1498.440) on layer: TOP_M
Net VSS: dangling Wire at (312.480, 298.840) (312.480, 298.840) on layer: TOP_M
Net VSS: dangling Wire at (315.170, 298.840) (315.170, 298.840) on layer: TOP_M
Net VSS: dangling Wire at (325.210, 298.840) (325.210, 298.840) on layer: TOP_M
Net VSS: dangling Wire at (342.675, 298.840) (342.675, 298.840) on layer: TOP_M
Net VSS: dangling Wire at (352.715, 298.840) (352.715, 298.840) on layer: TOP_M
Net VSS: dangling Wire at (377.850, 298.840) (377.850, 298.840) on layer: TOP_M
Net VSS: dangling Wire at (387.890, 298.840) (387.890, 298.840) on layer: TOP_M
Net VSS: dangling Wire at (400.670, 298.840) (400.670, 298.840) on layer: TOP_M
Net VSS: dangling Wire at (410.710, 298.840) (410.710, 298.840) on layer: TOP_M
Net VSS: dangling Wire at (419.390, 295.840) (419.390, 295.840) on layer: TOP_M
Net VSS: dangling Wire at (419.390, 301.840) (419.390, 301.840) on layer: TOP_M
Net VSS: dangling Wire at (423.070, 298.840) (423.070, 298.840) on layer: TOP_M
Net VSS: dangling Wire at (433.110, 298.840) (433.110, 298.840) on layer: TOP_M
Net VSS: dangling Wire at (450.575, 298.840) (450.575, 298.840) on layer: TOP_M
Net VSS: dangling Wire at (460.615, 298.840) (460.615, 298.840) on layer: TOP_M
Net VSS: dangling Wire at (485.750, 298.840) (485.750, 298.840) on layer: TOP_M
Net VSS: dangling Wire at (495.790, 298.840) (495.790, 298.840) on layer: TOP_M
Net VSS: dangling Wire at (508.570, 298.840) (508.570, 298.840) on layer: TOP_M
Net VSS: dangling Wire at (518.610, 298.840) (518.610, 298.840) on layer: TOP_M
Net VSS: dangling Wire at (527.287, 295.840) (527.287, 295.840) on layer: TOP_M
Net VSS: dangling Wire at (527.288, 301.840) (527.288, 301.840) on layer: TOP_M
Net VSS: dangling Wire at (530.965, 298.840) (530.965, 298.840) on layer: TOP_M
Net VSS: dangling Wire at (541.005, 298.840) (541.005, 298.840) on layer: TOP_M
Net VSS: dangling Wire at (558.470, 298.840) (558.470, 298.840) on layer: TOP_M
Net VSS: dangling Wire at (568.510, 298.840) (568.510, 298.840) on layer: TOP_M
Net VSS: dangling Wire at (593.645, 298.840) (593.645, 298.840) on layer: TOP_M
Net VSS: dangling Wire at (603.685, 298.840) (603.685, 298.840) on layer: TOP_M
Net VSS: dangling Wire at (616.465, 298.840) (616.465, 298.840) on layer: TOP_M
Net VSS: dangling Wire at (626.505, 298.840) (626.505, 298.840) on layer: TOP_M
Net VSS: dangling Wire at (635.182, 295.840) (635.182, 295.840) on layer: TOP_M
Net VSS: dangling Wire at (635.183, 301.840) (635.183, 301.840) on layer: TOP_M
Net VSS: dangling Wire at (638.860, 298.840) (638.860, 298.840) on layer: TOP_M
Net VSS: dangling Wire at (648.900, 298.840) (648.900, 298.840) on layer: TOP_M
Net VSS: dangling Wire at (666.365, 298.840) (666.365, 298.840) on layer: TOP_M
Net VSS: dangling Wire at (676.405, 298.840) (676.405, 298.840) on layer: TOP_M
Net VSS: dangling Wire at (701.540, 298.840) (701.540, 298.840) on layer: TOP_M
Net VSS: dangling Wire at (711.580, 298.840) (711.580, 298.840) on layer: TOP_M
Net VSS: dangling Wire at (724.360, 298.840) (724.360, 298.840) on layer: TOP_M
Net VSS: dangling Wire at (734.400, 298.840) (734.400, 298.840) on layer: TOP_M
Net VSS: dangling Wire at (743.077, 295.840) (743.077, 295.840) on layer: TOP_M
Net VSS: dangling Wire at (743.078, 301.840) (743.078, 301.840) on layer: TOP_M
Net VSS: dangling Wire at (746.755, 298.840) (746.755, 298.840) on layer: TOP_M
Net VSS: dangling Wire at (756.795, 298.840) (756.795, 298.840) on layer: TOP_M
Net VSS: dangling Wire at (774.260, 298.840) (774.260, 298.840) on layer: TOP_M
Net VSS: dangling Wire at (784.300, 298.840) (784.300, 298.840) on layer: TOP_M
Net VSS: dangling Wire at (809.435, 298.840) (809.435, 298.840) on layer: TOP_M
Net VSS: dangling Wire at (819.475, 298.840) (819.475, 298.840) on layer: TOP_M
Net VSS: dangling Wire at (832.255, 298.840) (832.255, 298.840) on layer: TOP_M
Net VSS: dangling Wire at (842.295, 298.840) (842.295, 298.840) on layer: TOP_M
Net VSS: dangling Wire at (845.902, 295.840) (845.902, 295.840) on layer: TOP_M
Net VSS: dangling Wire at (845.903, 301.840) (845.903, 301.840) on layer: TOP_M
Net VSS: dangling Wire at (948.937, 295.840) (948.937, 295.840) on layer: TOP_M
Net VSS: dangling Wire at (948.938, 301.840) (948.938, 301.840) on layer: TOP_M
Net VSS: dangling Wire at (952.545, 298.840) (952.545, 298.840) on layer: TOP_M
Net VSS: dangling Wire at (962.585, 298.840) (962.585, 298.840) on layer: TOP_M
Net VSS: dangling Wire at (980.050, 298.840) (980.050, 298.840) on layer: TOP_M
Net VSS: dangling Wire at (990.090, 298.840) (990.090, 298.840) on layer: TOP_M
Net VSS: dangling Wire at (1015.225, 298.840) (1015.225, 298.840) on layer: TOP_M
Net VSS: dangling Wire at (1025.265, 298.840) (1025.265, 298.840) on layer: TOP_M
Net VSS: dangling Wire at (1038.045, 298.840) (1038.045, 298.840) on layer: TOP_M
Net VSS: dangling Wire at (1048.085, 298.840) (1048.085, 298.840) on layer: TOP_M
Net VSS: dangling Wire at (1056.762, 295.840) (1056.762, 295.840) on layer: TOP_M
Net VSS: dangling Wire at (1056.763, 301.840) (1056.763, 301.840) on layer: TOP_M
Net VSS: dangling Wire at (1060.440, 298.840) (1060.440, 298.840) on layer: TOP_M
Net VSS: dangling Wire at (1070.480, 298.840) (1070.480, 298.840) on layer: TOP_M
Net VSS: dangling Wire at (1087.945, 298.840) (1087.945, 298.840) on layer: TOP_M
Net VSS: dangling Wire at (1097.985, 298.840) (1097.985, 298.840) on layer: TOP_M
Net VSS: dangling Wire at (1123.120, 298.840) (1123.120, 298.840) on layer: TOP_M
Net VSS: dangling Wire at (1133.160, 298.840) (1133.160, 298.840) on layer: TOP_M
Net VSS: dangling Wire at (1145.940, 298.840) (1145.940, 298.840) on layer: TOP_M
Net VSS: dangling Wire at (1155.980, 298.840) (1155.980, 298.840) on layer: TOP_M
Net VSS: dangling Wire at (1164.657, 295.840) (1164.657, 295.840) on layer: TOP_M
Net VSS: dangling Wire at (1164.658, 301.840) (1164.658, 301.840) on layer: TOP_M
Net VSS: dangling Wire at (1168.335, 298.840) (1168.335, 298.840) on layer: TOP_M
Net VSS: dangling Wire at (1178.375, 298.840) (1178.375, 298.840) on layer: TOP_M
Net VSS: dangling Wire at (1195.840, 298.840) (1195.840, 298.840) on layer: TOP_M
Net VSS: dangling Wire at (1205.880, 298.840) (1205.880, 298.840) on layer: TOP_M
Net VSS: dangling Wire at (1231.015, 298.840) (1231.015, 298.840) on layer: TOP_M
Net VSS: dangling Wire at (1241.055, 298.840) (1241.055, 298.840) on layer: TOP_M
Net VSS: dangling Wire at (1253.835, 298.840) (1253.835, 298.840) on layer: TOP_M
Net VSS: dangling Wire at (1263.875, 298.840) (1263.875, 298.840) on layer: TOP_M
Net VSS: dangling Wire at (1272.552, 295.840) (1272.552, 295.840) on layer: TOP_M
Net VSS: dangling Wire at (1272.553, 301.840) (1272.553, 301.840) on layer: TOP_M
Net VSS: dangling Wire at (1276.230, 298.840) (1276.230, 298.840) on layer: TOP_M
Net VSS: dangling Wire at (1286.270, 298.840) (1286.270, 298.840) on layer: TOP_M
Net VSS: dangling Wire at (1303.735, 298.840) (1303.735, 298.840) on layer: TOP_M
Net VSS: dangling Wire at (1313.775, 298.840) (1313.775, 298.840) on layer: TOP_M
Net VSS: dangling Wire at (1338.910, 298.840) (1338.910, 298.840) on layer: TOP_M
Net VSS: dangling Wire at (1348.950, 298.840) (1348.950, 298.840) on layer: TOP_M
Net VSS: dangling Wire at (1361.730, 298.840) (1361.730, 298.840) on layer: TOP_M
Net VSS: dangling Wire at (1371.770, 298.840) (1371.770, 298.840) on layer: TOP_M
Net VSS: dangling Wire at (1380.450, 295.840) (1380.450, 295.840) on layer: TOP_M
Net VSS: dangling Wire at (1380.450, 301.840) (1380.450, 301.840) on layer: TOP_M
Net VSS: dangling Wire at (1384.130, 298.840) (1384.130, 298.840) on layer: TOP_M
Net VSS: dangling Wire at (1394.170, 298.840) (1394.170, 298.840) on layer: TOP_M
Net VSS: dangling Wire at (1411.635, 298.840) (1411.635, 298.840) on layer: TOP_M
Net VSS: dangling Wire at (1421.675, 298.840) (1421.675, 298.840) on layer: TOP_M
Net VSS: dangling Wire at (1446.810, 298.840) (1446.810, 298.840) on layer: TOP_M
Net VSS: dangling Wire at (1456.850, 298.840) (1456.850, 298.840) on layer: TOP_M
Net VSS: dangling Wire at (1469.630, 298.840) (1469.630, 298.840) on layer: TOP_M
Net VSS: dangling Wire at (1479.670, 298.840) (1479.670, 298.840) on layer: TOP_M
Net VSS: dangling Wire at (1487.360, 298.840) (1487.360, 298.840) on layer: TOP_M
Net VDD, Pin Pin: PAD_I1/I1/VDDO; Direction: INOUT; Use: POWER;: has an unconnected terminal at (670.865, 1600.200) (770.865, 1610.200)
Net VDD, Pin Pin: PAD_I3/I1/VDDO; Direction: INOUT; Use: POWER;: has an unconnected terminal at (1600.200, 788.570) (1610.200, 888.570)
Net VDD, Pin Pin: PAD_I5/I1/VDDO; Direction: INOUT; Use: POWER;: has an unconnected terminal at (847.420, 189.640) (947.420, 199.640)
Net VDD, Pin Pin: PAD_I7/I1/VDDO; Direction: INOUT; Use: POWER;: has an unconnected terminal at (189.640, 906.275) (199.640, 1006.275)
Net VDD: has special routes with opens at (303.640, 1205.900) (1496.440, 1299.495)
Net VDD: has special routes with opens at (303.640, 959.500) (1496.440, 1064.085)
Net VDD: has special routes with opens at (303.640, 847.500) (1496.440, 949.780)
Net VDD: has special routes with opens at (303.640, 735.500) (1496.440, 837.780)
Net VDD: has special routes with opens at (303.640, 612.300) (1496.440, 725.780)
Net VDD: has special routes with opens at (303.640, 511.500) (1496.440, 591.380)
Net VDD: has special routes with opens at (303.640, 303.640) (1496.440, 356.180)
Net VDD: has special routes with opens at (303.640, 1441.100) (1496.440, 1493.640)
Net VDD: has special routes with opens at (303.640, 1306.700) (1496.440, 1432.490)
Net VDD: has special routes with opens at (303.640, 1069.900) (1496.440, 1197.310)
Net VDD: has special routes with opens at (303.640, 377.100) (1496.440, 490.580)
Net VDD: has special routes with opens at (309.540, 365.900) (1489.440, 367.855)
Net VDD: has special routes with opens at (310.640, 500.300) (1490.300, 501.780)
Net VDD: has special routes with opens at (309.540, 601.100) (1489.440, 603.265)
Net VDD: has special routes with opens at (428.210, 1487.640) (439.995, 1493.640)
Net VDD: has special routes with opens at (545.915, 1487.640) (557.700, 1493.640)
Net VDD: has special routes with opens at (658.620, 1487.640) (670.265, 1493.640)
Net VDD: has special routes with opens at (771.465, 1487.640) (783.110, 1493.640)
Net VDD: has special routes with opens at (889.030, 1487.640) (900.815, 1493.640)
Net VDD: has special routes with opens at (1006.735, 1487.640) (1018.520, 1493.640)
Net VDD: has special routes with opens at (1124.440, 1487.640) (1136.225, 1493.640)
Net VDD: has special routes with opens at (1242.145, 1487.640) (1253.930, 1493.640)
Net VDD: has special routes with opens at (1359.850, 1487.640) (1371.635, 1493.640)
Net VDD: has special routes with opens at (418.400, 303.640) (420.380, 309.640)
Net VDD: has special routes with opens at (526.300, 303.640) (528.275, 309.640)
Net VDD: has special routes with opens at (634.195, 303.640) (636.170, 309.640)
Net VDD: has special routes with opens at (742.090, 303.640) (744.065, 309.640)
Net VDD: has special routes with opens at (844.985, 303.640) (846.820, 309.640)
Net VDD: has special routes with opens at (948.020, 303.640) (949.855, 309.640)
Net VDD: has special routes with opens at (1055.775, 303.640) (1057.750, 309.640)
Net VDD: has special routes with opens at (1163.670, 303.640) (1165.645, 309.640)
Net VDD: has special routes with opens at (1271.565, 303.640) (1273.540, 309.640)
Net VDD: has special routes with opens at (1379.460, 303.640) (1381.440, 309.640)
Net VDD: dangling Wire at (1489.440, 333.040) (1489.440, 333.040) on layer: M1
Net VDD: dangling Wire at (1489.440, 366.640) (1489.440, 366.640) on layer: M1
Net VDD: dangling Wire at (310.640, 501.040) (310.640, 501.040) on layer: M1
Net VDD: dangling Wire at (310.640, 534.640) (310.640, 534.640) on layer: M1
Net VDD: dangling Wire at (1489.440, 568.240) (1489.440, 568.240) on layer: M1
Net VDD: dangling Wire at (1489.440, 601.840) (1489.440, 601.840) on layer: M1
Net VDD: dangling Wire at (1489.440, 613.040) (1489.440, 613.040) on layer: M1
Net VDD: dangling Wire at (310.640, 736.240) (310.640, 736.240) on layer: M1
Net VDD: dangling Wire at (310.640, 769.840) (310.640, 769.840) on layer: M1
Net VDD: dangling Wire at (1489.440, 949.040) (1489.440, 949.040) on layer: M1
Net VDD: dangling Wire at (310.640, 1195.440) (310.640, 1195.440) on layer: M1
Net VDD: dangling Wire at (310.640, 1430.640) (310.640, 1430.640) on layer: M1
Net VDD: dangling Wire at (322.290, 1490.640) (322.290, 1490.640) on layer: TOP_M
Net VDD: dangling Wire at (428.210, 1490.640) (428.210, 1490.640) on layer: TOP_M
Net VDD: dangling Wire at (439.995, 1490.640) (439.995, 1490.640) on layer: TOP_M
Net VDD: dangling Wire at (545.915, 1490.640) (545.915, 1490.640) on layer: TOP_M
Net VDD: dangling Wire at (557.700, 1490.640) (557.700, 1490.640) on layer: TOP_M
Net VDD: dangling Wire at (658.620, 1490.640) (658.620, 1490.640) on layer: TOP_M
Net VDD: dangling Wire at (670.265, 1490.640) (670.265, 1490.640) on layer: TOP_M
Net VDD: dangling Wire at (771.465, 1490.640) (771.465, 1490.640) on layer: TOP_M
Net VDD: dangling Wire at (783.110, 1490.640) (783.110, 1490.640) on layer: TOP_M
Net VDD: dangling Wire at (889.030, 1490.640) (889.030, 1490.640) on layer: TOP_M
Net VDD: dangling Wire at (900.815, 1490.640) (900.815, 1490.640) on layer: TOP_M
Net VDD: dangling Wire at (1006.735, 1490.640) (1006.735, 1490.640) on layer: TOP_M
Net VDD: dangling Wire at (1018.520, 1490.640) (1018.520, 1490.640) on layer: TOP_M
Net VDD: dangling Wire at (1124.440, 1490.640) (1124.440, 1490.640) on layer: TOP_M
Net VDD: dangling Wire at (1136.225, 1490.640) (1136.225, 1490.640) on layer: TOP_M
Net VDD: dangling Wire at (1242.145, 1490.640) (1242.145, 1490.640) on layer: TOP_M
Net VDD: dangling Wire at (1253.930, 1490.640) (1253.930, 1490.640) on layer: TOP_M
Net VDD: dangling Wire at (1359.850, 1490.640) (1359.850, 1490.640) on layer: TOP_M
Net VDD: dangling Wire at (1371.635, 1490.640) (1371.635, 1490.640) on layer: TOP_M
Net VDD: dangling Wire at (1477.555, 1490.640) (1477.555, 1490.640) on layer: TOP_M
Net VDD: dangling Wire at (419.390, 303.640) (419.390, 303.640) on layer: TOP_M
Net VDD: dangling Wire at (419.390, 309.640) (419.390, 309.640) on layer: TOP_M
Net VDD: dangling Wire at (527.287, 303.640) (527.287, 303.640) on layer: TOP_M
Net VDD: dangling Wire at (527.288, 309.640) (527.288, 309.640) on layer: TOP_M
Net VDD: dangling Wire at (635.182, 303.640) (635.182, 303.640) on layer: TOP_M
Net VDD: dangling Wire at (635.183, 309.640) (635.183, 309.640) on layer: TOP_M
Net VDD: dangling Wire at (743.077, 303.640) (743.077, 303.640) on layer: TOP_M
Net VDD: dangling Wire at (743.078, 309.640) (743.078, 309.640) on layer: TOP_M
Net VDD: dangling Wire at (845.902, 303.640) (845.902, 303.640) on layer: TOP_M
Net VDD: dangling Wire at (845.903, 309.640) (845.903, 309.640) on layer: TOP_M
Net VDD: dangling Wire at (948.937, 303.640) (948.937, 303.640) on layer: TOP_M
Net VDD: dangling Wire at (948.938, 309.640) (948.938, 309.640) on layer: TOP_M
Net VDD: dangling Wire at (1056.762, 303.640) (1056.762, 303.640) on layer: TOP_M
Net VDD: dangling Wire at (1056.763, 309.640) (1056.763, 309.640) on layer: TOP_M
Net VDD: dangling Wire at (1164.657, 303.640) (1164.657, 303.640) on layer: TOP_M
Net VDD: dangling Wire at (1164.658, 309.640) (1164.658, 309.640) on layer: TOP_M
Net VDD: dangling Wire at (1272.552, 303.640) (1272.552, 303.640) on layer: TOP_M
Net VDD: dangling Wire at (1272.553, 309.640) (1272.553, 309.640) on layer: TOP_M
Net VDD: dangling Wire at (1380.450, 303.640) (1380.450, 303.640) on layer: TOP_M
Net VDD: dangling Wire at (1380.450, 309.640) (1380.450, 309.640) on layer: TOP_M
Net VDD: dangling Wire at (1487.360, 306.640) (1487.360, 306.640) on layer: TOP_M
Net PAD_G1/VDD: no routing
Net PAD_I1/VSS: no routing
Net PAD_G3/VDD: no routing
Net PAD_I3/VSS: no routing
Net PAD_G5/VDD: no routing
Net PAD_I5/VSS: no routing
Net PAD_G7/VDD: no routing
Net PAD_I7/VSS: no routing
Net I1/VDD: no routing
Net I1/VSS: no routing
Net I2/VDD: no routing
Net I2/VSS: no routing
Net I4/VDD: no routing
Net I4/VSS: no routing
Net I5/VDD: no routing
Net I5/VSS: no routing
Net I6/VDD: no routing
Net I6/VSS: no routing
Net I7/VDD: no routing
Net I7/VSS: no routing
Net I8/VDD: no routing
Net I8/VSS: no routing
Net I9/VDD: no routing
Net I9/VSS: no routing
Net I10/VDD: no routing
Net I10/VSS: no routing
Net I11/VDD: no routing
Net I11/VSS: no routing
Net I12/VDD: no routing
Net I12/VSS: no routing
Net I13/VDD: no routing
Net I13/VSS: no routing
Net I14/VDD: no routing
Net I14/VSS: no routing
Net I15/VDD: no routing
Net I15/VSS: no routing
Net I16/VDD: no routing
Net I16/VSS: no routing
Net I17/VDD: no routing
Net I17/VSS: no routing
Net I18/VDD: no routing
Net I18/VSS: no routing
Net I19/VDD: no routing
Net I19/VSS: no routing
Net I20/VDD: no routing
Net I20/VSS: no routing
Net I21/VDD: no routing
Net I21/VSS: no routing
Net I22/VDD: no routing
Net I22/VSS: no routing
Net I23/VDD: no routing
Net I23/VSS: no routing
Net I24/VDD: no routing
Net I24/VSS: no routing
Net I25/VDD: no routing
Net I25/VSS: no routing
Net I26/VDD: no routing
Net I26/VSS: no routing
Net I27/VDD: no routing
Net I27/VSS: no routing
Net I28/VDD: no routing
Net I28/VSS: no routing
Net I29/VDD: no routing
Net I29/VSS: no routing
Net I30/VDD: no routing
Net I30/VSS: no routing
Net I31/VDD: no routing
Net I31/VSS: no routing
Net I32/VDD: no routing
Net I32/VSS: no routing
Net I33/VDD: no routing
Net I33/VSS: no routing
Net I34/VDD: no routing
Net I34/VSS: no routing
Net Pcornerlr/VDD: no routing
Net Pcornerlr/VSS: no routing
Net Pcornerll/VDD: no routing
Net Pcornerll/VSS: no routing
Net Pcornerur/VDD: no routing
Net Pcornerur/VSS: no routing
Net Pcornerul/VDD: no routing
Net Pcornerul/VSS: no routing

Begin Summary
    82 Problem(s) (IMPVFC-98): Net has no global routing and no special routing.
    8 Problem(s) (IMPVFC-96): Terminal(s) are not connected.
    213 Problem(s) (IMPVFC-200): Special Wires: Pieces of the net are not connected together.
    386 Problem(s) (IMPVFC-94): The net has dangling wire(s).
    689 total info(s) created.
End Summary
