###############################################################
#  Generated by:      Cadence Innovus 23.33-s082_1
#  OS:                Linux x86_64(Host ID vlsi-ria87)
#  Generated on:      Thu Jun 25 21:29:14 2026
#  Design:            top
#  Command:           verify_drc
###############################################################

SHORT: ( Metal Short ) Special Wire of Net VSS & Pin of Cell I9/I1  ( TOP_M )
Bounds : ( 1343.280, 1400.750 ) ( 1347.540, 1406.290 )


SHORT: ( Metal Short ) Special Wire of Net VSS & Pin of Cell I9/I1  ( TOP_M )
Bounds : ( 1343.280, 1401.020 ) ( 1350.040, 1406.020 )


SHORT: ( Metal Short ) Special Wire of Net VSS & Pin of Cell I9/I1  ( TOP_M )
Bounds : ( 1343.280, 1408.250 ) ( 1347.540, 1418.520 )


SHORT: ( Metal Short ) Special Wire of Net VSS & Pin of Cell I9/I1  ( TOP_M )
Bounds : ( 1343.280, 1408.520 ) ( 1350.040, 1418.520 )


SHORT: ( Metal Short ) Special Wire of Net VDD & Pin of Cell Pcornerlr/I1  ( TOP_M )
Bounds : ( 1353.120, 1390.520 ) ( 1361.080, 1400.020 )


SHORT: ( Metal Short ) Special Wire of Net VDD & Pin of Cell Pcornerlr/I1  ( TOP_M )
Bounds : ( 1353.120, 1421.020 ) ( 1361.080, 1432.720 )


SHORT: ( Metal Short ) Special Wire of Net VDD & Pin of Cell Pcornerlr/I1  ( TOP_M )
Bounds : ( 1353.120, 1435.220 ) ( 1361.080, 1446.820 )


SHORT: ( Metal Short ) Special Wire of Net VDD & Pin of Cell Pcornerlr/I1  ( TOP_M )
Bounds : ( 1353.120, 1449.320 ) ( 1361.080, 1461.020 )


SHORT: ( Metal Short ) Special Wire of Net VDD & Pin of Cell Pcornerlr/I1  ( TOP_M )
Bounds : ( 1353.120, 1463.520 ) ( 1361.080, 1473.520 )


SHORT: ( Metal Short ) Special Wire of Net VSS & Pin of Cell I9/I1  ( TOP_M )
Bounds : ( 1343.280, 1350.500 ) ( 1350.040, 1357.720 )


SHORT: ( Metal Short ) Special Wire of Net VSS & Pin of Cell I9/I1  ( TOP_M )
Bounds : ( 1343.280, 1350.500 ) ( 1347.540, 1357.990 )


SHORT: ( Metal Short ) Special Wire of Net VSS & Pin of Cell I9/I1  ( TOP_M )
Bounds : ( 1343.280, 1359.950 ) ( 1347.540, 1372.090 )


SHORT: ( Metal Short ) Special Wire of Net VSS & Pin of Cell I9/I1  ( TOP_M )
Bounds : ( 1343.280, 1360.220 ) ( 1350.040, 1371.820 )


SHORT: ( Metal Short ) Special Wire of Net VSS & Pin of Cell I9/I1  ( TOP_M )
Bounds : ( 1343.280, 1360.220 ) ( 1348.390, 1372.090 )


SHORT: ( Metal Short ) Regular Wire of Net VSS & Blockage of Cell I9/I1  ( TOP_M )
Bounds : ( 1345.580, 1344.250 ) ( 1346.020, 1345.290 )


SHORT: ( Metal Short ) Regular Wire of Net VSS & Pin of Cell I9/I1  ( TOP_M )
Bounds : ( 1345.580, 1346.020 ) ( 1346.020, 1357.990 )


SHORT: ( Metal Short ) Special Wire of Net VDD & Pin of Cell Pcornerlr/I1  ( TOP_M )
Bounds : ( 1353.120, 1366.520 ) ( 1361.080, 1376.020 )


SPACING: ( ParallelRunLength Spacing ) Special Wire of Net VSS & Pin of Cell I17/I1  ( TOP_M )
Bounds : ( 1350.040, 1350.040 ) ( 1351.280, 1350.500 )


SPACING: ( ParallelRunLength Spacing ) Special Wire of Net VDD & Pin of Cell I17/I1  ( TOP_M )
Bounds : ( 1353.080, 1350.040 ) ( 1357.720, 1350.500 )


SPACING: ( ParallelRunLength Spacing ) Special Wire of Net VDD & Pin of Cell I17/I1  ( TOP_M )
Bounds : ( 1360.220, 1350.040 ) ( 1361.080, 1350.500 )


SHORT: ( Metal Short ) Special Wire of Net VSS & Pin of Cell I9/I1  ( TOP_M )
Bounds : ( 1343.280, 1374.050 ) ( 1348.390, 1386.020 )


SHORT: ( Metal Short ) Special Wire of Net VSS & Pin of Cell I9/I1  ( TOP_M )
Bounds : ( 1343.280, 1374.320 ) ( 1350.040, 1386.020 )


SHORT: ( Metal Short ) Special Wire of Net VDD & Pin of Cell Pcornerlr/I1  ( TOP_M )
Bounds : ( 1353.120, 1378.520 ) ( 1361.080, 1388.020 )


SHORT: ( Metal Short ) Regular Wire of Net VSS & Blockage of Cell I9/I1  ( TOP_M )
Bounds : ( 1345.580, 1325.750 ) ( 1346.020, 1326.790 )


SHORT: ( Metal Short ) Special Wire of Net VDD & Pin of Cell I17/I1  ( TOP_M )
Bounds : ( 1353.080, 1326.790 ) ( 1357.720, 1336.830 )


SHORT: ( Metal Short ) Special Wire of Net VDD & Pin of Cell I17/I1  ( TOP_M )
Bounds : ( 1353.080, 1327.060 ) ( 1361.080, 1336.560 )


SHORT: ( Metal Short ) Special Wire of Net VDD & Pin of Cell I17/I1  ( TOP_M )
Bounds : ( 1360.220, 1326.790 ) ( 1361.080, 1336.830 )


SHORT: ( Metal Short ) Regular Wire of Net VSS & Blockage of Cell I9/I1  ( TOP_M )
Bounds : ( 1345.580, 1301.750 ) ( 1346.020, 1302.790 )


SHORT: ( Metal Short ) Regular Wire of Net VSS & Pin of Cell I9/I1  ( TOP_M )
Bounds : ( 1345.580, 1303.520 ) ( 1346.020, 1325.020 )


SHORT: ( Metal Short ) Special Wire of Net VDD & Pin of Cell I17/I1  ( TOP_M )
Bounds : ( 1353.080, 1305.740 ) ( 1357.720, 1317.285 )


SHORT: ( Metal Short ) Special Wire of Net VDD & Pin of Cell I17/I1  ( TOP_M )
Bounds : ( 1353.080, 1306.010 ) ( 1361.080, 1317.015 )


SHORT: ( Metal Short ) Special Wire of Net VDD & Pin of Cell I17/I1  ( TOP_M )
Bounds : ( 1360.220, 1305.740 ) ( 1361.080, 1317.285 )


SHORT: ( Metal Short ) Regular Wire of Net VSS & Pin of Cell I9/I1  ( TOP_M )
Bounds : ( 1345.580, 1327.520 ) ( 1346.020, 1343.520 )


MAR: ( Minimum Area ) Regular Wire of Net VSS  ( M4 )
Bounds : ( 1278.160, 1337.540 ) ( 1278.540, 1337.820 )


SHORT: ( Metal Short ) Regular Wire of Net VSS & Blockage of Cell I9/I1  ( M2 )
Bounds : ( 1278.210, 1337.490 ) ( 1278.490, 1337.870 )


SHORT: ( Metal Short ) Regular Wire of Net VSS & Blockage of Cell I9/I1  ( M3 )
Bounds : ( 1278.160, 1337.540 ) ( 1278.885, 1337.820 )


SHORT: ( Metal Short ) Regular Wire of Net VSS & Blockage of Cell I9/I1  ( M4 )
Bounds : ( 1278.160, 1337.540 ) ( 1278.540, 1337.820 )


SHORT: ( Metal Short ) Regular Wire of Net VSS & Blockage of Cell I9/I1  ( M4 )
Bounds : ( 1278.210, 1337.490 ) ( 1278.490, 1337.870 )


SHORT: ( Metal Short ) Regular Wire of Net VSS & Blockage of Cell I9/I1  ( M5 )
Bounds : ( 1278.110, 1337.490 ) ( 1278.650, 1337.870 )


SHORT: ( Metal Short ) Regular Wire of Net VSS & Pin of Cell I9/I1  ( TOP_M )
Bounds : ( 1277.820, 1337.410 ) ( 1278.620, 1337.900 )


SHORT: ( Metal Short ) Regular Wire of Net VSS & Pin of Cell I9/I1  ( TOP_M )
Bounds : ( 1278.080, 1337.410 ) ( 1278.620, 1337.950 )


SPACING: ( ParallelRunLength Spacing ) Regular Wire of Net VSS & Blockage of Cell I17/I1  ( M3 )
Bounds : ( 1278.885, 1337.540 ) ( 1279.040, 1337.820 )


MAR: ( Minimum Area ) Regular Wire of Net VDD  ( M4 )
Bounds : ( 1278.160, 1317.375 ) ( 1278.540, 1317.655 )


SHORT: ( Metal Short ) Regular Wire of Net VDD & Blockage of Cell I9/I1  ( M3 )
Bounds : ( 1278.160, 1317.375 ) ( 1278.885, 1317.655 )


SHORT: ( Metal Short ) Regular Wire of Net VDD & Blockage of Cell I9/I1  ( M4 )
Bounds : ( 1278.160, 1317.375 ) ( 1278.540, 1317.655 )


SHORT: ( Metal Short ) Regular Wire of Net VDD & Blockage of Cell I9/I1  ( M4 )
Bounds : ( 1278.210, 1317.325 ) ( 1278.490, 1317.705 )


SHORT: ( Metal Short ) Regular Wire of Net VDD & Blockage of Cell I9/I1  ( M5 )
Bounds : ( 1278.110, 1317.325 ) ( 1278.650, 1317.705 )


SHORT: ( Metal Short ) Regular Wire of Net VDD & Pin of Cell I9/I1  ( TOP_M )
Bounds : ( 1277.820, 1317.245 ) ( 1278.620, 1317.735 )


SHORT: ( Metal Short ) Regular Wire of Net VSS & Blockage of Cell I9/I1  ( TOP_M )
Bounds : ( 1277.820, 1325.750 ) ( 1278.260, 1326.790 )


SHORT: ( Metal Short ) Regular Wire of Net VDD & Pin of Cell I9/I1  ( TOP_M )
Bounds : ( 1278.080, 1317.245 ) ( 1278.620, 1317.785 )


SPACING: ( ParallelRunLength Spacing ) Regular Wire of Net VDD & Blockage of Cell I17/I1  ( M3 )
Bounds : ( 1278.885, 1317.375 ) ( 1279.040, 1317.655 )


SHORT: ( Metal Short ) Regular Wire of Net VSS & Pin of Cell I9/I1  ( TOP_M )
Bounds : ( 1277.820, 1327.520 ) ( 1278.260, 1337.900 )


MAR: ( Minimum Area ) Regular Wire of Net VDD  ( M4 )
Bounds : ( 1278.160, 1305.045 ) ( 1278.540, 1305.325 )


SHORT: ( Metal Short ) Regular Wire of Net VDD & Blockage of Cell I9/I1  ( M3 )
Bounds : ( 1278.160, 1305.045 ) ( 1278.885, 1305.325 )


SHORT: ( Metal Short ) Regular Wire of Net wire_wb_dat_i[1] & Blockage of Cell I9/I1  ( M3 )
Bounds : ( 1278.160, 1312.895 ) ( 1278.885, 1313.175 )


SHORT: ( Metal Short ) Regular Wire of Net VDD & Blockage of Cell I9/I1  ( M4 )
Bounds : ( 1278.160, 1305.045 ) ( 1278.540, 1305.325 )


SHORT: ( Metal Short ) Regular Wire of Net VDD & Blockage of Cell I9/I1  ( M4 )
Bounds : ( 1278.210, 1304.995 ) ( 1278.490, 1305.375 )


SHORT: ( Metal Short ) Regular Wire of Net wire_wb_dat_i[1] & Blockage of Cell I9/I1  ( M4 )
Bounds : ( 1278.210, 1312.845 ) ( 1278.490, 1313.225 )


SHORT: ( Metal Short ) Regular Wire of Net VDD & Blockage of Cell I9/I1  ( M5 )
Bounds : ( 1278.110, 1304.995 ) ( 1278.650, 1305.375 )


SHORT: ( Metal Short ) Regular Wire of Net VDD & Pin of Cell I9/I1  ( TOP_M )
Bounds : ( 1278.080, 1304.915 ) ( 1278.620, 1305.455 )


SPACING: ( ParallelRunLength Spacing ) Regular Wire of Net VDD & Blockage of Cell I17/I1  ( M3 )
Bounds : ( 1278.885, 1305.045 ) ( 1279.040, 1305.325 )


SPACING: ( ParallelRunLength Spacing ) Regular Wire of Net wire_wb_dat_i[1] & Blockage of Cell I17/I1  ( M3 )
Bounds : ( 1278.885, 1312.895 ) ( 1279.040, 1313.175 )


SHORT: ( Metal Short ) Regular Wire of Net wire_wb_dat_i[1] & Blockage of Cell I9/I1  ( M5 )
Bounds : ( 1276.680, 1312.845 ) ( 1277.220, 1313.225 )


SHORT: ( Metal Short ) Regular Wire of Net VDD & Pin of Cell I9/I1  ( TOP_M )
Bounds : ( 1275.580, 1303.520 ) ( 1276.020, 1305.405 )


SHORT: ( Metal Short ) Regular Wire of Net wire_wb_dat_i[1] & Pin of Cell I9/I1  ( TOP_M )
Bounds : ( 1276.650, 1312.765 ) ( 1277.190, 1313.305 )


SHORT: ( Metal Short ) Regular Wire of Net wire_wb_dat_i[1] & Pin of Cell I9/I1  ( TOP_M )
Bounds : ( 1276.700, 1303.520 ) ( 1277.140, 1313.305 )


SHORT: ( Metal Short ) Regular Wire of Net wire_wb_dat_i[1] & Blockage of Cell I9/I1  ( M4 )
Bounds : ( 1276.730, 1312.895 ) ( 1278.490, 1313.175 )


SHORT: ( Metal Short ) Regular Wire of Net VDD & Pin of Cell I9/I1  ( TOP_M )
Bounds : ( 1275.580, 1304.965 ) ( 1278.620, 1305.405 )


SHORT: ( Metal Short ) Regular Wire of Net VDD & Pin of Cell I9/I1  ( TOP_M )
Bounds : ( 1277.820, 1304.965 ) ( 1278.620, 1305.455 )


MAR: ( Minimum Area ) Regular Wire of Net VSS  ( M4 )
Bounds : ( 1278.160, 1300.490 ) ( 1278.540, 1300.770 )


SHORT: ( Metal Short ) Regular Wire of Net VSS & Blockage of Cell I9/I1  ( M3 )
Bounds : ( 1278.160, 1300.490 ) ( 1278.885, 1300.770 )


SHORT: ( Metal Short ) Regular Wire of Net VSS & Blockage of Cell I9/I1  ( M3 )
Bounds : ( 1278.180, 1291.545 ) ( 1278.560, 1291.825 )


SHORT: ( Metal Short ) Regular Wire of Net VSS & Blockage of Cell I17/I1  ( M4 )
Bounds : ( 1278.160, 1300.490 ) ( 1278.540, 1300.770 )


SHORT: ( Metal Short ) Regular Wire of Net VSS & Blockage of Cell I9/I1  ( M4 )
Bounds : ( 1278.210, 1300.440 ) ( 1278.490, 1300.820 )


SHORT: ( Metal Short ) Regular Wire of Net VSS & Blockage of Cell I9/I1  ( M5 )
Bounds : ( 1278.110, 1300.440 ) ( 1278.650, 1300.820 )


SPACING: ( ParallelRunLength Spacing ) Regular Wire of Net VSS & Blockage of Cell I17/I1  ( M3 )
Bounds : ( 1278.885, 1300.490 ) ( 1279.040, 1300.770 )


SHORT: ( Metal Short ) Regular Wire of Net VSS & Pin of Cell I9/I1  ( TOP_M )
Bounds : ( 1277.820, 1300.360 ) ( 1278.620, 1300.900 )


SHORT: ( Metal Short ) Regular Wire of Net VDD & Blockage of Cell I9/I1  ( TOP_M )
Bounds : ( 1275.580, 1301.750 ) ( 1276.020, 1302.790 )


SHORT: ( Metal Short ) Regular Wire of Net wire_wb_dat_i[1] & Blockage of Cell I9/I1  ( TOP_M )
Bounds : ( 1276.700, 1301.750 ) ( 1277.140, 1302.790 )


SHORT: ( Metal Short ) Regular Wire of Net VSS & Blockage of Cell I9/I1  ( TOP_M )
Bounds : ( 1277.820, 1301.750 ) ( 1278.260, 1302.790 )


SHORT: ( Metal Short ) Regular Wire of Net VSS & Pin of Cell I9/I1  ( TOP_M )
Bounds : ( 1277.820, 1303.520 ) ( 1278.260, 1325.020 )


SHORT: ( Metal Short ) Regular Wire of Net VSS & Blockage of Cell I17/I1  ( TOP_M )
Bounds : ( 1278.120, 1300.410 ) ( 1278.260, 1337.900 )


SHORT: ( Metal Short ) Special Wire of Net VDD & Pin of Cell I17/I1  ( TOP_M )
Bounds : ( 1353.080, 1278.510 ) ( 1357.720, 1288.550 )


SHORT: ( Metal Short ) Special Wire of Net VDD & Pin of Cell I17/I1  ( TOP_M )
Bounds : ( 1353.080, 1278.780 ) ( 1361.080, 1288.280 )


SHORT: ( Metal Short ) Special Wire of Net VDD & Pin of Cell I17/I1  ( TOP_M )
Bounds : ( 1360.220, 1278.510 ) ( 1361.080, 1288.550 )


SHORT: ( Metal Short ) Regular Wire of Net VSS & Pin of Cell I9/I1  ( TOP_M )
Bounds : ( 1345.530, 1280.290 ) ( 1346.070, 1280.830 )


SHORT: ( Metal Short ) Regular Wire of Net VSS & Blockage of Cell I9/I1  ( M5 )
Bounds : ( 1345.660, 1279.530 ) ( 1345.940, 1280.750 )


SHORT: ( Metal Short ) Regular Wire of Net VSS & Blockage of Cell I9/I1  ( M5 )
Bounds : ( 1345.560, 1280.370 ) ( 1346.040, 1280.750 )


SHORT: ( Metal Short ) Regular Wire of Net VSS & Blockage of Cell I9/I1  ( M4 )
Bounds : ( 1345.610, 1279.580 ) ( 1345.990, 1279.860 )


SPACING: ( ParallelRunLength Spacing ) Regular Wire of Net VSS & Blockage of Cell I17/I1  ( M3 )
Bounds : ( 1345.990, 1278.740 ) ( 1346.020, 1279.020 )


SPACING: ( ParallelRunLength Spacing ) Regular Wire of Net VSS & Blockage of Cell I9/I1  ( M2 )
Bounds : ( 1344.890, 1279.070 ) ( 1345.170, 1279.180 )


SPACING: ( ParallelRunLength Spacing ) Regular Wire of Net VSS & Blockage of Cell I9/I1  ( M3 )
Bounds : ( 1344.840, 1279.020 ) ( 1345.990, 1279.040 )


SHORT: ( Metal Short ) Regular Wire of Net VSS & Blockage of Cell I17/I1  ( M3 )
Bounds : ( 1344.840, 1278.740 ) ( 1345.990, 1279.020 )


SHORT: ( Metal Short ) Regular Wire of Net VSS & Blockage of Cell I17/I1  ( M2 )
Bounds : ( 1344.890, 1278.370 ) ( 1345.170, 1279.070 )


SPACING: ( ParallelRunLength Spacing ) Regular Wire of Net VSS & Blockage of Cell I17/I1  ( M4 )
Bounds : ( 1345.940, 1278.690 ) ( 1346.020, 1279.860 )


SHORT: ( Metal Short ) Regular Wire of Net VSS & Blockage of Cell I9/I1  ( M4 )
Bounds : ( 1345.660, 1278.690 ) ( 1345.940, 1279.860 )


SHORT: ( Metal Short ) Special Wire of Net VDD & Pin of Cell I17/I1  ( TOP_M )
Bounds : ( 1353.080, 1247.270 ) ( 1357.720, 1257.310 )


SHORT: ( Metal Short ) Special Wire of Net VDD & Pin of Cell I17/I1  ( TOP_M )
Bounds : ( 1353.080, 1247.540 ) ( 1361.080, 1257.040 )


SHORT: ( Metal Short ) Special Wire of Net VDD & Pin of Cell I17/I1  ( TOP_M )
Bounds : ( 1360.220, 1247.270 ) ( 1361.080, 1257.310 )


MAR: ( Minimum Area ) Regular Wire of Net VSS  ( M4 )
Bounds : ( 1318.730, 1278.210 ) ( 1319.110, 1278.490 )


SHORT: ( Metal Short ) Regular Wire of Net VSS & Blockage of Cell I17/I1  ( M4 )
Bounds : ( 1318.730, 1278.210 ) ( 1319.110, 1278.490 )


SHORT: ( Metal Short ) Regular Wire of Net VSS & Blockage of Cell I17/I1  ( M4 )
Bounds : ( 1318.780, 1278.160 ) ( 1319.060, 1278.540 )


SHORT: ( Metal Short ) Regular Wire of Net VSS & Blockage of Cell I9/I1  ( M5 )
Bounds : ( 1318.680, 1278.160 ) ( 1319.220, 1278.540 )


SHORT: ( Metal Short ) Regular Wire of Net VSS & Pin of Cell I17/I1  ( TOP_M )
Bounds : ( 1318.650, 1278.080 ) ( 1319.190, 1278.620 )


SHORT: ( Metal Short ) Regular Wire of Net VSS & Blockage of Cell I17/I1  ( M3 )
Bounds : ( 1318.730, 1278.210 ) ( 1339.445, 1278.490 )


SHORT: ( Metal Short ) Regular Wire of Net VSS & Pin of Cell I17/I1  ( TOP_M )
Bounds : ( 1318.700, 1276.980 ) ( 1319.140, 1278.620 )


MAR: ( Minimum Area ) Regular Wire of Net VSS  ( M4 )
Bounds : ( 1294.260, 1278.210 ) ( 1294.640, 1278.490 )


MAR: ( Minimum Area ) Regular Wire of Net VSS  ( M4 )
Bounds : ( 1305.545, 1278.210 ) ( 1305.925, 1278.490 )


SHORT: ( Metal Short ) Regular Wire of Net VSS & Blockage of Cell I17/I1  ( M4 )
Bounds : ( 1294.260, 1278.210 ) ( 1294.640, 1278.490 )


SHORT: ( Metal Short ) Regular Wire of Net VSS & Blockage of Cell I9/I1  ( M4 )
Bounds : ( 1294.310, 1278.160 ) ( 1294.590, 1278.540 )


SHORT: ( Metal Short ) Regular Wire of Net VSS & Blockage of Cell I17/I1  ( M4 )
Bounds : ( 1305.545, 1278.210 ) ( 1305.925, 1278.490 )


SHORT: ( Metal Short ) Regular Wire of Net VSS & Blockage of Cell I9/I1  ( M4 )
Bounds : ( 1305.595, 1278.160 ) ( 1305.875, 1278.540 )


SHORT: ( Metal Short ) Regular Wire of Net VSS & Blockage of Cell I17/I1  ( M5 )
Bounds : ( 1294.210, 1278.160 ) ( 1294.750, 1278.540 )


SHORT: ( Metal Short ) Regular Wire of Net VSS & Blockage of Cell I9/I1  ( M5 )
Bounds : ( 1305.495, 1278.160 ) ( 1306.035, 1278.540 )


SHORT: ( Metal Short ) Regular Wire of Net VSS & Pin of Cell I17/I1  ( TOP_M )
Bounds : ( 1294.180, 1278.080 ) ( 1294.720, 1278.620 )


SHORT: ( Metal Short ) Regular Wire of Net VSS & Pin of Cell I17/I1  ( TOP_M )
Bounds : ( 1305.465, 1278.080 ) ( 1306.005, 1278.620 )


SHORT: ( Metal Short ) Regular Wire of Net VSS & Blockage of Cell I17/I1  ( M3 )
Bounds : ( 1294.260, 1278.210 ) ( 1305.925, 1278.490 )


SHORT: ( Metal Short ) Regular Wire of Net VSS & Pin of Cell I17/I1  ( TOP_M )
Bounds : ( 1294.230, 1276.980 ) ( 1294.670, 1278.620 )


SHORT: ( Metal Short ) Regular Wire of Net VSS & Pin of Cell I17/I1  ( TOP_M )
Bounds : ( 1305.515, 1276.980 ) ( 1305.955, 1278.620 )


SHORT: ( Metal Short ) Regular Wire of Net VSS & Pin of Cell I17/I1  ( TOP_M )
Bounds : ( 1305.515, 1276.980 ) ( 1319.140, 1277.420 )


SHORT: ( Metal Short ) Special Wire of Net VDD & Pin of Cell I16/I1  ( TOP_M )
Bounds : ( 1353.080, 1200.740 ) ( 1357.720, 1212.285 )


SHORT: ( Metal Short ) Special Wire of Net VDD & Pin of Cell I16/I1  ( TOP_M )
Bounds : ( 1353.080, 1201.010 ) ( 1361.080, 1212.015 )


SHORT: ( Metal Short ) Special Wire of Net VDD & Pin of Cell I16/I1  ( TOP_M )
Bounds : ( 1353.080, 1221.790 ) ( 1357.720, 1231.830 )


SHORT: ( Metal Short ) Special Wire of Net VDD & Pin of Cell I16/I1  ( TOP_M )
Bounds : ( 1353.080, 1222.060 ) ( 1361.080, 1231.560 )


SHORT: ( Metal Short ) Special Wire of Net VDD & Pin of Cell I16/I1  ( TOP_M )
Bounds : ( 1360.220, 1200.740 ) ( 1361.080, 1212.285 )


SHORT: ( Metal Short ) Special Wire of Net VDD & Pin of Cell I16/I1  ( TOP_M )
Bounds : ( 1360.220, 1221.790 ) ( 1361.080, 1231.830 )


MAR: ( Minimum Area ) Regular Wire of Net VSS  ( M4 )
Bounds : ( 1278.180, 1289.205 ) ( 1278.560, 1289.485 )


MAR: ( Minimum Area ) Regular Wire of Net VDD  ( M4 )
Bounds : ( 1289.610, 1278.210 ) ( 1289.990, 1278.490 )


SHORT: ( Metal Short ) Regular Wire of Net VSS & Blockage of Cell I9/I1  ( M3 )
Bounds : ( 1278.180, 1289.205 ) ( 1278.560, 1289.485 )


SHORT: ( Metal Short ) Regular Wire of Net VDD & Blockage of Cell I17/I1  ( M3 )
Bounds : ( 1289.610, 1278.210 ) ( 1290.335, 1278.490 )


SHORT: ( Metal Short ) Regular Wire of Net VSS & Blockage of Cell I9/I1  ( M4 )
Bounds : ( 1278.180, 1289.205 ) ( 1278.560, 1289.485 )


SHORT: ( Metal Short ) Regular Wire of Net VSS & Blockage of Cell I9/I1  ( M4 )
Bounds : ( 1278.230, 1289.155 ) ( 1278.510, 1289.535 )


SHORT: ( Metal Short ) Regular Wire of Net VDD & Blockage of Cell I9/I1  ( M4 )
Bounds : ( 1289.610, 1278.210 ) ( 1289.990, 1278.490 )


SHORT: ( Metal Short ) Regular Wire of Net VDD & Blockage of Cell I17/I1  ( M4 )
Bounds : ( 1289.660, 1278.160 ) ( 1289.940, 1278.540 )


SHORT: ( Metal Short ) Regular Wire of Net VSS & Blockage of Cell I9/I1  ( M5 )
Bounds : ( 1278.130, 1289.155 ) ( 1278.670, 1289.535 )


SHORT: ( Metal Short ) Regular Wire of Net VDD & Blockage of Cell I9/I1  ( M5 )
Bounds : ( 1289.560, 1278.160 ) ( 1290.100, 1278.540 )


SHORT: ( Metal Short ) Regular Wire of Net VDD & Pin of Cell I17/I1  ( TOP_M )
Bounds : ( 1289.530, 1278.080 ) ( 1290.070, 1278.620 )


SHORT: ( Metal Short ) Regular Wire of Net wire_wb_clk_i & Blockage of Cell I17/I1  ( M3 )
Bounds : ( 1278.120, 1278.180 ) ( 1282.150, 1278.460 )


SHORT: ( Metal Short ) Regular Wire of Net VDD & Blockage of Cell I9/I1  ( TOP_M )
Bounds : ( 1275.580, 1278.120 ) ( 1276.020, 1278.790 )


SHORT: ( Metal Short ) Regular Wire of Net wire_wb_dat_i[1] & Blockage of Cell I9/I1  ( TOP_M )
Bounds : ( 1276.700, 1278.120 ) ( 1277.140, 1278.790 )


SHORT: ( Metal Short ) Regular Wire of Net VSS & Blockage of Cell I9/I1  ( TOP_M )
Bounds : ( 1277.820, 1278.120 ) ( 1278.260, 1278.790 )


SHORT: ( Metal Short ) Regular Wire of Net VSS & Pin of Cell I9/I1  ( TOP_M )
Bounds : ( 1277.820, 1289.075 ) ( 1278.640, 1289.615 )


SHORT: ( Metal Short ) Regular Wire of Net VSS & Blockage of Cell I17/I1  ( M5 )
Bounds : ( 1278.120, 1277.010 ) ( 1278.280, 1277.390 )


SHORT: ( Metal Short ) Regular Wire of Net VDD & Blockage of Cell I17/I1  ( TOP_M )
Bounds : ( 1278.120, 1275.300 ) ( 1278.790, 1275.740 )


SHORT: ( Metal Short ) Regular Wire of Net VSS & Blockage of Cell I17/I1  ( TOP_M )
Bounds : ( 1278.120, 1276.930 ) ( 1278.310, 1277.470 )


SHORT: ( Metal Short ) Regular Wire of Net VSS & Blockage of Cell I17/I1  ( TOP_M )
Bounds : ( 1278.120, 1276.980 ) ( 1278.790, 1277.420 )


SHORT: ( Metal Short ) Regular Wire of Net VDD & Pin of Cell I17/I1  ( TOP_M )
Bounds : ( 1279.520, 1275.300 ) ( 1290.020, 1275.740 )


SPACING: ( ParallelRunLength Spacing ) Regular Wire of Net wire_wb_dat_i[1] & Regular Wire of Net VSS  ( M5 )
Bounds : ( 1277.160, 1277.010 ) ( 1277.340, 1277.390 )


SPACING: ( ParallelRunLength Spacing ) Regular Wire of Net VSS  ( M5 )
Bounds : ( 1277.620, 1277.010 ) ( 1277.800, 1277.390 )


SHORT: ( Metal Short ) Regular Wire of Net VSS & Blockage of Cell I17/I1  ( TOP_M )
Bounds : ( 1278.120, 1276.980 ) ( 1278.260, 1289.565 )


SHORT: ( Metal Short ) Regular Wire of Net VDD & Pin of Cell I17/I1  ( TOP_M )
Bounds : ( 1289.580, 1275.300 ) ( 1290.020, 1278.620 )


SHORT: ( Metal Short ) Regular Wire of Net VSS & Pin of Cell I17/I1  ( TOP_M )
Bounds : ( 1279.520, 1276.980 ) ( 1294.670, 1277.420 )


SPACING: ( ParallelRunLength Spacing ) Regular Wire of Net VDD & Blockage of Cell I9/I1  ( M3 )
Bounds : ( 1290.335, 1278.210 ) ( 1290.565, 1278.490 )


SHORT: ( Metal Short ) Regular Wire of Net VSS & Blockage of Cell I9/I1  ( M3 )
Bounds : ( 1278.230, 1289.205 ) ( 1278.510, 1291.825 )


SHORT: ( Metal Short ) Regular Wire of Net VDD & Pin of Cell I9/I1  ( TOP_M )
Bounds : ( 1275.580, 1279.520 ) ( 1276.020, 1301.020 )


SHORT: ( Metal Short ) Regular Wire of Net wire_wb_dat_i[1] & Pin of Cell I9/I1  ( TOP_M )
Bounds : ( 1276.700, 1279.520 ) ( 1277.140, 1301.020 )


SHORT: ( Metal Short ) Regular Wire of Net VSS & Pin of Cell I9/I1  ( TOP_M )
Bounds : ( 1277.820, 1279.520 ) ( 1278.260, 1301.020 )


SHORT: ( Metal Short ) Regular Wire of Net VSS & Pin of Cell I9/I1  ( TOP_M )
Bounds : ( 1345.580, 1280.290 ) ( 1346.020, 1301.020 )


SHORT: ( Metal Short ) Regular Wire of Net VSS & Pin of Cell I17/I1  ( TOP_M )
Bounds : ( 1346.020, 1280.290 ) ( 1346.020, 1350.040 )


SPACING: ( ParallelRunLength Spacing ) Regular Wire of Net VSS & Blockage of Cell I17/I1  ( TOP_M )
Bounds : ( 1345.290, 1280.340 ) ( 1345.580, 1350.040 )


SHORT: ( Metal Short ) Special Wire of Net VSS & Pin of Cell I9/I1  ( TOP_M )
Bounds : ( 1343.280, 1388.520 ) ( 1350.040, 1398.520 )


SHORT: ( Metal Short ) Special Wire of Net VSS & Pin of Cell I9/I1  ( TOP_M )
Bounds : ( 1343.280, 1388.520 ) ( 1347.540, 1398.790 )


SHORT: ( Metal Short ) Special Wire of Net VDD & Pin of Cell I15/I1  ( TOP_M )
Bounds : ( 1353.080, 1117.060 ) ( 1361.080, 1126.560 )


SHORT: ( Metal Short ) Special Wire of Net VDD & Pin of Cell I14/I1  ( TOP_M )
Bounds : ( 1353.080, 1011.790 ) ( 1357.720, 1021.830 )


SHORT: ( Metal Short ) Special Wire of Net VDD & Pin of Cell I14/I1  ( TOP_M )
Bounds : ( 1353.080, 1012.060 ) ( 1361.080, 1021.560 )


SHORT: ( Metal Short ) Special Wire of Net VDD & Pin of Cell I15/I1  ( TOP_M )
Bounds : ( 1353.080, 1037.270 ) ( 1357.720, 1047.310 )


SHORT: ( Metal Short ) Special Wire of Net VDD & Pin of Cell I15/I1  ( TOP_M )
Bounds : ( 1353.080, 1037.540 ) ( 1361.080, 1047.040 )


SHORT: ( Metal Short ) Special Wire of Net VDD & Pin of Cell I15/I1  ( TOP_M )
Bounds : ( 1353.080, 1068.510 ) ( 1357.720, 1078.550 )


SHORT: ( Metal Short ) Special Wire of Net VDD & Pin of Cell I15/I1  ( TOP_M )
Bounds : ( 1353.080, 1068.780 ) ( 1361.080, 1078.280 )


SHORT: ( Metal Short ) Special Wire of Net VDD & Pin of Cell I15/I1  ( TOP_M )
Bounds : ( 1353.080, 1095.740 ) ( 1357.720, 1107.285 )


SHORT: ( Metal Short ) Special Wire of Net VDD & Pin of Cell I15/I1  ( TOP_M )
Bounds : ( 1353.080, 1096.010 ) ( 1361.080, 1107.015 )


SHORT: ( Metal Short ) Special Wire of Net VDD & Pin of Cell I15/I1  ( TOP_M )
Bounds : ( 1353.080, 1116.790 ) ( 1357.720, 1126.830 )


SHORT: ( Metal Short ) Special Wire of Net VDD & Pin of Cell I14/I1  ( TOP_M )
Bounds : ( 1360.220, 1011.790 ) ( 1361.080, 1021.830 )


SHORT: ( Metal Short ) Special Wire of Net VDD & Pin of Cell I15/I1  ( TOP_M )
Bounds : ( 1360.220, 1037.270 ) ( 1361.080, 1047.310 )


SHORT: ( Metal Short ) Special Wire of Net VDD & Pin of Cell I15/I1  ( TOP_M )
Bounds : ( 1360.220, 1068.510 ) ( 1361.080, 1078.550 )


SHORT: ( Metal Short ) Special Wire of Net VDD & Pin of Cell I15/I1  ( TOP_M )
Bounds : ( 1360.220, 1095.740 ) ( 1361.080, 1107.285 )


SHORT: ( Metal Short ) Special Wire of Net VDD & Pin of Cell I15/I1  ( TOP_M )
Bounds : ( 1360.220, 1116.790 ) ( 1361.080, 1126.830 )


SHORT: ( Metal Short ) Special Wire of Net VDD & Pin of Cell I16/I1  ( TOP_M )
Bounds : ( 1353.080, 1142.270 ) ( 1357.720, 1152.310 )


SHORT: ( Metal Short ) Special Wire of Net VDD & Pin of Cell I16/I1  ( TOP_M )
Bounds : ( 1353.080, 1142.540 ) ( 1361.080, 1152.040 )


SHORT: ( Metal Short ) Special Wire of Net VDD & Pin of Cell I16/I1  ( TOP_M )
Bounds : ( 1353.080, 1173.510 ) ( 1357.720, 1183.550 )


SHORT: ( Metal Short ) Special Wire of Net VDD & Pin of Cell I16/I1  ( TOP_M )
Bounds : ( 1353.080, 1173.780 ) ( 1361.080, 1183.280 )


SHORT: ( Metal Short ) Special Wire of Net VDD & Pin of Cell I16/I1  ( TOP_M )
Bounds : ( 1360.220, 1142.270 ) ( 1361.080, 1152.310 )


SHORT: ( Metal Short ) Special Wire of Net VDD & Pin of Cell I16/I1  ( TOP_M )
Bounds : ( 1360.220, 1173.510 ) ( 1361.080, 1183.550 )


SHORT: ( Metal Short ) Special Wire of Net VDD & Pin of Cell PAD_I3/I1  ( TOP_M )
Bounds : ( 1353.080, 812.770 ) ( 1357.720, 822.810 )


SHORT: ( Metal Short ) Special Wire of Net VDD & Pin of Cell PAD_I3/I1  ( TOP_M )
Bounds : ( 1353.080, 813.040 ) ( 1361.080, 822.540 )


SHORT: ( Metal Short ) Special Wire of Net VDD & Pin of Cell I13/I1  ( TOP_M )
Bounds : ( 1353.080, 827.270 ) ( 1357.720, 837.310 )


SHORT: ( Metal Short ) Special Wire of Net VDD & Pin of Cell I13/I1  ( TOP_M )
Bounds : ( 1353.080, 827.540 ) ( 1361.080, 837.040 )


SHORT: ( Metal Short ) Special Wire of Net VDD & Pin of Cell I13/I1  ( TOP_M )
Bounds : ( 1353.080, 858.510 ) ( 1357.720, 868.550 )


SHORT: ( Metal Short ) Special Wire of Net VDD & Pin of Cell I13/I1  ( TOP_M )
Bounds : ( 1353.080, 858.780 ) ( 1361.080, 868.280 )


SHORT: ( Metal Short ) Special Wire of Net VDD & Pin of Cell I13/I1  ( TOP_M )
Bounds : ( 1353.080, 885.740 ) ( 1357.720, 897.285 )


SHORT: ( Metal Short ) Special Wire of Net VDD & Pin of Cell I13/I1  ( TOP_M )
Bounds : ( 1353.080, 886.010 ) ( 1361.080, 897.015 )


SHORT: ( Metal Short ) Special Wire of Net VDD & Pin of Cell I13/I1  ( TOP_M )
Bounds : ( 1353.080, 906.790 ) ( 1357.720, 916.830 )


SHORT: ( Metal Short ) Special Wire of Net VDD & Pin of Cell I13/I1  ( TOP_M )
Bounds : ( 1353.080, 907.060 ) ( 1361.080, 916.560 )


SHORT: ( Metal Short ) Special Wire of Net VDD & Pin of Cell PAD_I3/I1  ( TOP_M )
Bounds : ( 1360.220, 812.770 ) ( 1361.080, 822.810 )


SHORT: ( Metal Short ) Special Wire of Net VDD & Pin of Cell I13/I1  ( TOP_M )
Bounds : ( 1360.220, 827.270 ) ( 1361.080, 837.310 )


SHORT: ( Metal Short ) Special Wire of Net VDD & Pin of Cell I13/I1  ( TOP_M )
Bounds : ( 1360.220, 858.510 ) ( 1361.080, 868.550 )


SHORT: ( Metal Short ) Special Wire of Net VDD & Pin of Cell I13/I1  ( TOP_M )
Bounds : ( 1360.220, 885.740 ) ( 1361.080, 897.285 )


SHORT: ( Metal Short ) Special Wire of Net VDD & Pin of Cell I13/I1  ( TOP_M )
Bounds : ( 1360.220, 906.790 ) ( 1361.080, 916.830 )


SHORT: ( Metal Short ) Special Wire of Net VDD & Pin of Cell I14/I1  ( TOP_M )
Bounds : ( 1353.080, 932.270 ) ( 1357.720, 942.310 )


SHORT: ( Metal Short ) Special Wire of Net VDD & Pin of Cell I14/I1  ( TOP_M )
Bounds : ( 1353.080, 932.540 ) ( 1361.080, 942.040 )


SHORT: ( Metal Short ) Special Wire of Net VDD & Pin of Cell I14/I1  ( TOP_M )
Bounds : ( 1353.080, 963.510 ) ( 1357.720, 973.550 )


SHORT: ( Metal Short ) Special Wire of Net VDD & Pin of Cell I14/I1  ( TOP_M )
Bounds : ( 1353.080, 963.780 ) ( 1361.080, 973.280 )


SHORT: ( Metal Short ) Special Wire of Net VDD & Pin of Cell I14/I1  ( TOP_M )
Bounds : ( 1360.220, 932.270 ) ( 1361.080, 942.310 )


SHORT: ( Metal Short ) Special Wire of Net VDD & Pin of Cell I14/I1  ( TOP_M )
Bounds : ( 1360.220, 963.510 ) ( 1361.080, 973.550 )


SHORT: ( Metal Short ) Special Wire of Net VDD & Pin of Cell I14/I1  ( TOP_M )
Bounds : ( 1353.080, 991.010 ) ( 1361.080, 1002.015 )


SHORT: ( Metal Short ) Special Wire of Net VDD & Pin of Cell I14/I1  ( TOP_M )
Bounds : ( 1353.080, 990.740 ) ( 1357.720, 1002.285 )


SHORT: ( Metal Short ) Special Wire of Net VDD & Pin of Cell I14/I1  ( TOP_M )
Bounds : ( 1360.220, 990.740 ) ( 1361.080, 1002.285 )


MAR: ( Minimum Area ) Regular Wire of Net VSS  ( M4 )
Bounds : ( 308.490, 1344.890 ) ( 308.870, 1345.170 )


SHORT: ( Metal Short ) Regular Wire of Net VSS & Blockage of Cell I34/I1  ( M4 )
Bounds : ( 308.490, 1344.890 ) ( 308.870, 1345.170 )


SHORT: ( Metal Short ) Regular Wire of Net VSS & Blockage of Cell I34/I1  ( M4 )
Bounds : ( 308.540, 1344.840 ) ( 308.820, 1345.220 )


SHORT: ( Metal Short ) Regular Wire of Net VSS & Blockage of Cell I34/I1  ( M5 )
Bounds : ( 308.440, 1344.840 ) ( 308.980, 1345.220 )


SHORT: ( Metal Short ) Regular Wire of Net VSS & Pin of Cell I34/I1  ( TOP_M )
Bounds : ( 308.410, 1344.760 ) ( 308.640, 1345.300 )


SHORT: ( Metal Short ) Regular Wire of Net VDD & Regular Wire of Net VSS  ( TOP_M )
Bounds : ( 308.460, 1344.760 ) ( 308.900, 1351.390 )


SPACING: ( ParallelRunLength Spacing ) Regular Wire of Net VSS & Blockage of Cell I1/I1  ( M3 )
Bounds : ( 309.980, 1344.890 ) ( 310.040, 1345.170 )


SPACING: ( ParallelRunLength Spacing ) Regular Wire of Net VSS & Blockage of Cell I34/I1  ( TOP_M )
Bounds : ( 308.950, 1344.760 ) ( 309.370, 1345.300 )


SHORT: ( Metal Short ) Regular Wire of Net VSS & Blockage of Cell I34/I1  ( M3 )
Bounds : ( 308.490, 1344.890 ) ( 309.160, 1345.170 )


MAR: ( Minimum Area ) Regular Wire of Net VDD  ( M4 )
Bounds : ( 308.490, 1339.115 ) ( 308.870, 1339.395 )


SHORT: ( Metal Short ) Regular Wire of Net VDD & Blockage of Cell I34/I1  ( M4 )
Bounds : ( 308.490, 1339.115 ) ( 308.870, 1339.395 )


SHORT: ( Metal Short ) Regular Wire of Net VDD & Blockage of Cell I34/I1  ( M4 )
Bounds : ( 308.540, 1339.065 ) ( 308.820, 1339.445 )


SHORT: ( Metal Short ) Regular Wire of Net VDD & Blockage of Cell I34/I1  ( M5 )
Bounds : ( 308.440, 1339.065 ) ( 308.980, 1339.445 )


SHORT: ( Metal Short ) Regular Wire of Net VDD & Pin of Cell I34/I1  ( TOP_M )
Bounds : ( 308.410, 1338.985 ) ( 308.640, 1339.525 )


SPACING: ( ParallelRunLength Spacing ) Regular Wire of Net VDD & Blockage of Cell I34/I1  ( M2 )
Bounds : ( 309.120, 1339.065 ) ( 309.380, 1339.445 )


SPACING: ( ParallelRunLength Spacing ) Regular Wire of Net VDD & Blockage of Cell I34/I1  ( TOP_M )
Bounds : ( 308.950, 1338.985 ) ( 309.370, 1339.525 )


SHORT: ( Metal Short ) Regular Wire of Net VDD & Blockage of Cell I34/I1  ( M3 )
Bounds : ( 308.490, 1339.115 ) ( 309.160, 1339.395 )


SHORT: ( Metal Short ) Regular Wire of Net wire_wb_dat_o[0] & Pin of Cell I1/I1  ( TOP_M )
Bounds : ( 311.260, 1315.520 ) ( 311.700, 1325.020 )


SHORT: ( Metal Short ) Regular Wire of Net wire_wb_dat_o[0] & Blockage of Cell I1/I1  ( TOP_M )
Bounds : ( 311.260, 1325.750 ) ( 311.700, 1326.790 )


SPACING: ( ParallelRunLength Spacing ) Regular Wire of Net wire_wb_dat_o[0]  ( TOP_M )
Bounds : ( 311.190, 1327.330 ) ( 311.260, 1327.380 )


SHORT: ( Metal Short ) Regular Wire of Net wire_wb_dat_o[0] & Blockage of Cell I34/I1  ( M3 )
Bounds : ( 309.620, 1327.460 ) ( 310.000, 1327.705 )


SHORT: ( Metal Short ) Regular Wire of Net wire_wb_dat_o[0] & Blockage of Cell I34/I1  ( M4 )
Bounds : ( 309.670, 1327.410 ) ( 309.950, 1327.790 )


SHORT: ( Metal Short ) Regular Wire of Net wire_wb_dat_o[0] & Blockage of Cell I34/I1  ( M4 )
Bounds : ( 309.670, 1327.460 ) ( 310.040, 1327.740 )


SHORT: ( Metal Short ) Regular Wire of Net wire_wb_dat_o[0] & Blockage of Cell I1/I1  ( M5 )
Bounds : ( 310.680, 1327.410 ) ( 311.220, 1327.790 )


SHORT: ( Metal Short ) Regular Wire of Net wire_wb_dat_o[0] & Pin of Cell I1/I1  ( TOP_M )
Bounds : ( 310.650, 1327.520 ) ( 311.700, 1327.820 )


SHORT: ( Metal Short ) Regular Wire of Net wire_wb_dat_o[0] & Pin of Cell I1/I1  ( TOP_M )
Bounds : ( 310.650, 1327.520 ) ( 311.190, 1327.870 )


SPACING: ( ParallelRunLength Spacing ) Regular Wire of Net wire_wb_dat_o[0] & Blockage of Cell I1/I1  ( M3 )
Bounds : ( 309.950, 1327.460 ) ( 310.040, 1328.495 )


SPACING: ( ParallelRunLength Spacing ) Regular Wire of Net wire_wb_dat_o[0] & Blockage of Cell I1/I1  ( M4 )
Bounds : ( 309.950, 1327.410 ) ( 310.040, 1327.790 )


SHORT: ( Metal Short ) Regular Wire of Net wire_wb_dat_o[0] & Blockage of Cell I1/I1  ( M4 )
Bounds : ( 310.040, 1327.460 ) ( 311.110, 1327.740 )


SHORT: ( Metal Short ) Regular Wire of Net VSS & Blockage of Cell I34/I1  ( M3 )
Bounds : ( 309.650, 1304.065 ) ( 309.930, 1305.085 )


SHORT: ( Metal Short ) Regular Wire of Net wire_wb_dat_o[0] & Pin of Cell I1/I1  ( TOP_M )
Bounds : ( 311.260, 1303.520 ) ( 311.700, 1313.020 )


SHORT: ( Metal Short ) Regular Wire of Net wire_wb_dat_o[0] & Blockage of Cell I1/I1  ( TOP_M )
Bounds : ( 311.260, 1313.750 ) ( 311.700, 1314.790 )


SHORT: ( Metal Short ) Regular Wire of Net wire_wb_dat_o[0] & Pin of Cell I1/I1  ( TOP_M )
Bounds : ( 311.260, 1291.520 ) ( 311.700, 1301.020 )


SHORT: ( Metal Short ) Regular Wire of Net VSS & Blockage of Cell I34/I1  ( M3 )
Bounds : ( 309.650, 1302.260 ) ( 309.930, 1302.725 )


SHORT: ( Metal Short ) Regular Wire of Net VSS & Blockage of Cell I34/I1  ( M3 )
Bounds : ( 309.600, 1302.260 ) ( 309.980, 1302.540 )


MAR: ( Minimum Area ) Regular Wire of Net VSS  ( M4 )
Bounds : ( 309.600, 1302.260 ) ( 309.980, 1302.540 )


SHORT: ( Metal Short ) Regular Wire of Net VSS & Blockage of Cell I34/I1  ( M4 )
Bounds : ( 309.600, 1302.260 ) ( 309.980, 1302.540 )


SHORT: ( Metal Short ) Regular Wire of Net VSS & Blockage of Cell I34/I1  ( M4 )
Bounds : ( 309.650, 1302.210 ) ( 309.930, 1302.590 )


SHORT: ( Metal Short ) Regular Wire of Net VSS & Blockage of Cell I34/I1  ( M5 )
Bounds : ( 309.550, 1302.210 ) ( 310.040, 1302.590 )


SHORT: ( Metal Short ) Regular Wire of Net VSS & Blockage of Cell I1/I1  ( M5 )
Bounds : ( 310.040, 1302.210 ) ( 310.090, 1302.590 )


SHORT: ( Metal Short ) Regular Wire of Net VSS & Blockage of Cell I34/I1  ( TOP_M )
Bounds : ( 309.370, 1302.180 ) ( 310.010, 1302.620 )


SHORT: ( Metal Short ) Regular Wire of Net VSS & Blockage of Cell I34/I1  ( TOP_M )
Bounds : ( 309.520, 1302.130 ) ( 310.040, 1302.670 )


SHORT: ( Metal Short ) Regular Wire of Net VSS & Blockage of Cell I1/I1  ( TOP_M )
Bounds : ( 310.040, 1302.130 ) ( 310.060, 1302.670 )


SPACING: ( ParallelRunLength Spacing ) Regular Wire of Net VSS & Blockage of Cell I1/I1  ( M4 )
Bounds : ( 309.930, 1302.210 ) ( 310.040, 1302.590 )


SHORT: ( Metal Short ) Regular Wire of Net VSS & Blockage of Cell I34/I1  ( M4 )
Bounds : ( 308.490, 1294.310 ) ( 308.870, 1294.590 )


MAR: ( Minimum Area ) Regular Wire of Net VSS  ( M4 )
Bounds : ( 308.490, 1294.310 ) ( 308.870, 1294.590 )


SHORT: ( Metal Short ) Regular Wire of Net VSS & Blockage of Cell I34/I1  ( M4 )
Bounds : ( 308.540, 1294.260 ) ( 308.820, 1294.640 )


SHORT: ( Metal Short ) Regular Wire of Net VSS & Blockage of Cell I34/I1  ( M5 )
Bounds : ( 308.440, 1294.260 ) ( 308.980, 1294.640 )


SHORT: ( Metal Short ) Regular Wire of Net VSS & Pin of Cell I34/I1  ( TOP_M )
Bounds : ( 308.410, 1294.180 ) ( 308.640, 1294.720 )


SPACING: ( ParallelRunLength Spacing ) Regular Wire of Net VSS & Blockage of Cell I1/I1  ( M3 )
Bounds : ( 309.980, 1294.310 ) ( 310.040, 1294.590 )


SPACING: ( ParallelRunLength Spacing ) Regular Wire of Net VSS & Blockage of Cell I34/I1  ( TOP_M )
Bounds : ( 308.950, 1294.180 ) ( 309.370, 1294.720 )


SHORT: ( Metal Short ) Regular Wire of Net VSS & Blockage of Cell I34/I1  ( M3 )
Bounds : ( 308.490, 1294.310 ) ( 309.120, 1294.590 )


SHORT: ( Metal Short ) Regular Wire of Net wire_wb_dat_o[0] & Blockage of Cell I1/I1  ( TOP_M )
Bounds : ( 311.260, 1301.750 ) ( 311.700, 1302.790 )


SPACING: ( ParallelRunLength Spacing ) Regular Wire of Net VSS & Blockage of Cell I1/I1  ( M3 )
Bounds : ( 309.930, 1302.260 ) ( 310.040, 1305.875 )


SHORT: ( Metal Short ) Regular Wire of Net VDD & Pin of Cell I34/I1  ( TOP_M )
Bounds : ( 308.460, 1338.985 ) ( 308.640, 1350.040 )


SHORT: ( Metal Short ) Regular Wire of Net wire_wb_dat_o[0] & Blockage of Cell I1/I1  ( M5 )
Bounds : ( 311.240, 1278.120 ) ( 311.720, 1278.230 )


SHORT: ( Metal Short ) Regular Wire of Net VDD & Blockage of Cell I1/I1  ( M5 )
Bounds : ( 311.240, 1288.770 ) ( 311.780, 1289.150 )


SHORT: ( Metal Short ) Regular Wire of Net wire_wb_dat_o[0] & Blockage of Cell I1/I1  ( TOP_M )
Bounds : ( 311.210, 1278.120 ) ( 311.750, 1278.310 )


SHORT: ( Metal Short ) Regular Wire of Net VDD & Pin of Cell I1/I1  ( TOP_M )
Bounds : ( 311.210, 1288.690 ) ( 311.750, 1289.020 )


SHORT: ( Metal Short ) Regular Wire of Net VDD & Blockage of Cell I34/I1  ( M3 )
Bounds : ( 309.620, 1288.820 ) ( 310.000, 1289.100 )


SHORT: ( Metal Short ) Regular Wire of Net VDD & Blockage of Cell I34/I1  ( M3 )
Bounds : ( 309.670, 1288.820 ) ( 309.950, 1289.225 )


SHORT: ( Metal Short ) Regular Wire of Net VDD & Blockage of Cell I34/I1  ( M4 )
Bounds : ( 309.670, 1288.770 ) ( 309.950, 1289.150 )


SHORT: ( Metal Short ) Regular Wire of Net VDD & Blockage of Cell I34/I1  ( M4 )
Bounds : ( 309.670, 1288.820 ) ( 310.040, 1289.100 )


SPACING: ( ParallelRunLength Spacing ) Regular Wire of Net VDD & Blockage of Cell I1/I1  ( M3 )
Bounds : ( 309.950, 1288.820 ) ( 310.040, 1290.035 )


SPACING: ( ParallelRunLength Spacing ) Regular Wire of Net VDD & Blockage of Cell I1/I1  ( M4 )
Bounds : ( 309.950, 1288.770 ) ( 310.040, 1289.150 )


SHORT: ( Metal Short ) Regular Wire of Net VDD & Blockage of Cell I1/I1  ( M4 )
Bounds : ( 310.040, 1288.820 ) ( 311.670, 1289.100 )


SHORT: ( Metal Short ) Regular Wire of Net VSS & Blockage of Cell I34/I1  ( TOP_M )
Bounds : ( 309.370, 1277.345 ) ( 310.040, 1277.785 )


SPACING: ( ParallelRunLength Spacing ) Regular Wire of Net VSS & Blockage of Cell I34/I1  ( M5 )
Bounds : ( 310.040, 1277.375 ) ( 310.120, 1277.755 )


SPACING: ( ParallelRunLength Spacing ) Regular Wire of Net VSS  ( M5 )
Bounds : ( 310.600, 1277.375 ) ( 310.640, 1277.425 )


SPACING: ( ParallelRunLength Spacing ) Regular Wire of Net VSS & Blockage of Cell I34/I1  ( TOP_M )
Bounds : ( 310.040, 1277.295 ) ( 310.090, 1277.835 )


SPACING: ( ParallelRunLength Spacing ) Regular Wire of Net VSS & Regular Wire of Net VDD  ( TOP_M )
Bounds : ( 310.630, 1277.295 ) ( 310.700, 1277.420 )


SPACING: ( ParallelRunLength Spacing ) Regular Wire of Net VDD & Regular Wire of Net wire_wb_dat_o[0]  ( TOP_M )
Bounds : ( 311.140, 1277.420 ) ( 311.260, 1277.770 )


SHORT: ( Metal Short ) Regular Wire of Net wire_wb_dat_o[0] & Regular Wire of Net VDD  ( TOP_M )
Bounds : ( 311.260, 1277.770 ) ( 311.700, 1289.230 )


SPACING: ( ParallelRunLength Spacing ) Regular Wire of Net VSS & Blockage of Cell I1/I1  ( TOP_M )
Bounds : ( 310.040, 1277.785 ) ( 310.580, 1278.120 )


SPACING: ( ParallelRunLength Spacing ) Regular Wire of Net VSS & Blockage of Cell I1/I1  ( TOP_M )
Bounds : ( 310.090, 1277.835 ) ( 310.630, 1278.120 )


SHORT: ( Metal Short ) Regular Wire of Net VSS & Pin of Cell I34/I1  ( TOP_M )
Bounds : ( 308.460, 1277.345 ) ( 308.640, 1302.620 )


SHORT: ( Metal Short ) Regular Wire of Net wire_wb_dat_o[0] & Blockage of Cell I1/I1  ( TOP_M )
Bounds : ( 311.260, 1289.750 ) ( 311.700, 1290.790 )


SPACING: ( ParallelRunLength Spacing ) Special Wire of Net VSS & Pin of Cell Pcornerll/I1  ( TOP_M )
Bounds : ( 127.140, 1352.660 ) ( 131.460, 1353.120 )


SHORT: ( Metal Short ) Special Wire of Net VDD & Pin of Cell PAD_G3/I1  ( TOP_M )
Bounds : ( 1353.080, 689.950 ) ( 1357.720, 699.990 )


SHORT: ( Metal Short ) Special Wire of Net VDD & Pin of Cell I12/I1  ( TOP_M )
Bounds : ( 1353.080, 601.790 ) ( 1357.720, 611.830 )


SHORT: ( Metal Short ) Special Wire of Net VDD & Pin of Cell I12/I1  ( TOP_M )
Bounds : ( 1353.080, 602.060 ) ( 1361.080, 611.560 )


SHORT: ( Metal Short ) Special Wire of Net VDD & Pin of Cell PAD_G3/I1  ( TOP_M )
Bounds : ( 1353.080, 627.270 ) ( 1357.720, 637.310 )


SHORT: ( Metal Short ) Special Wire of Net VDD & Pin of Cell PAD_G3/I1  ( TOP_M )
Bounds : ( 1353.080, 627.540 ) ( 1361.080, 637.040 )


SHORT: ( Metal Short ) Special Wire of Net VDD & Pin of Cell PAD_G3/I1  ( TOP_M )
Bounds : ( 1353.080, 654.775 ) ( 1357.720, 664.815 )


SHORT: ( Metal Short ) Special Wire of Net VDD & Pin of Cell PAD_G3/I1  ( TOP_M )
Bounds : ( 1353.080, 655.045 ) ( 1361.080, 664.545 )


SHORT: ( Metal Short ) Special Wire of Net VDD & Pin of Cell I12/I1  ( TOP_M )
Bounds : ( 1360.220, 601.790 ) ( 1361.080, 611.830 )


SHORT: ( Metal Short ) Special Wire of Net VDD & Pin of Cell PAD_G3/I1  ( TOP_M )
Bounds : ( 1360.220, 627.270 ) ( 1361.080, 637.310 )


SHORT: ( Metal Short ) Special Wire of Net VDD & Pin of Cell PAD_G3/I1  ( TOP_M )
Bounds : ( 1360.220, 654.775 ) ( 1361.080, 664.815 )


SHORT: ( Metal Short ) Special Wire of Net VDD & Pin of Cell PAD_G3/I1  ( TOP_M )
Bounds : ( 1353.080, 690.220 ) ( 1361.080, 699.720 )


SHORT: ( Metal Short ) Special Wire of Net VDD & Pin of Cell PAD_G3/I1  ( TOP_M )
Bounds : ( 1353.080, 712.770 ) ( 1357.720, 722.810 )


SHORT: ( Metal Short ) Special Wire of Net VDD & Pin of Cell PAD_G3/I1  ( TOP_M )
Bounds : ( 1353.080, 713.040 ) ( 1361.080, 722.540 )


SHORT: ( Metal Short ) Special Wire of Net VDD & Pin of Cell PAD_I3/I1  ( TOP_M )
Bounds : ( 1353.080, 727.270 ) ( 1357.720, 737.310 )


SHORT: ( Metal Short ) Special Wire of Net VDD & Pin of Cell PAD_I3/I1  ( TOP_M )
Bounds : ( 1353.080, 727.540 ) ( 1361.080, 737.040 )


SHORT: ( Metal Short ) Special Wire of Net VDD & Pin of Cell PAD_I3/I1  ( TOP_M )
Bounds : ( 1353.080, 754.775 ) ( 1357.720, 764.815 )


SHORT: ( Metal Short ) Special Wire of Net VDD & Pin of Cell PAD_I3/I1  ( TOP_M )
Bounds : ( 1353.080, 755.045 ) ( 1361.080, 764.545 )


SHORT: ( Metal Short ) Special Wire of Net VDD & Pin of Cell PAD_G3/I1  ( TOP_M )
Bounds : ( 1360.220, 689.950 ) ( 1361.080, 699.990 )


SHORT: ( Metal Short ) Special Wire of Net VDD & Pin of Cell PAD_G3/I1  ( TOP_M )
Bounds : ( 1360.220, 712.770 ) ( 1361.080, 722.810 )


SHORT: ( Metal Short ) Special Wire of Net VDD & Pin of Cell PAD_I3/I1  ( TOP_M )
Bounds : ( 1360.220, 727.270 ) ( 1361.080, 737.310 )


SHORT: ( Metal Short ) Special Wire of Net VDD & Pin of Cell PAD_I3/I1  ( TOP_M )
Bounds : ( 1360.220, 754.775 ) ( 1361.080, 764.815 )


SHORT: ( Metal Short ) Special Wire of Net VDD & Pin of Cell I11/I1  ( TOP_M )
Bounds : ( 1353.080, 417.270 ) ( 1357.720, 427.310 )


SHORT: ( Metal Short ) Special Wire of Net VDD & Pin of Cell I11/I1  ( TOP_M )
Bounds : ( 1353.080, 417.540 ) ( 1361.080, 427.040 )


SHORT: ( Metal Short ) Special Wire of Net VDD & Pin of Cell I11/I1  ( TOP_M )
Bounds : ( 1353.080, 448.510 ) ( 1357.720, 458.550 )


SHORT: ( Metal Short ) Special Wire of Net VDD & Pin of Cell I11/I1  ( TOP_M )
Bounds : ( 1353.080, 448.780 ) ( 1361.080, 458.280 )


SHORT: ( Metal Short ) Special Wire of Net VDD & Pin of Cell I11/I1  ( TOP_M )
Bounds : ( 1360.220, 417.270 ) ( 1361.080, 427.310 )


SHORT: ( Metal Short ) Special Wire of Net VDD & Pin of Cell I11/I1  ( TOP_M )
Bounds : ( 1360.220, 448.510 ) ( 1361.080, 458.550 )


SHORT: ( Metal Short ) Special Wire of Net VDD & Pin of Cell I11/I1  ( TOP_M )
Bounds : ( 1353.080, 475.740 ) ( 1357.720, 487.285 )


SHORT: ( Metal Short ) Special Wire of Net VDD & Pin of Cell I11/I1  ( TOP_M )
Bounds : ( 1353.080, 476.010 ) ( 1361.080, 487.015 )


SHORT: ( Metal Short ) Special Wire of Net VDD & Pin of Cell I11/I1  ( TOP_M )
Bounds : ( 1353.080, 496.790 ) ( 1357.720, 506.830 )


SHORT: ( Metal Short ) Special Wire of Net VDD & Pin of Cell I11/I1  ( TOP_M )
Bounds : ( 1353.080, 497.060 ) ( 1361.080, 506.560 )


SHORT: ( Metal Short ) Special Wire of Net VDD & Pin of Cell I12/I1  ( TOP_M )
Bounds : ( 1353.080, 522.270 ) ( 1357.720, 532.310 )


SHORT: ( Metal Short ) Special Wire of Net VDD & Pin of Cell I12/I1  ( TOP_M )
Bounds : ( 1353.080, 522.540 ) ( 1361.080, 532.040 )


SHORT: ( Metal Short ) Special Wire of Net VDD & Pin of Cell I12/I1  ( TOP_M )
Bounds : ( 1353.080, 553.510 ) ( 1357.720, 563.550 )


SHORT: ( Metal Short ) Special Wire of Net VDD & Pin of Cell I12/I1  ( TOP_M )
Bounds : ( 1353.080, 553.780 ) ( 1361.080, 563.280 )


SHORT: ( Metal Short ) Special Wire of Net VDD & Pin of Cell I12/I1  ( TOP_M )
Bounds : ( 1353.080, 580.740 ) ( 1357.720, 592.285 )


SHORT: ( Metal Short ) Special Wire of Net VDD & Pin of Cell I12/I1  ( TOP_M )
Bounds : ( 1353.080, 581.010 ) ( 1361.080, 592.015 )


SHORT: ( Metal Short ) Special Wire of Net VDD & Pin of Cell I11/I1  ( TOP_M )
Bounds : ( 1360.220, 475.740 ) ( 1361.080, 487.285 )


SHORT: ( Metal Short ) Special Wire of Net VDD & Pin of Cell I11/I1  ( TOP_M )
Bounds : ( 1360.220, 496.790 ) ( 1361.080, 506.830 )


SHORT: ( Metal Short ) Special Wire of Net VDD & Pin of Cell I12/I1  ( TOP_M )
Bounds : ( 1360.220, 522.270 ) ( 1361.080, 532.310 )


SHORT: ( Metal Short ) Special Wire of Net VDD & Pin of Cell I12/I1  ( TOP_M )
Bounds : ( 1360.220, 553.510 ) ( 1361.080, 563.550 )


SHORT: ( Metal Short ) Special Wire of Net VDD & Pin of Cell I12/I1  ( TOP_M )
Bounds : ( 1360.220, 580.740 ) ( 1361.080, 592.285 )


SPACING: ( ParallelRunLength Spacing ) Regular Wire of Net VSS & Blockage of Cell I10/I1  ( M3 )
Bounds : ( 1442.490, 309.930 ) ( 1442.870, 310.040 )


MAR: ( Minimum Area ) Regular Wire of Net VSS  ( M4 )
Bounds : ( 1438.570, 309.380 ) ( 1438.950, 309.660 )


SHORT: ( Metal Short ) Regular Wire of Net VSS & Blockage of Cell I26/I1  ( M4 )
Bounds : ( 1438.570, 309.380 ) ( 1438.950, 309.660 )


SHORT: ( Metal Short ) Regular Wire of Net VSS & Blockage of Cell I26/I1  ( M4 )
Bounds : ( 1438.620, 309.330 ) ( 1438.900, 309.710 )


SHORT: ( Metal Short ) Regular Wire of Net VSS & Blockage of Cell I26/I1  ( M5 )
Bounds : ( 1438.520, 309.330 ) ( 1439.060, 309.710 )


SHORT: ( Metal Short ) Regular Wire of Net VSS & Pin of Cell I26/I1  ( TOP_M )
Bounds : ( 1431.820, 307.620 ) ( 1438.980, 308.060 )


SHORT: ( Metal Short ) Regular Wire of Net VSS & Pin of Cell I26/I1  ( TOP_M )
Bounds : ( 1431.820, 307.620 ) ( 1432.260, 308.640 )


SHORT: ( Metal Short ) Regular Wire of Net VSS & Blockage of Cell I26/I1  ( TOP_M )
Bounds : ( 1438.490, 309.370 ) ( 1439.030, 309.790 )


SHORT: ( Metal Short ) Regular Wire of Net VSS & Pin of Cell I26/I1  ( TOP_M )
Bounds : ( 1438.540, 307.620 ) ( 1438.980, 308.640 )


SPACING: ( ParallelRunLength Spacing ) Regular Wire of Net VSS & Blockage of Cell I10/I1  ( TOP_M )
Bounds : ( 1438.490, 309.790 ) ( 1439.030, 310.040 )


SHORT: ( Metal Short ) Regular Wire of Net VDD & Blockage of Cell I26/I1  ( M3 )
Bounds : ( 1418.705, 309.380 ) ( 1421.845, 309.660 )


SPACING: ( ParallelRunLength Spacing ) Regular Wire of Net VDD & Blockage of Cell I10/I1  ( M3 )
Bounds : ( 1422.325, 309.930 ) ( 1422.705, 310.040 )


SHORT: ( Metal Short ) Regular Wire of Net VSS & Blockage of Cell I10/I1  ( M4 )
Bounds : ( 1394.890, 310.500 ) ( 1395.270, 310.780 )


SHORT: ( Metal Short ) Regular Wire of Net VSS & Blockage of Cell I10/I1  ( M5 )
Bounds : ( 1394.280, 310.220 ) ( 1395.220, 310.500 )


SHORT: ( Metal Short ) Regular Wire of Net VSS & Blockage of Cell I10/I1  ( M5 )
Bounds : ( 1394.940, 310.220 ) ( 1395.220, 310.830 )


SPACING: ( ParallelRunLength Spacing ) Regular Wire of Net VDD & Blockage of Cell I26/I1  ( M2 )
Bounds : ( 1410.045, 309.120 ) ( 1410.325, 309.330 )


SHORT: ( Metal Short ) Regular Wire of Net VDD & Blockage of Cell I26/I1  ( M4 )
Bounds : ( 1407.260, 309.330 ) ( 1407.540, 309.710 )


SHORT: ( Metal Short ) Regular Wire of Net VDD & Blockage of Cell I26/I1  ( M4 )
Bounds : ( 1407.210, 309.380 ) ( 1407.590, 309.660 )


MAR: ( Minimum Area ) Regular Wire of Net VDD  ( M4 )
Bounds : ( 1407.210, 309.380 ) ( 1407.590, 309.660 )


SPACING: ( ParallelRunLength Spacing ) Regular Wire of Net VSS & Regular Wire of Net VDD  ( M5 )
Bounds : ( 1407.080, 309.330 ) ( 1407.260, 309.710 )


SPACING: ( ParallelRunLength Spacing ) Regular Wire of Net VSS & Blockage of Cell I10/I1  ( TOP_M )
Bounds : ( 1406.750, 309.790 ) ( 1407.110, 310.040 )


SPACING: ( ParallelRunLength Spacing ) Regular Wire of Net VSS  ( TOP_M )
Bounds : ( 1407.060, 308.900 ) ( 1407.130, 308.950 )


SPACING: ( ParallelRunLength Spacing ) Regular Wire of Net VSS  ( TOP_M )
Bounds : ( 1407.110, 308.950 ) ( 1407.130, 309.250 )


SPACING: ( ParallelRunLength Spacing ) Regular Wire of Net VDD & Blockage of Cell I26/I1  ( TOP_M )
Bounds : ( 1407.130, 308.950 ) ( 1407.670, 309.370 )


SHORT: ( Metal Short ) Regular Wire of Net VSS & Blockage of Cell I26/I1  ( M4 )
Bounds : ( 1405.490, 309.380 ) ( 1405.770, 310.040 )


SHORT: ( Metal Short ) Regular Wire of Net VSS & Blockage of Cell I26/I1  ( M5 )
Bounds : ( 1405.580, 309.330 ) ( 1405.860, 309.710 )


SPACING: ( ParallelRunLength Spacing ) Regular Wire of Net VSS & Blockage of Cell I26/I1  ( M3 )
Bounds : ( 1406.165, 309.940 ) ( 1406.300, 310.040 )


SHORT: ( Metal Short ) Regular Wire of Net VSS & Blockage of Cell I26/I1  ( M4 )
Bounds : ( 1405.490, 309.380 ) ( 1405.910, 309.660 )


SHORT: ( Metal Short ) Regular Wire of Net VSS & Blockage of Cell I26/I1  ( M5 )
Bounds : ( 1405.580, 309.380 ) ( 1406.980, 309.660 )


SHORT: ( Metal Short ) Regular Wire of Net VSS & Blockage of Cell I26/I1  ( M5 )
Bounds : ( 1406.600, 309.330 ) ( 1407.080, 309.710 )


SHORT: ( Metal Short ) Regular Wire of Net VSS & Blockage of Cell I26/I1  ( TOP_M )
Bounds : ( 1406.570, 309.370 ) ( 1407.110, 309.790 )


SPACING: ( ParallelRunLength Spacing ) Regular Wire of Net VSS  ( TOP_M )
Bounds : ( 1406.570, 308.900 ) ( 1407.110, 309.250 )


SHORT: ( Metal Short ) Regular Wire of Net VDD & Blockage of Cell I26/I1  ( M5 )
Bounds : ( 1407.160, 308.490 ) ( 1407.640, 308.870 )


SHORT: ( Metal Short ) Regular Wire of Net VDD & Regular Wire of Net VSS  ( TOP_M )
Bounds : ( 1406.620, 308.460 ) ( 1407.670, 308.900 )


SHORT: ( Metal Short ) Regular Wire of Net VDD & Pin of Cell I26/I1  ( TOP_M )
Bounds : ( 1407.130, 308.410 ) ( 1407.670, 308.640 )


SHORT: ( Metal Short ) Regular Wire of Net VDD & Blockage of Cell I26/I1  ( M5 )
Bounds : ( 1407.260, 308.540 ) ( 1407.540, 309.710 )


SHORT: ( Metal Short ) Regular Wire of Net VDD & Blockage of Cell I26/I1  ( M3 )
Bounds : ( 1407.210, 309.380 ) ( 1409.515, 309.660 )


SHORT: ( Metal Short ) Regular Wire of Net VSS & Blockage of Cell I26/I1  ( M3 )
Bounds : ( 1394.995, 309.670 ) ( 1396.015, 309.950 )


SPACING: ( ParallelRunLength Spacing ) Regular Wire of Net VSS & Blockage of Cell I26/I1  ( M5 )
Bounds : ( 1394.280, 310.040 ) ( 1394.760, 310.170 )


SHORT: ( Metal Short ) Regular Wire of Net VSS & Blockage of Cell I26/I1  ( M4 )
Bounds : ( 1394.940, 309.620 ) ( 1395.220, 310.040 )


SHORT: ( Metal Short ) Regular Wire of Net VSS & Blockage of Cell I26/I1  ( M3 )
Bounds : ( 1397.355, 309.670 ) ( 1404.960, 309.950 )


SPACING: ( ParallelRunLength Spacing ) Regular Wire of Net VSS & Blockage of Cell I10/I1  ( M3 )
Bounds : ( 1394.155, 309.950 ) ( 1405.770, 310.040 )


SHORT: ( Metal Short ) Regular Wire of Net VSS & Blockage of Cell I10/I1  ( M3 )
Bounds : ( 1405.440, 310.040 ) ( 1406.165, 310.220 )


SHORT: ( Metal Short ) Regular Wire of Net VSS & Blockage of Cell I10/I1  ( M4 )
Bounds : ( 1405.490, 310.040 ) ( 1405.770, 310.270 )


SHORT: ( Metal Short ) Regular Wire of Net VSS & Blockage of Cell I10/I1  ( M4 )
Bounds : ( 1394.940, 310.040 ) ( 1395.220, 310.780 )


SHORT: ( Metal Short ) Regular Wire of Net VSS & Blockage of Cell I10/I1  ( M5 )
Bounds : ( 1394.280, 310.170 ) ( 1394.760, 310.550 )


SHORT: ( Metal Short ) Regular Wire of Net VSS & Pin of Cell I10/I1  ( TOP_M )
Bounds : ( 1394.250, 310.090 ) ( 1394.790, 310.630 )


SPACING: ( ParallelRunLength Spacing ) Regular Wire of Net VSS & Blockage of Cell I26/I1  ( M5 )
Bounds : ( 1394.380, 310.040 ) ( 1395.220, 310.220 )


SHORT: ( Metal Short ) Regular Wire of Net VDD & Blockage of Cell I26/I1  ( M3 )
Bounds : ( 1410.855, 309.380 ) ( 1417.365, 309.660 )


SPACING: ( ParallelRunLength Spacing ) Regular Wire of Net VDD & Blockage of Cell I26/I1  ( M3 )
Bounds : ( 1407.210, 309.120 ) ( 1422.655, 309.380 )


SHORT: ( Metal Short ) Regular Wire of Net VSS & Blockage of Cell I26/I1  ( M3 )
Bounds : ( 1438.570, 309.380 ) ( 1442.080, 309.660 )


SPACING: ( ParallelRunLength Spacing ) Regular Wire of Net VSS & Blockage of Cell I26/I1  ( M3 )
Bounds : ( 1438.570, 309.120 ) ( 1442.820, 309.380 )


SHORT: ( Metal Short ) Special Wire of Net VDD & Pin of Cell I10/I1  ( TOP_M )
Bounds : ( 1353.080, 370.740 ) ( 1357.720, 382.285 )


SHORT: ( Metal Short ) Special Wire of Net VDD & Pin of Cell I10/I1  ( TOP_M )
Bounds : ( 1353.080, 371.010 ) ( 1361.080, 382.015 )


SHORT: ( Metal Short ) Special Wire of Net VDD & Pin of Cell I10/I1  ( TOP_M )
Bounds : ( 1360.220, 370.740 ) ( 1361.080, 382.285 )


SHORT: ( Metal Short ) Regular Wire of Net wire_wb_ack_o & Blockage of Cell I10/I1  ( M4 )
Bounds : ( 1370.250, 311.060 ) ( 1370.630, 311.340 )


SHORT: ( Metal Short ) Regular Wire of Net wire_wb_ack_o & Blockage of Cell I10/I1  ( M5 )
Bounds : ( 1370.200, 311.010 ) ( 1370.740, 311.390 )


SHORT: ( Metal Short ) Regular Wire of Net wire_wb_ack_o & Pin of Cell I10/I1  ( TOP_M )
Bounds : ( 1370.170, 310.930 ) ( 1370.710, 311.470 )


SHORT: ( Metal Short ) Regular Wire of Net wire_wb_ack_o & Pin of Cell I10/I1  ( TOP_M )
Bounds : ( 1370.220, 310.930 ) ( 1370.660, 322.340 )


SHORT: ( Metal Short ) Regular Wire of Net wire_wb_ack_o & Blockage of Cell I26/I1  ( M3 )
Bounds : ( 1370.250, 309.670 ) ( 1371.075, 309.950 )


SHORT: ( Metal Short ) Regular Wire of Net wire_wb_ack_o & Blockage of Cell I26/I1  ( M4 )
Bounds : ( 1370.300, 309.620 ) ( 1370.580, 310.040 )


SPACING: ( ParallelRunLength Spacing ) Regular Wire of Net wire_wb_ack_o & Blockage of Cell I10/I1  ( M3 )
Bounds : ( 1370.250, 309.950 ) ( 1371.915, 310.040 )


SHORT: ( Metal Short ) Regular Wire of Net VSS & Blockage of Cell I10/I1  ( TOP_M )
Bounds : ( 1386.750, 310.140 ) ( 1387.790, 310.580 )


SHORT: ( Metal Short ) Regular Wire of Net wire_wb_ack_o & Blockage of Cell I10/I1  ( M4 )
Bounds : ( 1370.300, 310.040 ) ( 1370.580, 311.340 )


SHORT: ( Metal Short ) Regular Wire of Net VSS & Blockage of Cell I10/I1  ( TOP_M )
Bounds : ( 1372.550, 310.140 ) ( 1373.590, 310.580 )


SHORT: ( Metal Short ) Regular Wire of Net VSS & Pin of Cell I10/I1  ( TOP_M )
Bounds : ( 1374.320, 310.140 ) ( 1386.020, 310.580 )


SHORT: ( Metal Short ) Regular Wire of Net VSS & Blockage of Cell I10/I1  ( M5 )
Bounds : ( 1355.740, 310.220 ) ( 1357.320, 310.500 )


SHORT: ( Metal Short ) Regular Wire of Net wire_wb_ack_o & Blockage of Cell I10/I1  ( TOP_M )
Bounds : ( 1344.250, 321.900 ) ( 1345.290, 322.340 )


SHORT: ( Metal Short ) Regular Wire of Net wire_wb_ack_o & Pin of Cell I10/I1  ( TOP_M )
Bounds : ( 1346.020, 321.900 ) ( 1357.720, 322.340 )


SHORT: ( Metal Short ) Special Wire of Net VDD & Pin of Cell I10/I1  ( TOP_M )
Bounds : ( 1353.080, 312.270 ) ( 1357.720, 322.310 )


SHORT: ( Metal Short ) Special Wire of Net VDD & Pin of Cell I10/I1  ( TOP_M )
Bounds : ( 1360.220, 312.270 ) ( 1361.080, 322.310 )


SHORT: ( Metal Short ) Special Wire of Net VDD & Pin of Cell I10/I1  ( TOP_M )
Bounds : ( 1353.080, 312.540 ) ( 1361.080, 322.310 )


SHORT: ( Metal Short ) Regular Wire of Net VDD & Blockage of Cell I26/I1  ( M5 )
Bounds : ( 1360.585, 308.490 ) ( 1361.775, 308.870 )


SHORT: ( Metal Short ) Regular Wire of Net VDD & Blockage of Cell I26/I1  ( M4 )
Bounds : ( 1360.635, 308.540 ) ( 1361.015, 308.820 )


SHORT: ( Metal Short ) Regular Wire of Net VDD & Pin of Cell I26/I1  ( TOP_M )
Bounds : ( 1360.555, 308.410 ) ( 1361.805, 308.640 )


SPACING: ( ParallelRunLength Spacing ) Regular Wire of Net VDD & Blockage of Cell I26/I1  ( M3 )
Bounds : ( 1360.635, 309.120 ) ( 1361.015, 309.380 )


SPACING: ( ParallelRunLength Spacing ) Regular Wire of Net VDD & Blockage of Cell I10/I1  ( M3 )
Bounds : ( 1360.635, 309.940 ) ( 1361.015, 310.040 )


SPACING: ( ParallelRunLength Spacing ) Regular Wire of Net VDD & Blockage of Cell I26/I1  ( TOP_M )
Bounds : ( 1360.555, 308.950 ) ( 1361.805, 309.370 )


SHORT: ( Metal Short ) Regular Wire of Net VDD & Blockage of Cell I26/I1  ( M4 )
Bounds : ( 1360.685, 308.540 ) ( 1360.965, 309.710 )


SHORT: ( Metal Short ) Regular Wire of Net VSS & Blockage of Cell I26/I1  ( M4 )
Bounds : ( 1354.910, 309.940 ) ( 1356.070, 310.040 )


SHORT: ( Metal Short ) Regular Wire of Net VSS & Blockage of Cell I26/I1  ( M5 )
Bounds : ( 1355.740, 309.890 ) ( 1356.020, 310.040 )


SHORT: ( Metal Short ) Regular Wire of Net VSS & Blockage of Cell I26/I1  ( M4 )
Bounds : ( 1354.910, 309.890 ) ( 1355.190, 310.040 )


SPACING: ( ParallelRunLength Spacing ) Regular Wire of Net VSS & Blockage of Cell I26/I1  ( M5 )
Bounds : ( 1356.840, 310.040 ) ( 1357.320, 310.170 )


SHORT: ( Metal Short ) Special Wire of Net VSS & Pin of Cell I25/I1  ( TOP_M )
Bounds : ( 1343.280, 299.140 ) ( 1350.040, 308.640 )


SHORT: ( Metal Short ) Special Wire of Net VSS & Pin of Cell I26/I1  ( TOP_M )
Bounds : ( 1350.040, 299.140 ) ( 1351.280, 308.640 )


SHORT: ( Metal Short ) Regular Wire of Net VSS & Blockage of Cell I26/I1  ( M3 )
Bounds : ( 1350.040, 309.660 ) ( 1354.400, 309.940 )


SHORT: ( Metal Short ) Regular Wire of Net VSS & Pin of Cell I10/I1  ( TOP_M )
Bounds : ( 1356.810, 310.140 ) ( 1357.720, 310.580 )


SHORT: ( Metal Short ) Regular Wire of Net VSS & Pin of Cell I10/I1  ( TOP_M )
Bounds : ( 1356.810, 310.090 ) ( 1357.350, 310.630 )


SHORT: ( Metal Short ) Regular Wire of Net VSS & Blockage of Cell I10/I1  ( M5 )
Bounds : ( 1356.840, 310.170 ) ( 1357.320, 310.550 )


SHORT: ( Metal Short ) Regular Wire of Net VSS & Blockage of Cell I10/I1  ( M5 )
Bounds : ( 1355.740, 310.040 ) ( 1356.020, 310.500 )


SHORT: ( Metal Short ) Regular Wire of Net VSS & Blockage of Cell I10/I1  ( M4 )
Bounds : ( 1354.910, 310.040 ) ( 1355.190, 310.270 )


SHORT: ( Metal Short ) Regular Wire of Net VSS & Blockage of Cell I10/I1  ( M4 )
Bounds : ( 1354.910, 310.040 ) ( 1356.070, 310.220 )


SHORT: ( Metal Short ) Regular Wire of Net VSS & Blockage of Cell I10/I1  ( M3 )
Bounds : ( 1354.860, 310.040 ) ( 1355.240, 310.220 )


SPACING: ( ParallelRunLength Spacing ) Regular Wire of Net VSS & Blockage of Cell I26/I1  ( M5 )
Bounds : ( 1355.740, 310.040 ) ( 1357.220, 310.220 )


SHORT: ( Metal Short ) Regular Wire of Net VSS & Blockage of Cell I10/I1  ( TOP_M )
Bounds : ( 1358.450, 310.140 ) ( 1359.490, 310.580 )


SHORT: ( Metal Short ) Regular Wire of Net wire_wb_ack_o & Pin of Cell I10/I1  ( TOP_M )
Bounds : ( 1346.020, 321.900 ) ( 1370.660, 322.040 )


SHORT: ( Metal Short ) Regular Wire of Net VSS & Pin of Cell I10/I1  ( TOP_M )
Bounds : ( 1360.220, 310.140 ) ( 1371.820, 310.580 )


SHORT: ( Metal Short ) Regular Wire of Net wire_wb_ack_o & Pin of Cell I10/I1  ( TOP_M )
Bounds : ( 1360.220, 321.900 ) ( 1370.660, 322.340 )


SPACING: ( ParallelRunLength Spacing ) Regular Wire of Net wire_wb_ack_o & Blockage of Cell I10/I1  ( TOP_M )
Bounds : ( 1358.450, 322.340 ) ( 1359.490, 322.770 )


SHORT: ( Metal Short ) Regular Wire of Net VSS & Blockage of Cell I10/I1  ( M5 )
Bounds : ( 1335.580, 310.220 ) ( 1336.980, 310.500 )


SHORT: ( Metal Short ) Regular Wire of Net wire_wb_ack_o & Pin of Cell I10/I1  ( TOP_M )
Bounds : ( 1315.520, 321.900 ) ( 1325.020, 322.340 )


SHORT: ( Metal Short ) Regular Wire of Net VSS & Blockage of Cell I10/I1  ( TOP_M )
Bounds : ( 1325.750, 313.500 ) ( 1326.790, 313.940 )


SHORT: ( Metal Short ) Regular Wire of Net wire_wb_ack_o & Blockage of Cell I10/I1  ( TOP_M )
Bounds : ( 1325.750, 321.900 ) ( 1326.790, 322.340 )


SHORT: ( Metal Short ) Regular Wire of Net VSS & Pin of Cell I10/I1  ( TOP_M )
Bounds : ( 1327.520, 313.500 ) ( 1335.940, 313.940 )


SHORT: ( Metal Short ) Regular Wire of Net wire_wb_ack_o & Pin of Cell I10/I1  ( TOP_M )
Bounds : ( 1327.520, 321.900 ) ( 1334.220, 322.340 )


SHORT: ( Metal Short ) Regular Wire of Net VSS & Pin of Cell I10/I1  ( TOP_M )
Bounds : ( 1335.500, 312.540 ) ( 1335.940, 313.940 )


SHORT: ( Metal Short ) Regular Wire of Net VSS & Blockage of Cell I25/I1  ( M4 )
Bounds : ( 1337.610, 309.890 ) ( 1337.890, 310.040 )


SHORT: ( Metal Short ) Regular Wire of Net VSS & Blockage of Cell I25/I1  ( M5 )
Bounds : ( 1336.700, 309.890 ) ( 1336.980, 310.040 )


SPACING: ( ParallelRunLength Spacing ) Regular Wire of Net VSS & Blockage of Cell I25/I1  ( M5 )
Bounds : ( 1335.480, 310.040 ) ( 1335.960, 310.170 )


SPACING: ( ParallelRunLength Spacing ) Regular Wire of Net VSS & Blockage of Cell I25/I1  ( TOP_M )
Bounds : ( 1335.450, 310.040 ) ( 1335.990, 310.090 )


SHORT: ( Metal Short ) Regular Wire of Net VSS & Blockage of Cell I25/I1  ( M4 )
Bounds : ( 1336.650, 309.940 ) ( 1337.890, 310.040 )


SHORT: ( Metal Short ) Regular Wire of Net VSS & Blockage of Cell I10/I1  ( M3 )
Bounds : ( 1337.560, 310.040 ) ( 1337.940, 310.220 )


SHORT: ( Metal Short ) Regular Wire of Net VSS & Blockage of Cell I10/I1  ( M4 )
Bounds : ( 1337.610, 310.040 ) ( 1337.890, 310.270 )


SHORT: ( Metal Short ) Regular Wire of Net VSS & Blockage of Cell I10/I1  ( M5 )
Bounds : ( 1335.480, 310.170 ) ( 1335.960, 310.550 )


SHORT: ( Metal Short ) Regular Wire of Net VSS & Blockage of Cell I10/I1  ( M5 )
Bounds : ( 1336.700, 310.040 ) ( 1336.980, 310.500 )


SHORT: ( Metal Short ) Regular Wire of Net VSS & Blockage of Cell I10/I1  ( TOP_M )
Bounds : ( 1335.450, 310.090 ) ( 1335.990, 310.630 )


SHORT: ( Metal Short ) Regular Wire of Net VSS & Blockage of Cell I10/I1  ( TOP_M )
Bounds : ( 1335.500, 310.140 ) ( 1335.940, 311.810 )


SPACING: ( ParallelRunLength Spacing ) Regular Wire of Net VSS & Blockage of Cell I25/I1  ( M5 )
Bounds : ( 1335.580, 310.040 ) ( 1336.980, 310.220 )


SHORT: ( Metal Short ) Regular Wire of Net VSS & Blockage of Cell I10/I1  ( M4 )
Bounds : ( 1336.650, 310.040 ) ( 1337.890, 310.220 )


SHORT: ( Metal Short ) Regular Wire of Net VDD & Blockage of Cell I10/I1  ( M4 )
Bounds : ( 1303.050, 310.500 ) ( 1303.430, 310.780 )


SHORT: ( Metal Short ) Regular Wire of Net wire_wb_ack_o & Pin of Cell I10/I1  ( TOP_M )
Bounds : ( 1303.520, 321.900 ) ( 1313.020, 322.340 )


SPACING: ( ParallelRunLength Spacing ) Regular Wire of Net VDD & Blockage of Cell I10/I1  ( M5 )
Bounds : ( 1303.380, 310.220 ) ( 1303.520, 310.830 )


SHORT: ( Metal Short ) Regular Wire of Net VDD & Blockage of Cell I10/I1  ( M5 )
Bounds : ( 1303.100, 310.220 ) ( 1303.380, 310.830 )


SHORT: ( Metal Short ) Regular Wire of Net wire_wb_ack_o & Pin of Cell I10/I1  ( TOP_M )
Bounds : ( 1291.520, 321.900 ) ( 1301.020, 322.340 )


SHORT: ( Metal Short ) Regular Wire of Net VDD & Blockage of Cell I10/I1  ( M5 )
Bounds : ( 1301.980, 310.220 ) ( 1303.380, 310.500 )


SHORT: ( Metal Short ) Regular Wire of Net VSS & Blockage of Cell I10/I1  ( TOP_M )
Bounds : ( 1301.750, 313.500 ) ( 1302.790, 313.940 )


SHORT: ( Metal Short ) Regular Wire of Net wire_wb_ack_o & Blockage of Cell I10/I1  ( TOP_M )
Bounds : ( 1301.750, 321.900 ) ( 1302.790, 322.340 )


SHORT: ( Metal Short ) Regular Wire of Net VSS & Blockage of Cell I25/I1  ( M3 )
Bounds : ( 1292.355, 309.660 ) ( 1299.960, 309.940 )


SHORT: ( Metal Short ) Regular Wire of Net VDD & Blockage of Cell I25/I1  ( M3 )
Bounds : ( 1305.855, 309.670 ) ( 1312.365, 309.950 )


SPACING: ( ParallelRunLength Spacing ) Regular Wire of Net VDD & Blockage of Cell I25/I1  ( M5 )
Bounds : ( 1301.880, 310.040 ) ( 1302.360, 310.170 )


SPACING: ( ParallelRunLength Spacing ) Regular Wire of Net VDD & Blockage of Cell I25/I1  ( TOP_M )
Bounds : ( 1301.850, 310.040 ) ( 1302.390, 310.090 )


SHORT: ( Metal Short ) Regular Wire of Net VDD & Blockage of Cell I25/I1  ( M3 )
Bounds : ( 1303.050, 309.670 ) ( 1304.515, 309.950 )


SHORT: ( Metal Short ) Regular Wire of Net VDD & Blockage of Cell I25/I1  ( M4 )
Bounds : ( 1303.100, 309.620 ) ( 1303.380, 310.040 )


SHORT: ( Metal Short ) Regular Wire of Net VDD & Blockage of Cell I10/I1  ( M4 )
Bounds : ( 1303.100, 310.040 ) ( 1303.380, 310.780 )


SPACING: ( ParallelRunLength Spacing ) Regular Wire of Net VDD & Blockage of Cell I10/I1  ( M4 )
Bounds : ( 1303.380, 310.040 ) ( 1303.520, 310.780 )


SHORT: ( Metal Short ) Regular Wire of Net VDD & Blockage of Cell I10/I1  ( M5 )
Bounds : ( 1301.880, 310.170 ) ( 1302.360, 310.550 )


SHORT: ( Metal Short ) Regular Wire of Net VDD & Blockage of Cell I10/I1  ( TOP_M )
Bounds : ( 1301.750, 310.140 ) ( 1302.340, 310.580 )


SHORT: ( Metal Short ) Regular Wire of Net VDD & Blockage of Cell I10/I1  ( TOP_M )
Bounds : ( 1301.850, 310.090 ) ( 1302.390, 310.630 )


SHORT: ( Metal Short ) Regular Wire of Net VDD & Pin of Cell I10/I1  ( TOP_M )
Bounds : ( 1291.520, 310.140 ) ( 1301.020, 310.580 )


SPACING: ( ParallelRunLength Spacing ) Regular Wire of Net VDD & Blockage of Cell I25/I1  ( M5 )
Bounds : ( 1301.980, 310.040 ) ( 1303.380, 310.220 )


SHORT: ( Metal Short ) Regular Wire of Net VDD & Blockage of Cell I25/I1  ( M3 )
Bounds : ( 1313.705, 309.670 ) ( 1316.845, 309.950 )


SHORT: ( Metal Short ) Regular Wire of Net VSS & Pin of Cell I10/I1  ( TOP_M )
Bounds : ( 1303.520, 313.500 ) ( 1325.020, 313.940 )


SHORT: ( Metal Short ) Regular Wire of Net wire_wb_ack_o & Pin of Cell I10/I1  ( TOP_M )
Bounds : ( 1303.520, 321.900 ) ( 1325.020, 322.040 )


SPACING: ( ParallelRunLength Spacing ) Regular Wire of Net VDD & Blockage of Cell I10/I1  ( M3 )
Bounds : ( 1303.050, 309.950 ) ( 1317.705, 310.040 )


SPACING: ( ParallelRunLength Spacing ) Regular Wire of Net wire_wb_ack_o & Blockage of Cell I10/I1  ( TOP_M )
Bounds : ( 1334.950, 322.340 ) ( 1336.090, 322.770 )


SPACING: ( ParallelRunLength Spacing ) Regular Wire of Net wire_wb_ack_o & Blockage of Cell I10/I1  ( TOP_M )
Bounds : ( 1313.750, 322.340 ) ( 1314.790, 322.770 )


SHORT: ( Metal Short ) Regular Wire of Net VSS & Blockage of Cell I25/I1  ( M3 )
Bounds : ( 1338.420, 309.660 ) ( 1350.040, 309.940 )


SHORT: ( Metal Short ) Regular Wire of Net wire_wb_ack_o & Pin of Cell I10/I1  ( TOP_M )
Bounds : ( 1327.520, 321.900 ) ( 1343.520, 322.040 )


SHORT: ( Metal Short ) Regular Wire of Net wire_wb_ack_o & Pin of Cell I10/I1  ( TOP_M )
Bounds : ( 1336.820, 321.900 ) ( 1343.520, 322.340 )


SPACING: ( ParallelRunLength Spacing ) Regular Wire of Net VSS & Blockage of Cell I10/I1  ( M3 )
Bounds : ( 1337.610, 309.940 ) ( 1355.190, 310.040 )


SHORT: ( Metal Short ) Special Wire of Net VDD & Pin of Cell I10/I1  ( TOP_M )
Bounds : ( 1353.080, 343.510 ) ( 1357.720, 353.550 )


SHORT: ( Metal Short ) Special Wire of Net VDD & Pin of Cell I10/I1  ( TOP_M )
Bounds : ( 1353.080, 343.780 ) ( 1361.080, 353.280 )


SHORT: ( Metal Short ) Special Wire of Net VDD & Pin of Cell I10/I1  ( TOP_M )
Bounds : ( 1360.220, 343.510 ) ( 1361.080, 353.550 )


SHORT: ( Metal Short ) Regular Wire of Net wire_wb_ack_o & Pin of Cell I10/I1  ( TOP_M )
Bounds : ( 1279.520, 321.900 ) ( 1289.020, 322.340 )


SHORT: ( Metal Short ) Regular Wire of Net VDD & Pin of Cell I10/I1  ( TOP_M )
Bounds : ( 1279.520, 311.820 ) ( 1287.780, 312.260 )


SHORT: ( Metal Short ) Regular Wire of Net wire_wb_ack_o & Blockage of Cell I10/I1  ( TOP_M )
Bounds : ( 1278.120, 321.900 ) ( 1278.790, 322.340 )


SHORT: ( Metal Short ) Regular Wire of Net VSS & Blockage of Cell I10/I1  ( TOP_M )
Bounds : ( 1278.120, 313.500 ) ( 1278.790, 313.940 )


SHORT: ( Metal Short ) Regular Wire of Net VDD & Blockage of Cell I10/I1  ( TOP_M )
Bounds : ( 1278.120, 311.820 ) ( 1278.790, 312.260 )


SHORT: ( Metal Short ) Regular Wire of Net VSS & Blockage of Cell I25/I1  ( M3 )
Bounds : ( 1277.340, 309.940 ) ( 1288.695, 310.040 )


SPACING: ( ParallelRunLength Spacing ) Regular Wire of Net VSS & Blockage of Cell I10/I1  ( M3 )
Bounds : ( 1289.020, 309.940 ) ( 1289.155, 310.040 )


SHORT: ( Metal Short ) Regular Wire of Net VDD & Pin of Cell I10/I1  ( TOP_M )
Bounds : ( 1287.340, 310.140 ) ( 1289.020, 310.580 )


SHORT: ( Metal Short ) Regular Wire of Net VDD & Pin of Cell I10/I1  ( TOP_M )
Bounds : ( 1287.340, 310.140 ) ( 1287.780, 312.260 )


SHORT: ( Metal Short ) Regular Wire of Net VSS & Blockage of Cell I10/I1  ( M3 )
Bounds : ( 1278.120, 310.040 ) ( 1289.485, 310.220 )


SHORT: ( Metal Short ) Regular Wire of Net VSS & Blockage of Cell I25/I1  ( M3 )
Bounds : ( 1289.995, 309.660 ) ( 1291.015, 309.940 )


SHORT: ( Metal Short ) Regular Wire of Net VSS & Pin of Cell I10/I1  ( TOP_M )
Bounds : ( 1279.520, 313.500 ) ( 1301.020, 313.940 )


SHORT: ( Metal Short ) Regular Wire of Net wire_wb_ack_o & Pin of Cell I10/I1  ( TOP_M )
Bounds : ( 1279.520, 321.900 ) ( 1301.020, 322.040 )


SHORT: ( Metal Short ) Regular Wire of Net VDD & Blockage of Cell I10/I1  ( TOP_M )
Bounds : ( 1289.750, 310.140 ) ( 1290.790, 310.580 )


SPACING: ( ParallelRunLength Spacing ) Regular Wire of Net VDD & Blockage of Cell I25/I1  ( TOP_M )
Bounds : ( 1287.340, 310.040 ) ( 1302.340, 310.140 )


SPACING: ( ParallelRunLength Spacing ) Regular Wire of Net wire_wb_ack_o & Blockage of Cell I10/I1  ( TOP_M )
Bounds : ( 1289.750, 322.340 ) ( 1290.790, 322.770 )


SPACING: ( ParallelRunLength Spacing ) Regular Wire of Net VSS & Blockage of Cell I10/I1  ( M3 )
Bounds : ( 1289.155, 309.940 ) ( 1300.820, 310.040 )


SHORT: ( Metal Short ) Special Wire of Net VSS & Pin of Cell I25/I1  ( TOP_M )
Bounds : ( 1343.280, 202.140 ) ( 1350.040, 213.840 )


SHORT: ( Metal Short ) Special Wire of Net VSS & Pin of Cell I25/I1  ( TOP_M )
Bounds : ( 1343.280, 216.340 ) ( 1350.040, 227.940 )


SHORT: ( Metal Short ) Special Wire of Net VSS & Pin of Cell I26/I1  ( TOP_M )
Bounds : ( 1350.040, 202.140 ) ( 1351.280, 213.840 )


SHORT: ( Metal Short ) Special Wire of Net VSS & Pin of Cell I26/I1  ( TOP_M )
Bounds : ( 1350.040, 216.340 ) ( 1351.280, 227.940 )


SHORT: ( Metal Short ) Special Wire of Net VDD & Pin of Cell I26/I1  ( TOP_M )
Bounds : ( 1353.080, 202.140 ) ( 1361.080, 209.910 )


SHORT: ( Metal Short ) Special Wire of Net VDD & Pin of Cell I26/I1  ( TOP_M )
Bounds : ( 1353.080, 211.870 ) ( 1361.080, 221.640 )


SHORT: ( Metal Short ) Special Wire of Net VDD & Pin of Cell Pcornerur/I1  ( TOP_M )
Bounds : ( 1353.120, 201.870 ) ( 1361.080, 209.640 )


SPACING: ( ParallelRunLength Spacing ) Special Wire of Net VSS & Pin of Cell I26/I1  ( TOP_M )
Bounds : ( 1351.280, 213.840 ) ( 1351.690, 214.110 )


SPACING: ( ParallelRunLength Spacing ) Special Wire of Net VSS & Pin of Cell I26/I1  ( TOP_M )
Bounds : ( 1351.280, 216.070 ) ( 1351.690, 216.340 )


SHORT: ( Metal Short ) Special Wire of Net VSS & Pin of Cell I25/I1  ( TOP_M )
Bounds : ( 1343.280, 230.440 ) ( 1350.040, 242.140 )


SHORT: ( Metal Short ) Special Wire of Net VSS & Pin of Cell I25/I1  ( TOP_M )
Bounds : ( 1343.280, 244.640 ) ( 1350.040, 251.340 )


SHORT: ( Metal Short ) Special Wire of Net VSS & Pin of Cell I25/I1  ( TOP_M )
Bounds : ( 1343.280, 244.640 ) ( 1347.540, 251.610 )


SHORT: ( Metal Short ) Special Wire of Net VSS & Pin of Cell I25/I1  ( TOP_M )
Bounds : ( 1343.280, 253.670 ) ( 1347.540, 260.640 )


SHORT: ( Metal Short ) Special Wire of Net VSS & Pin of Cell I25/I1  ( TOP_M )
Bounds : ( 1343.280, 253.940 ) ( 1350.040, 260.640 )


SHORT: ( Metal Short ) Special Wire of Net VSS & Pin of Cell I25/I1  ( TOP_M )
Bounds : ( 1343.280, 263.140 ) ( 1350.040, 272.640 )


SHORT: ( Metal Short ) Special Wire of Net VSS & Pin of Cell I25/I1  ( TOP_M )
Bounds : ( 1343.280, 275.140 ) ( 1350.040, 284.640 )


SHORT: ( Metal Short ) Special Wire of Net VSS & Pin of Cell I25/I1  ( TOP_M )
Bounds : ( 1343.280, 287.140 ) ( 1350.040, 296.640 )


SHORT: ( Metal Short ) Special Wire of Net VSS & Pin of Cell I26/I1  ( TOP_M )
Bounds : ( 1350.040, 230.440 ) ( 1351.280, 242.140 )


SHORT: ( Metal Short ) Special Wire of Net VSS & Pin of Cell I26/I1  ( TOP_M )
Bounds : ( 1350.040, 244.640 ) ( 1351.280, 251.340 )


SHORT: ( Metal Short ) Special Wire of Net VSS & Pin of Cell I26/I1  ( TOP_M )
Bounds : ( 1350.040, 253.940 ) ( 1351.280, 260.640 )


SHORT: ( Metal Short ) Special Wire of Net VSS & Pin of Cell I26/I1  ( TOP_M )
Bounds : ( 1350.040, 263.140 ) ( 1351.280, 272.640 )


SHORT: ( Metal Short ) Special Wire of Net VSS & Pin of Cell I26/I1  ( TOP_M )
Bounds : ( 1350.040, 275.140 ) ( 1351.280, 284.640 )


SHORT: ( Metal Short ) Special Wire of Net VSS & Pin of Cell I26/I1  ( TOP_M )
Bounds : ( 1350.040, 287.140 ) ( 1351.280, 296.640 )


SHORT: ( Metal Short ) Special Wire of Net VDD & Pin of Cell I26/I1  ( TOP_M )
Bounds : ( 1353.080, 235.640 ) ( 1361.080, 242.140 )


SHORT: ( Metal Short ) Special Wire of Net VDD & Pin of Cell I26/I1  ( TOP_M )
Bounds : ( 1353.080, 244.640 ) ( 1361.080, 260.640 )


SHORT: ( Metal Short ) Special Wire of Net VDD & Pin of Cell I26/I1  ( TOP_M )
Bounds : ( 1353.080, 263.140 ) ( 1361.080, 284.640 )


SHORT: ( Metal Short ) Special Wire of Net VDD & Pin of Cell I26/I1  ( TOP_M )
Bounds : ( 1353.080, 287.140 ) ( 1361.080, 308.640 )


SPACING: ( ParallelRunLength Spacing ) Regular Wire of Net VSS & Blockage of Cell I26/I1  ( TOP_M )
Bounds : ( 1356.860, 310.040 ) ( 1394.740, 310.140 )


SHORT: ( Metal Short ) Regular Wire of Net VSS & Pin of Cell I10/I1  ( TOP_M )
Bounds : ( 1388.520, 310.140 ) ( 1394.790, 310.580 )


SHORT: ( Metal Short ) Regular Wire of Net VSS & Pin of Cell I26/I1  ( TOP_M )
Bounds : ( 1353.080, 308.460 ) ( 1432.260, 308.640 )


SHORT: ( Metal Short ) Special Wire of Net VSS & Pin of Cell I25/I1  ( TOP_M )
Bounds : ( 1343.280, 169.640 ) ( 1350.040, 179.640 )


SHORT: ( Metal Short ) Special Wire of Net VSS & Pin of Cell I25/I1  ( TOP_M )
Bounds : ( 1343.280, 169.640 ) ( 1345.600, 179.910 )


SHORT: ( Metal Short ) Special Wire of Net VSS & Pin of Cell I25/I1  ( TOP_M )
Bounds : ( 1343.280, 181.870 ) ( 1345.600, 187.410 )


SHORT: ( Metal Short ) Special Wire of Net VSS & Pin of Cell I25/I1  ( TOP_M )
Bounds : ( 1343.280, 182.140 ) ( 1350.040, 187.140 )


SHORT: ( Metal Short ) Special Wire of Net VSS & Pin of Cell I26/I1  ( TOP_M )
Bounds : ( 1350.040, 169.640 ) ( 1351.280, 179.640 )


SHORT: ( Metal Short ) Special Wire of Net VSS & Pin of Cell I26/I1  ( TOP_M )
Bounds : ( 1350.040, 182.140 ) ( 1351.280, 187.140 )


SHORT: ( Metal Short ) Special Wire of Net VDD & Pin of Cell I26/I1  ( TOP_M )
Bounds : ( 1353.080, 187.870 ) ( 1361.080, 197.640 )


SHORT: ( Metal Short ) Special Wire of Net VSS & Pin of Cell I25/I1  ( TOP_M )
Bounds : ( 1343.280, 189.370 ) ( 1345.600, 199.640 )


SHORT: ( Metal Short ) Special Wire of Net VSS & Pin of Cell I25/I1  ( TOP_M )
Bounds : ( 1343.280, 189.640 ) ( 1350.040, 199.640 )


SHORT: ( Metal Short ) Special Wire of Net VSS & Pin of Cell I26/I1  ( TOP_M )
Bounds : ( 1350.040, 189.640 ) ( 1351.280, 199.640 )


SHORT: ( Metal Short ) Special Wire of Net VDD & Pin of Cell I10/I1  ( TOP_M )
Bounds : ( 1353.080, 391.790 ) ( 1357.720, 401.830 )


SHORT: ( Metal Short ) Special Wire of Net VDD & Pin of Cell I10/I1  ( TOP_M )
Bounds : ( 1353.080, 392.060 ) ( 1361.080, 401.560 )


SHORT: ( Metal Short ) Special Wire of Net VDD & Pin of Cell I10/I1  ( TOP_M )
Bounds : ( 1360.220, 391.790 ) ( 1361.080, 401.830 )


SPACING: ( ParallelRunLength Spacing ) Special Wire of Net VSS & Pin of Cell Pcornerul/I1  ( TOP_M )
Bounds : ( 127.140, 235.040 ) ( 131.460, 235.500 )


SHORT: ( Metal Short ) Special Wire of Net VDD & Pin of Cell PAD_I3/I1  ( TOP_M )
Bounds : ( 1353.080, 789.950 ) ( 1357.720, 799.990 )


SHORT: ( Metal Short ) Special Wire of Net VDD & Pin of Cell PAD_I3/I1  ( TOP_M )
Bounds : ( 1353.080, 790.220 ) ( 1361.080, 799.720 )


SHORT: ( Metal Short ) Special Wire of Net VDD & Pin of Cell PAD_I3/I1  ( TOP_M )
Bounds : ( 1360.220, 789.950 ) ( 1361.080, 799.990 )


  Total Violations : 544 Viols.
