 ------------------------------------------------------------------------------------------------------------------------------------------------------- 
| Snapshot                | WNS                  | TNS                  | Density (%) | Hotspot                   | Resource               | DRVs       |
|                         | HEPG (ns) | ALL (ns) | HEPG (ns) | ALL (ns) |             | Max (bins) | Total (bins) | Real (s) | Memory (MB) | Tran | Cap |
|-------------------------+-----------+----------+-----------+----------+-------------+------------+--------------+----------+-------------+------+-----|
| initial_summary         |           |          |           |          |        0.01 |            |              | 0:00:00  |        3637 |    0 |  35 |
| simplify_netlist        |           |          |           |          |             |            |              | 0:00:02  |        3638 |      |     |
| drv_fixing              |           |          |           |          |             |            |              | 0:00:02  |        3638 |      |     |
| drv_fixing_2            |     0.000 |    0.000 |         0 |        0 |        0.01 |            |              | 0:00:02  |        3694 |    0 |   0 |
| global_opt              |           |    0.000 |           |        0 |        0.01 |            |              | 0:00:02  |        3705 |      |     |
| area_reclaiming         |     0.000 |    0.000 |         0 |        0 |        0.01 |            |              | 0:00:01  |        3708 |      |     |
| incremental_replacement |           |          |           |          |             |      11.88 |        11.88 | 0:00:21  |        3845 |      |     |
| tns_fixing              |     0.000 |    0.000 |         0 |        0 |        0.01 |            |              | 0:00:03  |        3970 |      |     |
| wns_fixing              |     0.000 |    0.000 |         0 |        0 |        0.01 |            |              | 0:00:02  |        3970 |      |     |
| tns_fixing_2            |     0.000 |    0.000 |         0 |        0 |        0.01 |            |              | 0:00:02  |        3970 |      |     |
| area_reclaiming_2       |     0.000 |    0.000 |         0 |        0 |        0.01 |            |              | 0:00:02  |        3776 |      |     |
| drv_eco_fixing          |     0.000 |    0.000 |         0 |        0 |        0.01 |            |              | 0:00:01  |        3802 |    0 |   0 |
| tns_eco_fixing          |     0.000 |    0.000 |         0 |        0 |        0.01 |            |              | 0:00:01  |        4020 |      |     |
| final_summary           |           |    0.000 |           |        0 |        0.01 |            |              | 0:00:02  |        3783 |    0 |   0 |
 ------------------------------------------------------------------------------------------------------------------------------------------------------- 
