 ------------------------------------------------------------------------------------------------------------------------------------------------------- 
| Snapshot                | WNS                  | TNS                  | Density (%) | Hotspot                   | Resource               | DRVs       |
|                         | HEPG (ns) | ALL (ns) | HEPG (ns) | ALL (ns) |             | Max (bins) | Total (bins) | Real (s) | Memory (MB) | Tran | Cap |
|-------------------------+-----------+----------+-----------+----------+-------------+------------+--------------+----------+-------------+------+-----|
| initial_summary         |     9.883 |    9.883 |           |        0 |        1.27 |            |              | 0:00:01  |        2977 |    2 |   1 |
| route_type_refinement   |           |          |           |          |             |            |              | 0:00:01  |        2980 |      |     |
| simplify_netlist        |           |          |           |          |             |            |              | 0:00:01  |        2997 |      |     |
| excluded_clk_net_fixing |           |          |           |          |             |            |              | 0:00:01  |        2997 |      |     |
| drv_fixing              |     9.883 |    9.883 |         0 |        0 |        1.26 |            |              | 0:00:02  |        2985 |    0 |   0 |
| global_opt              |           |    9.883 |           |        0 |        1.26 |            |              | 0:00:02  |        2983 |      |     |
| area_reclaiming         |     9.883 |    9.883 |         0 |        0 |        1.26 |            |              | 0:00:02  |        2987 |      |     |
| area_reclaiming_2       |     9.883 |    9.883 |         0 |        0 |        1.26 |            |              | 0:00:02  |        2987 |      |     |
| local_wire_reclaim      |           |          |           |          |             |            |              | 0:00:01  |        2974 |      |     |
| global_route            |           |          |           |          |             |       0.00 |         0.00 | 0:00:01  |        2972 |      |     |
| route_type_refinement_2 |           |          |           |          |             |            |              | 0:00:00  |        2972 |      |     |
| drv_eco_fixing          |    10.144 |   10.144 |         0 |        0 |        1.26 |            |              | 0:00:00  |        2988 |    0 |   0 |
| final_summary           |    10.144 |   10.144 |           |        0 |        1.26 |            |              | 0:00:02  |        2989 |    0 |   0 |
 ------------------------------------------------------------------------------------------------------------------------------------------------------- 
