 
****************************************
Report : Scan path
Design : i2c_master_top
Version: U-2022.12
Date   : Sat Jun 27 15:03:41 2026
****************************************

========================================
TEST MODE: Internal_scan
VIEW     : Specification
========================================
No scan path defined in this mode.

 
****************************************
Report : Scan path
Design : i2c_master_top
Version: U-2022.12
Date   : Sat Jun 27 15:03:41 2026
****************************************

========================================
TEST MODE: Internal_scan
VIEW     : Existing DFT
========================================

========================================
AS SPECIFIED BY USER
========================================


========================================
AS BUILT BY insert_dft
========================================

Scan_path    Len   ScanDataIn  ScanDataOut ScanEnable  MasterClock SlaveClock
-----------  ----- ----------- ----------- ----------- ----------- -----------
I 1          31    test_si1    test_so1    test_se     wb_clk_i    -
I 2          31    test_si2    test_so2    test_se     wb_clk_i    -
I 3          31    test_si3    sda_padoen_o test_se    wb_clk_i    -
I 4          30    test_si4    test_so4    test_se     wb_clk_i    -
I 5          30    test_si5    wb_inta_o   test_se     wb_clk_i    -

========================================
TEST MODE: Internal_scan
VIEW     : Existing DFT
========================================

========================================
AS SPECIFIED BY USER
========================================


========================================
AS BUILT BY insert_dft
========================================

Scan_path     Cell_#    Instance_name            Clocks
---------     ------    -------------            ------
I 1           0         al_reg                   wb_clk_i 
              1         byte_controller/ack_out_reg
              2         byte_controller/bit_controller/al_reg
              3         byte_controller/bit_controller/busy_reg
              4         byte_controller/bit_controller/cSCL_reg[0]
              5         byte_controller/bit_controller/cSCL_reg[1]
              6         byte_controller/bit_controller/cSDA_reg[0]
              7         byte_controller/bit_controller/cSDA_reg[1]
              8         byte_controller/bit_controller/c_state_reg[0]
              9         byte_controller/bit_controller/c_state_reg[1]
              10        byte_controller/bit_controller/c_state_reg[2]
              11        byte_controller/bit_controller/c_state_reg[3]
              12        byte_controller/bit_controller/c_state_reg[4]
              13        byte_controller/bit_controller/c_state_reg[5]
              14        byte_controller/bit_controller/c_state_reg[6]
              15        byte_controller/bit_controller/c_state_reg[7]
              16        byte_controller/bit_controller/c_state_reg[8]
              17        byte_controller/bit_controller/c_state_reg[9]
              18        byte_controller/bit_controller/c_state_reg[10]
              19        byte_controller/bit_controller/c_state_reg[11]
              20        byte_controller/bit_controller/c_state_reg[12]
              21        byte_controller/bit_controller/c_state_reg[13]
              22        byte_controller/bit_controller/c_state_reg[14]
              23        byte_controller/bit_controller/c_state_reg[15]
              24        byte_controller/bit_controller/c_state_reg[16]
              25        byte_controller/bit_controller/clk_en_reg
              26        byte_controller/bit_controller/cmd_ack_reg
              27        byte_controller/bit_controller/cmd_stop_reg
              28        byte_controller/bit_controller/cnt_reg[0]
              29        byte_controller/bit_controller/cnt_reg[1]
              30        byte_controller/bit_controller/cnt_reg[2]
I 2           0         byte_controller/bit_controller/cnt_reg[3] wb_clk_i 
              1         byte_controller/bit_controller/cnt_reg[4]
              2         byte_controller/bit_controller/cnt_reg[5]
              3         byte_controller/bit_controller/cnt_reg[6]
              4         byte_controller/bit_controller/cnt_reg[7]
              5         byte_controller/bit_controller/cnt_reg[8]
              6         byte_controller/bit_controller/cnt_reg[9]
              7         byte_controller/bit_controller/cnt_reg[10]
              8         byte_controller/bit_controller/cnt_reg[11]
              9         byte_controller/bit_controller/cnt_reg[12]
              10        byte_controller/bit_controller/cnt_reg[13]
              11        byte_controller/bit_controller/cnt_reg[14]
              12        byte_controller/bit_controller/cnt_reg[15]
              13        byte_controller/bit_controller/dSCL_reg
              14        byte_controller/bit_controller/dSDA_reg
              15        byte_controller/bit_controller/dout_reg
              16        byte_controller/bit_controller/dscl_oen_reg
              17        byte_controller/bit_controller/fSCL_reg[0]
              18        byte_controller/bit_controller/fSCL_reg[1]
              19        byte_controller/bit_controller/fSCL_reg[2]
              20        byte_controller/bit_controller/fSDA_reg[0]
              21        byte_controller/bit_controller/fSDA_reg[1]
              22        byte_controller/bit_controller/fSDA_reg[2]
              23        byte_controller/bit_controller/filter_cnt_reg[0]
              24        byte_controller/bit_controller/filter_cnt_reg[1]
              25        byte_controller/bit_controller/filter_cnt_reg[2]
              26        byte_controller/bit_controller/filter_cnt_reg[3]
              27        byte_controller/bit_controller/filter_cnt_reg[4]
              28        byte_controller/bit_controller/filter_cnt_reg[5]
              29        byte_controller/bit_controller/filter_cnt_reg[6]
              30        byte_controller/bit_controller/filter_cnt_reg[7]
I 3           0         byte_controller/bit_controller/filter_cnt_reg[8] wb_clk_i 
              1         byte_controller/bit_controller/filter_cnt_reg[9]
              2         byte_controller/bit_controller/filter_cnt_reg[10]
              3         byte_controller/bit_controller/filter_cnt_reg[11]
              4         byte_controller/bit_controller/filter_cnt_reg[12]
              5         byte_controller/bit_controller/filter_cnt_reg[13]
              6         byte_controller/bit_controller/sSCL_reg
              7         byte_controller/bit_controller/sSDA_reg
              8         byte_controller/bit_controller/scl_oen_reg
              9         byte_controller/bit_controller/sda_chk_reg
              10        byte_controller/bit_controller/slave_wait_reg
              11        byte_controller/bit_controller/sta_condition_reg
              12        byte_controller/bit_controller/sto_condition_reg
              13        byte_controller/c_state_reg[0]
              14        byte_controller/c_state_reg[1]
              15        byte_controller/c_state_reg[2]
              16        byte_controller/c_state_reg[3]
              17        byte_controller/c_state_reg[4]
              18        byte_controller/cmd_ack_reg
              19        byte_controller/core_cmd_reg[0]
              20        byte_controller/core_cmd_reg[1]
              21        byte_controller/core_cmd_reg[2]
              22        byte_controller/core_cmd_reg[3]
              23        byte_controller/core_txd_reg
              24        byte_controller/dcnt_reg[0]
              25        byte_controller/dcnt_reg[1]
              26        byte_controller/dcnt_reg[2]
              27        byte_controller/ld_reg
              28        byte_controller/shift_reg
              29        byte_controller/sr_reg[0]
              30        byte_controller/bit_controller/sda_oen_reg
I 4           0         byte_controller/sr_reg[1] wb_clk_i 
              1         byte_controller/sr_reg[2]
              2         byte_controller/sr_reg[3]
              3         byte_controller/sr_reg[4]
              4         byte_controller/sr_reg[5]
              5         byte_controller/sr_reg[6]
              6         byte_controller/sr_reg[7]
              7         cr_reg[0]
              8         cr_reg[1]
              9         cr_reg[2]
              10        cr_reg[3]
              11        cr_reg[4]
              12        cr_reg[5]
              13        cr_reg[6]
              14        cr_reg[7]
              15        ctr_reg[0]
              16        ctr_reg[1]
              17        ctr_reg[2]
              18        ctr_reg[3]
              19        ctr_reg[4]
              20        ctr_reg[5]
              21        ctr_reg[6]
              22        ctr_reg[7]
              23        irq_flag_reg
              24        prer_reg[0]
              25        prer_reg[1]
              26        prer_reg[2]
              27        prer_reg[3]
              28        prer_reg[4]
              29        prer_reg[5]
I 5           0         prer_reg[6]              wb_clk_i 
              1         prer_reg[7]
              2         prer_reg[8]
              3         prer_reg[9]
              4         prer_reg[10]
              5         prer_reg[11]
              6         prer_reg[12]
              7         prer_reg[13]
              8         prer_reg[14]
              9         prer_reg[15]
              10        rxack_reg
              11        tip_reg
              12        txr_reg[0]
              13        txr_reg[1]
              14        txr_reg[2]
              15        txr_reg[3]
              16        txr_reg[4]
              17        txr_reg[5]
              18        txr_reg[6]
              19        txr_reg[7]
              20        wb_ack_o_reg
              21        wb_dat_o_reg[0]
              22        wb_dat_o_reg[1]
              23        wb_dat_o_reg[2]
              24        wb_dat_o_reg[3]
              25        wb_dat_o_reg[4]
              26        wb_dat_o_reg[5]
              27        wb_dat_o_reg[6]
              28        wb_dat_o_reg[7]
              29        wb_inta_o_reg

1
