 ------------------------------------------------------------------------------------------------------------------------------------------------------- 
| Snapshot                | WNS                  | TNS                  | Density (%) | Hotspot                   | Resource               | DRVs       |
|                         | HEPG (ns) | ALL (ns) | HEPG (ns) | ALL (ns) |             | Max (bins) | Total (bins) | Real (s) | Memory (MB) | Tran | Cap |
|-------------------------+-----------+----------+-----------+----------+-------------+------------+--------------+----------+-------------+------+-----|
| initial_summary         |     9.903 |    9.903 |           |        0 |        1.27 |            |              | 0:00:01  |        3069 |    2 |   1 |
| route_type_refinement   |           |          |           |          |             |            |              | 0:00:01  |        3069 |      |     |
| simplify_netlist        |           |          |           |          |             |            |              | 0:00:02  |        3085 |      |     |
| excluded_clk_net_fixing |           |          |           |          |             |            |              | 0:00:00  |        3085 |      |     |
| drv_fixing              |     9.903 |    9.903 |         0 |        0 |        1.26 |            |              | 0:00:03  |        3072 |    0 |   0 |
| global_opt              |           |    9.903 |           |        0 |        1.26 |            |              | 0:00:02  |        3070 |      |     |
| area_reclaiming         |     9.903 |    9.903 |         0 |        0 |        1.26 |            |              | 0:00:02  |        3070 |      |     |
| area_reclaiming_2       |     9.903 |    9.903 |         0 |        0 |        1.26 |            |              | 0:00:02  |        3071 |      |     |
| local_wire_reclaim      |           |          |           |          |             |            |              | 0:00:01  |        3067 |      |     |
| global_route            |           |          |           |          |             |       0.00 |         0.00 | 0:00:00  |        3062 |      |     |
| route_type_refinement_2 |           |          |           |          |             |            |              | 0:00:00  |        3062 |      |     |
| drv_eco_fixing          |    10.030 |   10.030 |         0 |        0 |        1.26 |            |              | 0:00:00  |        3081 |    0 |   0 |
| final_summary           |    10.031 |   10.031 |           |        0 |        1.26 |            |              | 0:00:02  |        3083 |    0 |   0 |
 ------------------------------------------------------------------------------------------------------------------------------------------------------- 
