 
****************************************
Report : area
Design : i2c_master_top
Version: U-2022.12
Date   : Tue Jun 16 12:02:07 2026
****************************************

Library(s) Used:

    tsl18fs120_typ (File: /tools/kits/tower/PDK_TS18SL/FS120_STD_Cells_0_18um_2005_12/DW_TOWER_tsl18fs120/2005.12/synopsys/2004.12/models/tsl18fs120_typ.db)

Number of ports:                          185
Number of nets:                           735
Number of cells:                          569
Number of combinational cells:            408
Number of sequential cells:               153
Number of macros/black boxes:               0
Number of buf/inv:                         98
Number of references:                      22

Combinational area:                532.250000
Buf/Inv area:                       56.250000
Noncombinational area:             885.500000
Macro/Black Box area:                0.000000
Net Interconnect area:             397.673523

Total cell area:                  1417.750000
Total area:                       1815.423523
1
