 ------------------------------------------------------------------------------------------------------------------------------------------------------- 
| Snapshot                | WNS                  | TNS                  | Density (%) | Hotspot                   | Resource               | DRVs       |
|                         | HEPG (ns) | ALL (ns) | HEPG (ns) | ALL (ns) |             | Max (bins) | Total (bins) | Real (s) | Memory (MB) | Tran | Cap |
|-------------------------+-----------+----------+-----------+----------+-------------+------------+--------------+----------+-------------+------+-----|
| initial_summary         |           |          |           |          |        0.01 |            |              | 0:00:01  |        3818 |    0 |   0 |
| route_type_refinement   |           |          |           |          |             |            |              | 0:00:00  |        3818 |      |     |
| simplify_netlist        |           |          |           |          |             |            |              | 0:00:02  |        3817 |      |     |
| drv_fixing              |           |          |           |          |             |            |              | 0:00:01  |        3817 |      |     |
| global_opt              |           |    0.000 |           |        0 |        0.01 |            |              | 0:00:02  |        3815 |      |     |
| area_reclaiming         |     0.000 |    0.000 |         0 |        0 |        0.01 |            |              | 0:00:02  |        3819 |      |     |
| incremental_replacement |           |          |           |          |             |      11.88 |        11.88 | 0:00:24  |        3950 |      |     |
| tns_fixing              |     0.000 |    0.000 |         0 |        0 |        0.01 |            |              | 0:00:02  |        4037 |      |     |
| wns_fixing              |     0.000 |    0.000 |         0 |        0 |        0.01 |            |              | 0:00:02  |        4038 |      |     |
| tns_fixing_2            |     0.000 |    0.000 |         0 |        0 |        0.01 |            |              | 0:00:02  |        4037 |      |     |
| area_reclaiming_2       |     0.000 |    0.000 |         0 |        0 |        0.01 |            |              | 0:00:02  |        3843 |      |     |
| drv_eco_fixing          |     0.000 |    0.000 |         0 |        0 |        0.01 |            |              | 0:00:01  |        3869 |    0 |   0 |
| tns_eco_fixing          |     0.000 |    0.000 |         0 |        0 |        0.01 |            |              | 0:00:01  |        4088 |      |     |
| final_summary           |           |    0.000 |           |        0 |        0.01 |            |              | 0:00:02  |        3849 |    0 |   0 |
 ------------------------------------------------------------------------------------------------------------------------------------------------------- 
